INFO mlfcs.fitting.fitter: Preparing independent FC2 fitting parameterization
INFO mlfcs.interactions.space: Creating reference supercell with matrix [[2, 0, 0], [0, 2, 0], [0, 0, 3]]
INFO mlfcs.interactions.space: 10 primitive atoms, 120 supercell atoms
INFO mlfcs.interactions.space: Resolving the interaction cutoff
INFO mlfcs.interactions.space: Cutoff radius: 6.0000000000 Å
INFO mlfcs.interactions.space: Analyzing crystal symmetries
INFO mlfcs.interactions.space: Space group Cmcm
INFO mlfcs.interactions.space: 8 symmetry operations
INFO mlfcs.interactions.space: Finding symmetry-inequivalent order-2 interaction clusters
INFO mlfcs.interactions.space: 32 cluster equivalence classes
INFO mlfcs.interactions.space: 188 independent tensor parameters
INFO mlfcs.fitting.fitter: - FC2: 32 orbits, 188 parameters
INFO mlfcs.fitting.fitter: - Joint parameter count: 188
INFO mlfcs.phonon.sampling.structures: Generated 100 gaussian perturbation structures
INFO mlfcs.phonon.sscha.solver: SSCHA iteration 0/30: cartesian sampling
INFO mlfcs.fitting.linear_solvers: Explicit constraint parameterization: 188 -> 172 parameters in 49 blocks, rank=16, nnz=424
INFO mlfcs.fitting.design_operator: - Compiled design plan: 1 orders, 32 orbits, 286 image pairs, 0.2 MiB arrays
INFO mlfcs.fitting.gram.builder: Accumulating streamed Gram system: 172 x 172 (0.2 MiB) over 100 snapshots, backend=Numba design + OpenBLAS Gram
INFO mlfcs.fitting.gram.builder: - Gram structures: 1/100, elapsed=0.83 s
INFO mlfcs.fitting.gram.builder: - Gram structures: 20/100, elapsed=2.10 s
INFO mlfcs.fitting.gram.builder: - Gram structures: 40/100, elapsed=3.01 s
INFO mlfcs.fitting.gram.builder: - Gram structures: 60/100, elapsed=3.75 s
INFO mlfcs.fitting.gram.builder: - Gram structures: 80/100, elapsed=4.40 s
INFO mlfcs.fitting.gram.builder: - Gram structures: 100/100, elapsed=5.06 s
INFO mlfcs.fitting.gram.builder: - Streamed Gram system ready in 5.06 s
INFO mlfcs.fitting.gram.builder: - Gram phase timing: design=2.38 s, reduction=0.04 s, BLAS=2.64 s
INFO mlfcs.fitting.fitter: Constraint system: 16 rows after duplicate removal (90 ASR before compression)
INFO mlfcs.fitting.fitter: Column-norm preconditioning in constrained coordinates
INFO mlfcs.fitting.fitter: - Inverse column scale: 3.545539e-01 to 1.749126e+00
INFO mlfcs.fitting.fitter: Solving the force-only least-squares problem with streamed Gram
INFO mlfcs.fitting.fitter: - Equations: 36000, unknowns: 172
INFO mlfcs.fitting.fitter: - Maximum joint constraint residual: 3.998538e-16
INFO mlfcs.fitting.fitter: Force fitting summary
INFO mlfcs.fitting.fitter: - Training relative error: 5.286301 %
INFO mlfcs.fitting.fitter: - Training force RMSE: 4.3571711668e-03 eV/Å
INFO mlfcs.fitting.fitter: - Independent Gram statistics: one compiled design plan
INFO mlfcs.fitting.fitter: - Solver iterations=30, stop_code=0
INFO mlfcs.fitting.fitter: Expanding fitted Taylor parameters into sparse physical IFCs
INFO mlfcs.fitting.fitter: - Expanded 286 sparse tensors in 0.01 s
WARNING mlfcs.phonon.sampling.harmonic: Imaginary harmonic modes use policy 'absolute'; frequencies below 1.000e-06 THz will not raise an exception
INFO mlfcs.phonon.sscha.solver: - Fitting relative force error: 5.286301 %
INFO mlfcs.force_constants.realization: Export view cache miss; constructing new view
WARNING mlfcs.phonon.sampling.harmonic: Imaginary harmonic modes use policy 'absolute'; frequencies below 1.000e-06 THz will not raise an exception
INFO mlfcs.phonon.sampling.structures: Generated 100 harmonic perturbation structures
INFO mlfcs.phonon.sampling.structures: Harmonic sampling: qpoints=12, sampled_modes=357/357, minimum_frequency=0.46550294 THz
INFO mlfcs.phonon.sscha.solver: SSCHA iteration 1/30: canonical sampling
INFO mlfcs.phonon.sscha.solver: q points: 12
INFO mlfcs.phonon.sscha.solver: - sampled modes: 357/357, imaginary=0, excluded=0
INFO mlfcs.phonon.sscha.solver: - maximum sampled atomic displacement: 0.76433161 Å
INFO mlfcs.phonon.sscha.solver: maximum displacement limit: disabled
INFO mlfcs.fitting.linear_solvers: Explicit constraint parameterization: 188 -> 172 parameters in 49 blocks, rank=16, nnz=424
INFO mlfcs.fitting.design_operator: - Compiled design plan: 1 orders, 32 orbits, 286 image pairs, 0.2 MiB arrays
INFO mlfcs.fitting.gram.builder: Accumulating streamed Gram system: 172 x 172 (0.2 MiB) over 100 snapshots, backend=Numba design + OpenBLAS Gram
INFO mlfcs.fitting.gram.builder: - Gram structures: 1/100, elapsed=0.03 s
INFO mlfcs.fitting.gram.builder: - Gram structures: 20/100, elapsed=0.66 s
INFO mlfcs.fitting.gram.builder: - Gram structures: 40/100, elapsed=1.29 s
INFO mlfcs.fitting.gram.builder: - Gram structures: 60/100, elapsed=2.08 s
INFO mlfcs.fitting.gram.builder: - Gram structures: 80/100, elapsed=2.71 s
INFO mlfcs.fitting.gram.builder: - Gram structures: 100/100, elapsed=3.34 s
INFO mlfcs.fitting.gram.builder: - Streamed Gram system ready in 3.34 s
INFO mlfcs.fitting.gram.builder: - Gram phase timing: design=1.20 s, reduction=0.04 s, BLAS=2.11 s
INFO mlfcs.fitting.fitter: Constraint system: 16 rows after duplicate removal (90 ASR before compression)
INFO mlfcs.fitting.fitter: Column-norm preconditioning in constrained coordinates
INFO mlfcs.fitting.fitter: - Inverse column scale: 1.905958e-02 to 2.010346e-01
INFO mlfcs.fitting.fitter: Solving the force-only least-squares problem with streamed Gram
INFO mlfcs.fitting.fitter: - Equations: 36000, unknowns: 172
INFO mlfcs.fitting.fitter: - Maximum joint constraint residual: 2.775558e-16
INFO mlfcs.fitting.fitter: Force fitting summary
INFO mlfcs.fitting.fitter: - Training relative error: 49.568685 %
INFO mlfcs.fitting.fitter: - Training force RMSE: 1.7534989708e-01 eV/Å
INFO mlfcs.fitting.fitter: - Independent Gram statistics: one compiled design plan
INFO mlfcs.fitting.fitter: - Solver iterations=108, stop_code=0
INFO mlfcs.fitting.fitter: Expanding fitted Taylor parameters into sparse physical IFCs
INFO mlfcs.fitting.fitter: - Expanded 286 sparse tensors in 0.00 s
INFO mlfcs.phonon.sscha.solver: - Fitting relative force error: 49.568685 %
INFO mlfcs.phonon.sscha.solver: Relative FC2 change: 7.510148e-02
INFO mlfcs.phonon.sscha.solver: - Variational free-energy estimate: -5.6385062253e-01 +/- 2.866e-03 eV/primitive cell
INFO mlfcs.force_constants.realization: Export view cache miss; constructing new view
WARNING mlfcs.phonon.sampling.harmonic: Imaginary harmonic modes use policy 'absolute'; frequencies below 1.000e-06 THz will not raise an exception
INFO mlfcs.phonon.sampling.structures: Generated 100 harmonic perturbation structures
INFO mlfcs.phonon.sampling.structures: Harmonic sampling: qpoints=12, sampled_modes=357/357, minimum_frequency=0.66450512 THz
INFO mlfcs.phonon.sscha.solver: SSCHA iteration 2/30: canonical sampling
INFO mlfcs.phonon.sscha.solver: q points: 12
INFO mlfcs.phonon.sscha.solver: - sampled modes: 357/357, imaginary=0, excluded=0
INFO mlfcs.phonon.sscha.solver: - maximum sampled atomic displacement: 0.57087678 Å
INFO mlfcs.phonon.sscha.solver: maximum displacement limit: disabled
INFO mlfcs.fitting.linear_solvers: Explicit constraint parameterization: 188 -> 172 parameters in 49 blocks, rank=16, nnz=424
INFO mlfcs.fitting.design_operator: - Compiled design plan: 1 orders, 32 orbits, 286 image pairs, 0.2 MiB arrays
INFO mlfcs.fitting.gram.builder: Accumulating streamed Gram system: 172 x 172 (0.2 MiB) over 100 snapshots, backend=Numba design + OpenBLAS Gram
INFO mlfcs.fitting.gram.builder: - Gram structures: 1/100, elapsed=0.05 s
INFO mlfcs.fitting.gram.builder: - Gram structures: 20/100, elapsed=1.05 s
INFO mlfcs.fitting.gram.builder: - Gram structures: 40/100, elapsed=2.27 s
INFO mlfcs.fitting.gram.builder: - Gram structures: 60/100, elapsed=3.44 s
INFO mlfcs.fitting.gram.builder: - Gram structures: 80/100, elapsed=4.50 s
INFO mlfcs.fitting.gram.builder: - Gram structures: 100/100, elapsed=5.62 s
INFO mlfcs.fitting.gram.builder: - Streamed Gram system ready in 5.62 s
INFO mlfcs.fitting.gram.builder: - Gram phase timing: design=1.85 s, reduction=0.04 s, BLAS=3.72 s
INFO mlfcs.fitting.fitter: Constraint system: 16 rows after duplicate removal (90 ASR before compression)
INFO mlfcs.fitting.fitter: Column-norm preconditioning in constrained coordinates
INFO mlfcs.fitting.fitter: - Inverse column scale: 2.705848e-02 to 2.488888e-01
INFO mlfcs.fitting.fitter: Solving the force-only least-squares problem with streamed Gram
INFO mlfcs.fitting.fitter: - Equations: 36000, unknowns: 172
INFO mlfcs.fitting.fitter: - Maximum joint constraint residual: 3.469447e-16
INFO mlfcs.fitting.fitter: Force fitting summary
INFO mlfcs.fitting.fitter: - Training relative error: 29.753957 %
INFO mlfcs.fitting.fitter: - Training force RMSE: 9.4982631555e-02 eV/Å
INFO mlfcs.fitting.fitter: - Independent Gram statistics: one compiled design plan
INFO mlfcs.fitting.fitter: - Solver iterations=75, stop_code=0
INFO mlfcs.fitting.fitter: Expanding fitted Taylor parameters into sparse physical IFCs
INFO mlfcs.fitting.fitter: - Expanded 286 sparse tensors in 0.00 s
INFO mlfcs.phonon.sscha.solver: - Fitting relative force error: 29.753957 %
INFO mlfcs.phonon.sscha.solver: Relative FC2 change: 6.038752e-02
INFO mlfcs.phonon.sscha.solver: - Variational free-energy estimate: -5.8157465251e-01 +/- 6.893e-04 eV/primitive cell
INFO mlfcs.force_constants.realization: Export view cache miss; constructing new view
WARNING mlfcs.phonon.sampling.harmonic: Imaginary harmonic modes use policy 'absolute'; frequencies below 1.000e-06 THz will not raise an exception
INFO mlfcs.phonon.sampling.structures: Generated 100 harmonic perturbation structures
INFO mlfcs.phonon.sampling.structures: Harmonic sampling: qpoints=12, sampled_modes=357/357, minimum_frequency=0.57242349 THz
INFO mlfcs.phonon.sscha.solver: SSCHA iteration 3/30: canonical sampling
INFO mlfcs.phonon.sscha.solver: q points: 12
INFO mlfcs.phonon.sscha.solver: - sampled modes: 357/357, imaginary=0, excluded=0
INFO mlfcs.phonon.sscha.solver: - maximum sampled atomic displacement: 0.73265852 Å
INFO mlfcs.phonon.sscha.solver: maximum displacement limit: disabled
INFO mlfcs.fitting.linear_solvers: Explicit constraint parameterization: 188 -> 172 parameters in 49 blocks, rank=16, nnz=424
INFO mlfcs.fitting.design_operator: - Compiled design plan: 1 orders, 32 orbits, 286 image pairs, 0.2 MiB arrays
INFO mlfcs.fitting.gram.builder: Accumulating streamed Gram system: 172 x 172 (0.2 MiB) over 100 snapshots, backend=Numba design + OpenBLAS Gram
INFO mlfcs.fitting.gram.builder: - Gram structures: 1/100, elapsed=0.05 s
INFO mlfcs.fitting.gram.builder: - Gram structures: 20/100, elapsed=1.04 s
INFO mlfcs.fitting.gram.builder: - Gram structures: 40/100, elapsed=2.22 s
INFO mlfcs.fitting.gram.builder: - Gram structures: 60/100, elapsed=3.35 s
INFO mlfcs.fitting.gram.builder: - Gram structures: 80/100, elapsed=4.44 s
INFO mlfcs.fitting.gram.builder: - Gram structures: 100/100, elapsed=5.41 s
INFO mlfcs.fitting.gram.builder: - Streamed Gram system ready in 5.41 s
INFO mlfcs.fitting.gram.builder: - Gram phase timing: design=1.78 s, reduction=0.04 s, BLAS=3.58 s
INFO mlfcs.fitting.fitter: Constraint system: 16 rows after duplicate removal (90 ASR before compression)
INFO mlfcs.fitting.fitter: Column-norm preconditioning in constrained coordinates
INFO mlfcs.fitting.fitter: - Inverse column scale: 2.564660e-02 to 2.247241e-01
INFO mlfcs.fitting.fitter: Solving the force-only least-squares problem with streamed Gram
INFO mlfcs.fitting.fitter: - Equations: 36000, unknowns: 172
INFO mlfcs.fitting.fitter: - Maximum joint constraint residual: 3.157197e-16
INFO mlfcs.fitting.fitter: Force fitting summary
INFO mlfcs.fitting.fitter: - Training relative error: 31.786297 %
INFO mlfcs.fitting.fitter: - Training force RMSE: 9.9743226194e-02 eV/Å
INFO mlfcs.fitting.fitter: - Independent Gram statistics: one compiled design plan
INFO mlfcs.fitting.fitter: - Solver iterations=89, stop_code=0
INFO mlfcs.fitting.fitter: Expanding fitted Taylor parameters into sparse physical IFCs
INFO mlfcs.fitting.fitter: - Expanded 286 sparse tensors in 0.03 s
INFO mlfcs.phonon.sscha.solver: - Fitting relative force error: 31.786297 %
INFO mlfcs.phonon.sscha.solver: Relative FC2 change: 2.620923e-02
INFO mlfcs.phonon.sscha.solver: - Variational free-energy estimate: -5.9148018612e-01 +/- 7.147e-04 eV/primitive cell
INFO mlfcs.force_constants.realization: Export view cache miss; constructing new view
WARNING mlfcs.phonon.sampling.harmonic: Imaginary harmonic modes use policy 'absolute'; frequencies below 1.000e-06 THz will not raise an exception
INFO mlfcs.phonon.sampling.structures: Generated 100 harmonic perturbation structures
INFO mlfcs.phonon.sampling.structures: Harmonic sampling: qpoints=12, sampled_modes=357/357, minimum_frequency=0.60889734 THz
INFO mlfcs.phonon.sscha.solver: SSCHA iteration 4/30: canonical sampling
INFO mlfcs.phonon.sscha.solver: q points: 12
INFO mlfcs.phonon.sscha.solver: - sampled modes: 357/357, imaginary=0, excluded=0
INFO mlfcs.phonon.sscha.solver: - maximum sampled atomic displacement: 0.66229715 Å
INFO mlfcs.phonon.sscha.solver: maximum displacement limit: disabled
INFO mlfcs.fitting.linear_solvers: Explicit constraint parameterization: 188 -> 172 parameters in 49 blocks, rank=16, nnz=424
INFO mlfcs.fitting.design_operator: - Compiled design plan: 1 orders, 32 orbits, 286 image pairs, 0.2 MiB arrays
INFO mlfcs.fitting.gram.builder: Accumulating streamed Gram system: 172 x 172 (0.2 MiB) over 100 snapshots, backend=Numba design + OpenBLAS Gram
INFO mlfcs.fitting.gram.builder: - Gram structures: 1/100, elapsed=0.04 s
INFO mlfcs.fitting.gram.builder: - Gram structures: 20/100, elapsed=1.11 s
INFO mlfcs.fitting.gram.builder: - Gram structures: 40/100, elapsed=2.31 s
INFO mlfcs.fitting.gram.builder: - Gram structures: 60/100, elapsed=3.38 s
INFO mlfcs.fitting.gram.builder: - Gram structures: 80/100, elapsed=4.51 s
INFO mlfcs.fitting.gram.builder: - Gram structures: 100/100, elapsed=5.57 s
INFO mlfcs.fitting.gram.builder: - Streamed Gram system ready in 5.57 s
INFO mlfcs.fitting.gram.builder: - Gram phase timing: design=1.88 s, reduction=0.04 s, BLAS=3.65 s
INFO mlfcs.fitting.fitter: Constraint system: 16 rows after duplicate removal (90 ASR before compression)
INFO mlfcs.fitting.fitter: Column-norm preconditioning in constrained coordinates
INFO mlfcs.fitting.fitter: - Inverse column scale: 2.663699e-02 to 2.330028e-01
INFO mlfcs.fitting.fitter: Solving the force-only least-squares problem with streamed Gram
INFO mlfcs.fitting.fitter: - Equations: 36000, unknowns: 172
INFO mlfcs.fitting.fitter: - Maximum joint constraint residual: 4.198031e-16
INFO mlfcs.fitting.fitter: Force fitting summary
INFO mlfcs.fitting.fitter: - Training relative error: 28.905709 %
INFO mlfcs.fitting.fitter: - Training force RMSE: 9.0893704193e-02 eV/Å
INFO mlfcs.fitting.fitter: - Independent Gram statistics: one compiled design plan
INFO mlfcs.fitting.fitter: - Solver iterations=81, stop_code=0
INFO mlfcs.fitting.fitter: Expanding fitted Taylor parameters into sparse physical IFCs
INFO mlfcs.fitting.fitter: - Expanded 286 sparse tensors in 0.02 s
INFO mlfcs.phonon.sscha.solver: - Fitting relative force error: 28.905709 %
INFO mlfcs.phonon.sscha.solver: Relative FC2 change: 1.931789e-02
INFO mlfcs.phonon.sscha.solver: - Variational free-energy estimate: -5.9215954303e-01 +/- 6.300e-04 eV/primitive cell
INFO mlfcs.force_constants.realization: Export view cache miss; constructing new view
WARNING mlfcs.phonon.sampling.harmonic: Imaginary harmonic modes use policy 'absolute'; frequencies below 1.000e-06 THz will not raise an exception
INFO mlfcs.phonon.sampling.structures: Generated 100 harmonic perturbation structures
INFO mlfcs.phonon.sampling.structures: Harmonic sampling: qpoints=12, sampled_modes=357/357, minimum_frequency=0.63343340 THz
INFO mlfcs.phonon.sscha.solver: SSCHA iteration 5/30: canonical sampling
INFO mlfcs.phonon.sscha.solver: q points: 12
INFO mlfcs.phonon.sscha.solver: - sampled modes: 357/357, imaginary=0, excluded=0
INFO mlfcs.phonon.sscha.solver: - maximum sampled atomic displacement: 0.67081193 Å
INFO mlfcs.phonon.sscha.solver: maximum displacement limit: disabled
INFO mlfcs.fitting.linear_solvers: Explicit constraint parameterization: 188 -> 172 parameters in 49 blocks, rank=16, nnz=424
INFO mlfcs.fitting.design_operator: - Compiled design plan: 1 orders, 32 orbits, 286 image pairs, 0.2 MiB arrays
INFO mlfcs.fitting.gram.builder: Accumulating streamed Gram system: 172 x 172 (0.2 MiB) over 100 snapshots, backend=Numba design + OpenBLAS Gram
INFO mlfcs.fitting.gram.builder: - Gram structures: 1/100, elapsed=0.08 s
INFO mlfcs.fitting.gram.builder: - Gram structures: 20/100, elapsed=1.18 s
INFO mlfcs.fitting.gram.builder: - Gram structures: 40/100, elapsed=2.28 s
INFO mlfcs.fitting.gram.builder: - Gram structures: 60/100, elapsed=3.36 s
INFO mlfcs.fitting.gram.builder: - Gram structures: 80/100, elapsed=4.41 s
INFO mlfcs.fitting.gram.builder: - Gram structures: 100/100, elapsed=5.47 s
INFO mlfcs.fitting.gram.builder: - Streamed Gram system ready in 5.47 s
INFO mlfcs.fitting.gram.builder: - Gram phase timing: design=1.72 s, reduction=0.04 s, BLAS=3.70 s
INFO mlfcs.fitting.fitter: Constraint system: 16 rows after duplicate removal (90 ASR before compression)
INFO mlfcs.fitting.fitter: Column-norm preconditioning in constrained coordinates
INFO mlfcs.fitting.fitter: - Inverse column scale: 2.520760e-02 to 2.276240e-01
INFO mlfcs.fitting.fitter: Solving the force-only least-squares problem with streamed Gram
INFO mlfcs.fitting.fitter: - Equations: 36000, unknowns: 172
INFO mlfcs.fitting.fitter: - Maximum joint constraint residual: 2.914335e-16
INFO mlfcs.fitting.fitter: Force fitting summary
INFO mlfcs.fitting.fitter: - Training relative error: 31.170602 %
INFO mlfcs.fitting.fitter: - Training force RMSE: 9.7954528168e-02 eV/Å
INFO mlfcs.fitting.fitter: - Independent Gram statistics: one compiled design plan
INFO mlfcs.fitting.fitter: - Solver iterations=88, stop_code=0
INFO mlfcs.fitting.fitter: Expanding fitted Taylor parameters into sparse physical IFCs
INFO mlfcs.fitting.fitter: - Expanded 286 sparse tensors in 0.02 s
INFO mlfcs.phonon.sscha.solver: - Fitting relative force error: 31.170602 %
INFO mlfcs.phonon.sscha.solver: Relative FC2 change: 1.603637e-02
INFO mlfcs.phonon.sscha.solver: - Variational free-energy estimate: -5.9345137670e-01 +/- 7.018e-04 eV/primitive cell
INFO mlfcs.force_constants.realization: Export view cache miss; constructing new view
WARNING mlfcs.phonon.sampling.harmonic: Imaginary harmonic modes use policy 'absolute'; frequencies below 1.000e-06 THz will not raise an exception
INFO mlfcs.phonon.sampling.structures: Generated 100 harmonic perturbation structures
INFO mlfcs.phonon.sampling.structures: Harmonic sampling: qpoints=12, sampled_modes=357/357, minimum_frequency=0.59874257 THz
INFO mlfcs.phonon.sscha.solver: SSCHA iteration 6/30: canonical sampling
INFO mlfcs.phonon.sscha.solver: q points: 12
INFO mlfcs.phonon.sscha.solver: - sampled modes: 357/357, imaginary=0, excluded=0
INFO mlfcs.phonon.sscha.solver: - maximum sampled atomic displacement: 0.63947529 Å
INFO mlfcs.phonon.sscha.solver: maximum displacement limit: disabled
INFO mlfcs.fitting.linear_solvers: Explicit constraint parameterization: 188 -> 172 parameters in 49 blocks, rank=16, nnz=424
INFO mlfcs.fitting.design_operator: - Compiled design plan: 1 orders, 32 orbits, 286 image pairs, 0.2 MiB arrays
INFO mlfcs.fitting.gram.builder: Accumulating streamed Gram system: 172 x 172 (0.2 MiB) over 100 snapshots, backend=Numba design + OpenBLAS Gram
INFO mlfcs.fitting.gram.builder: - Gram structures: 1/100, elapsed=0.04 s
INFO mlfcs.fitting.gram.builder: - Gram structures: 20/100, elapsed=0.77 s
INFO mlfcs.fitting.gram.builder: - Gram structures: 40/100, elapsed=1.45 s
INFO mlfcs.fitting.gram.builder: - Gram structures: 60/100, elapsed=2.19 s
INFO mlfcs.fitting.gram.builder: - Gram structures: 80/100, elapsed=2.87 s
INFO mlfcs.fitting.gram.builder: - Gram structures: 100/100, elapsed=3.56 s
INFO mlfcs.fitting.gram.builder: - Streamed Gram system ready in 3.56 s
INFO mlfcs.fitting.gram.builder: - Gram phase timing: design=1.58 s, reduction=0.04 s, BLAS=1.94 s
INFO mlfcs.fitting.fitter: Constraint system: 16 rows after duplicate removal (90 ASR before compression)
INFO mlfcs.fitting.fitter: Column-norm preconditioning in constrained coordinates
INFO mlfcs.fitting.fitter: - Inverse column scale: 2.577732e-02 to 2.179491e-01
INFO mlfcs.fitting.fitter: Solving the force-only least-squares problem with streamed Gram
INFO mlfcs.fitting.fitter: - Equations: 36000, unknowns: 172
INFO mlfcs.fitting.fitter: - Maximum joint constraint residual: 1.873501e-16
INFO mlfcs.fitting.fitter: Force fitting summary
INFO mlfcs.fitting.fitter: - Training relative error: 64.299536 %
INFO mlfcs.fitting.fitter: - Training force RMSE: 2.5013927726e-01 eV/Å
INFO mlfcs.fitting.fitter: - Independent Gram statistics: one compiled design plan
INFO mlfcs.fitting.fitter: - Solver iterations=88, stop_code=0
INFO mlfcs.fitting.fitter: Expanding fitted Taylor parameters into sparse physical IFCs
INFO mlfcs.fitting.fitter: - Expanded 286 sparse tensors in 0.00 s
INFO mlfcs.phonon.sscha.solver: - Fitting relative force error: 64.299536 %
INFO mlfcs.phonon.sscha.solver: Relative FC2 change: 3.235703e-02
INFO mlfcs.phonon.sscha.solver: - Variational free-energy estimate: -5.9625213174e-01 +/- 2.716e-03 eV/primitive cell
INFO mlfcs.force_constants.realization: Export view cache miss; constructing new view
WARNING mlfcs.phonon.sampling.harmonic: Imaginary harmonic modes use policy 'absolute'; frequencies below 1.000e-06 THz will not raise an exception
INFO mlfcs.phonon.sampling.structures: Generated 100 harmonic perturbation structures
INFO mlfcs.phonon.sampling.structures: Harmonic sampling: qpoints=12, sampled_modes=357/357, minimum_frequency=0.61157566 THz
INFO mlfcs.phonon.sscha.solver: SSCHA iteration 7/30: canonical sampling
INFO mlfcs.phonon.sscha.solver: q points: 12
INFO mlfcs.phonon.sscha.solver: - sampled modes: 357/357, imaginary=0, excluded=0
INFO mlfcs.phonon.sscha.solver: - maximum sampled atomic displacement: 0.67570326 Å
INFO mlfcs.phonon.sscha.solver: maximum displacement limit: disabled
INFO mlfcs.fitting.linear_solvers: Explicit constraint parameterization: 188 -> 172 parameters in 49 blocks, rank=16, nnz=424
INFO mlfcs.fitting.design_operator: - Compiled design plan: 1 orders, 32 orbits, 286 image pairs, 0.2 MiB arrays
INFO mlfcs.fitting.gram.builder: Accumulating streamed Gram system: 172 x 172 (0.2 MiB) over 100 snapshots, backend=Numba design + OpenBLAS Gram
INFO mlfcs.fitting.gram.builder: - Gram structures: 1/100, elapsed=0.05 s
INFO mlfcs.fitting.gram.builder: - Gram structures: 20/100, elapsed=1.12 s
INFO mlfcs.fitting.gram.builder: - Gram structures: 40/100, elapsed=2.24 s
INFO mlfcs.fitting.gram.builder: - Gram structures: 60/100, elapsed=3.33 s
INFO mlfcs.fitting.gram.builder: - Gram structures: 80/100, elapsed=4.46 s
INFO mlfcs.fitting.gram.builder: - Gram structures: 100/100, elapsed=5.49 s
INFO mlfcs.fitting.gram.builder: - Streamed Gram system ready in 5.49 s
INFO mlfcs.fitting.gram.builder: - Gram phase timing: design=1.73 s, reduction=0.05 s, BLAS=3.70 s
INFO mlfcs.fitting.fitter: Constraint system: 16 rows after duplicate removal (90 ASR before compression)
INFO mlfcs.fitting.fitter: Column-norm preconditioning in constrained coordinates
INFO mlfcs.fitting.fitter: - Inverse column scale: 2.263522e-02 to 2.227215e-01
INFO mlfcs.fitting.fitter: Solving the force-only least-squares problem with streamed Gram
INFO mlfcs.fitting.fitter: - Equations: 36000, unknowns: 172
INFO mlfcs.fitting.fitter: - Maximum joint constraint residual: 2.524023e-16
INFO mlfcs.fitting.fitter: Force fitting summary
INFO mlfcs.fitting.fitter: - Training relative error: 67.275205 %
INFO mlfcs.fitting.fitter: - Training force RMSE: 2.7164308350e-01 eV/Å
INFO mlfcs.fitting.fitter: - Independent Gram statistics: one compiled design plan
INFO mlfcs.fitting.fitter: - Solver iterations=90, stop_code=0
INFO mlfcs.fitting.fitter: Expanding fitted Taylor parameters into sparse physical IFCs
INFO mlfcs.fitting.fitter: - Expanded 286 sparse tensors in 0.01 s
INFO mlfcs.phonon.sscha.solver: - Fitting relative force error: 67.275205 %
INFO mlfcs.phonon.sscha.solver: Relative FC2 change: 3.602112e-02
INFO mlfcs.phonon.sscha.solver: - Variational free-energy estimate: -6.0269306853e-01 +/- 2.457e-03 eV/primitive cell
INFO mlfcs.force_constants.realization: Export view cache miss; constructing new view
WARNING mlfcs.phonon.sampling.harmonic: Imaginary harmonic modes use policy 'absolute'; frequencies below 1.000e-06 THz will not raise an exception
INFO mlfcs.phonon.sampling.structures: Generated 100 harmonic perturbation structures
INFO mlfcs.phonon.sampling.structures: Harmonic sampling: qpoints=12, sampled_modes=357/357, minimum_frequency=-0.63447374 THz
INFO mlfcs.phonon.sscha.solver: SSCHA iteration 8/30: canonical sampling
INFO mlfcs.phonon.sscha.solver: q points: 12
INFO mlfcs.phonon.sscha.solver: - sampled modes: 357/357, imaginary=4, excluded=0
INFO mlfcs.phonon.sscha.solver: - maximum sampled atomic displacement: 2.11470611 Å
INFO mlfcs.phonon.sscha.solver: maximum displacement limit: disabled
INFO mlfcs.fitting.linear_solvers: Explicit constraint parameterization: 188 -> 172 parameters in 49 blocks, rank=16, nnz=424
INFO mlfcs.fitting.design_operator: - Compiled design plan: 1 orders, 32 orbits, 286 image pairs, 0.2 MiB arrays
INFO mlfcs.fitting.gram.builder: Accumulating streamed Gram system: 172 x 172 (0.2 MiB) over 100 snapshots, backend=Numba design + OpenBLAS Gram
INFO mlfcs.fitting.gram.builder: - Gram structures: 1/100, elapsed=0.04 s
INFO mlfcs.fitting.gram.builder: - Gram structures: 20/100, elapsed=0.59 s
INFO mlfcs.fitting.gram.builder: - Gram structures: 40/100, elapsed=1.26 s
INFO mlfcs.fitting.gram.builder: - Gram structures: 60/100, elapsed=1.91 s
INFO mlfcs.fitting.gram.builder: - Gram structures: 80/100, elapsed=2.57 s
INFO mlfcs.fitting.gram.builder: - Gram structures: 100/100, elapsed=3.25 s
INFO mlfcs.fitting.gram.builder: - Streamed Gram system ready in 3.25 s
INFO mlfcs.fitting.gram.builder: - Gram phase timing: design=1.17 s, reduction=0.04 s, BLAS=2.04 s
INFO mlfcs.fitting.fitter: Constraint system: 16 rows after duplicate removal (90 ASR before compression)
INFO mlfcs.fitting.fitter: Column-norm preconditioning in constrained coordinates
INFO mlfcs.fitting.fitter: - Inverse column scale: 5.215769e-03 to 2.184072e-01
INFO mlfcs.fitting.fitter: Solving the force-only least-squares problem with streamed Gram
INFO mlfcs.fitting.fitter: - Equations: 36000, unknowns: 172
INFO mlfcs.fitting.fitter: - Maximum joint constraint residual: 1.705303e-13
INFO mlfcs.fitting.fitter: Force fitting summary
INFO mlfcs.fitting.fitter: - Training relative error: 96.903483 %
INFO mlfcs.fitting.fitter: - Training force RMSE: 1.3089417168e+03 eV/Å
INFO mlfcs.fitting.fitter: - Independent Gram statistics: one compiled design plan
INFO mlfcs.fitting.fitter: - Solver iterations=214, stop_code=0
INFO mlfcs.fitting.fitter: Expanding fitted Taylor parameters into sparse physical IFCs
INFO mlfcs.fitting.fitter: - Expanded 286 sparse tensors in 0.01 s
INFO mlfcs.phonon.sscha.solver: - Fitting relative force error: 96.903483 %
INFO mlfcs.phonon.sscha.solver: Relative FC2 change: 2.229581e+02
INFO mlfcs.phonon.sscha.solver: - Variational free-energy estimate: -5.6940906257e+02 +/- 1.208e+02 eV/primitive cell
INFO mlfcs.force_constants.realization: Export view cache miss; constructing new view
WARNING mlfcs.phonon.sampling.harmonic: Imaginary harmonic modes use policy 'absolute'; frequencies below 1.000e-06 THz will not raise an exception
INFO mlfcs.phonon.sampling.structures: Generated 100 harmonic perturbation structures
INFO mlfcs.phonon.sampling.structures: Harmonic sampling: qpoints=12, sampled_modes=357/357, minimum_frequency=-251.81675358 THz
INFO mlfcs.phonon.sscha.solver: SSCHA iteration 9/30: canonical sampling
INFO mlfcs.phonon.sscha.solver: q points: 12
INFO mlfcs.phonon.sscha.solver: - sampled modes: 357/357, imaginary=175, excluded=0
INFO mlfcs.phonon.sscha.solver: - maximum sampled atomic displacement: 0.11925901 Å
INFO mlfcs.phonon.sscha.solver: maximum displacement limit: disabled
INFO mlfcs.fitting.linear_solvers: Explicit constraint parameterization: 188 -> 172 parameters in 49 blocks, rank=16, nnz=424
INFO mlfcs.fitting.design_operator: - Compiled design plan: 1 orders, 32 orbits, 286 image pairs, 0.2 MiB arrays
INFO mlfcs.fitting.gram.builder: Accumulating streamed Gram system: 172 x 172 (0.2 MiB) over 100 snapshots, backend=Numba design + OpenBLAS Gram
INFO mlfcs.fitting.gram.builder: - Gram structures: 1/100, elapsed=0.04 s
INFO mlfcs.fitting.gram.builder: - Gram structures: 20/100, elapsed=0.74 s
INFO mlfcs.fitting.gram.builder: - Gram structures: 40/100, elapsed=1.40 s
INFO mlfcs.fitting.gram.builder: - Gram structures: 60/100, elapsed=2.16 s
INFO mlfcs.fitting.gram.builder: - Gram structures: 80/100, elapsed=2.88 s
INFO mlfcs.fitting.gram.builder: - Gram structures: 100/100, elapsed=3.59 s
INFO mlfcs.fitting.gram.builder: - Streamed Gram system ready in 3.59 s
INFO mlfcs.fitting.gram.builder: - Gram phase timing: design=1.42 s, reduction=0.04 s, BLAS=2.13 s
INFO mlfcs.fitting.fitter: Constraint system: 16 rows after duplicate removal (90 ASR before compression)
INFO mlfcs.fitting.fitter: Column-norm preconditioning in constrained coordinates
INFO mlfcs.fitting.fitter: - Inverse column scale: 1.374847e-01 to 1.515415e+00
INFO mlfcs.fitting.fitter: Solving the force-only least-squares problem with streamed Gram
INFO mlfcs.fitting.fitter: - Equations: 36000, unknowns: 172
INFO mlfcs.fitting.fitter: - Maximum joint constraint residual: 3.469447e-16
INFO mlfcs.fitting.fitter: Force fitting summary
INFO mlfcs.fitting.fitter: - Training relative error: 8.628597 %
INFO mlfcs.fitting.fitter: - Training force RMSE: 1.2079705709e-02 eV/Å
INFO mlfcs.fitting.fitter: - Independent Gram statistics: one compiled design plan
INFO mlfcs.fitting.fitter: - Solver iterations=65, stop_code=0
INFO mlfcs.fitting.fitter: Expanding fitted Taylor parameters into sparse physical IFCs
INFO mlfcs.fitting.fitter: - Expanded 286 sparse tensors in 0.01 s
INFO mlfcs.phonon.sscha.solver: - Fitting relative force error: 8.628597 %
INFO mlfcs.phonon.sscha.solver: Relative FC2 change: 1.000430e+00
INFO mlfcs.phonon.sscha.solver: - Variational free-energy estimate: 3.2850393622e+00 +/- 1.190e-02 eV/primitive cell
INFO mlfcs.force_constants.realization: Export view cache miss; constructing new view
WARNING mlfcs.phonon.sampling.harmonic: Imaginary harmonic modes use policy 'absolute'; frequencies below 1.000e-06 THz will not raise an exception
INFO mlfcs.phonon.sampling.structures: Generated 100 harmonic perturbation structures
INFO mlfcs.phonon.sampling.structures: Harmonic sampling: qpoints=12, sampled_modes=357/357, minimum_frequency=0.47465156 THz
INFO mlfcs.phonon.sscha.solver: SSCHA iteration 10/30: canonical sampling
INFO mlfcs.phonon.sscha.solver: q points: 12
INFO mlfcs.phonon.sscha.solver: - sampled modes: 357/357, imaginary=0, excluded=0
INFO mlfcs.phonon.sscha.solver: - maximum sampled atomic displacement: 0.83699631 Å
INFO mlfcs.phonon.sscha.solver: maximum displacement limit: disabled
INFO mlfcs.fitting.linear_solvers: Explicit constraint parameterization: 188 -> 172 parameters in 49 blocks, rank=16, nnz=424
INFO mlfcs.fitting.design_operator: - Compiled design plan: 1 orders, 32 orbits, 286 image pairs, 0.2 MiB arrays
INFO mlfcs.fitting.gram.builder: Accumulating streamed Gram system: 172 x 172 (0.2 MiB) over 100 snapshots, backend=Numba design + OpenBLAS Gram
INFO mlfcs.fitting.gram.builder: - Gram structures: 1/100, elapsed=0.04 s
INFO mlfcs.fitting.gram.builder: - Gram structures: 20/100, elapsed=0.72 s
INFO mlfcs.fitting.gram.builder: - Gram structures: 40/100, elapsed=1.55 s
INFO mlfcs.fitting.gram.builder: - Gram structures: 60/100, elapsed=2.28 s
INFO mlfcs.fitting.gram.builder: - Gram structures: 80/100, elapsed=3.07 s
INFO mlfcs.fitting.gram.builder: - Gram structures: 100/100, elapsed=3.86 s
INFO mlfcs.fitting.gram.builder: - Streamed Gram system ready in 3.86 s
INFO mlfcs.fitting.gram.builder: - Gram phase timing: design=1.48 s, reduction=0.04 s, BLAS=2.33 s
INFO mlfcs.fitting.fitter: Constraint system: 16 rows after duplicate removal (90 ASR before compression)
INFO mlfcs.fitting.fitter: Column-norm preconditioning in constrained coordinates
INFO mlfcs.fitting.fitter: - Inverse column scale: 2.238249e-02 to 2.076602e-01
INFO mlfcs.fitting.fitter: Solving the force-only least-squares problem with streamed Gram
INFO mlfcs.fitting.fitter: - Equations: 36000, unknowns: 172
INFO mlfcs.fitting.fitter: - Maximum joint constraint residual: 3.330669e-16
INFO mlfcs.fitting.fitter: Force fitting summary
INFO mlfcs.fitting.fitter: - Training relative error: 43.258916 %
INFO mlfcs.fitting.fitter: - Training force RMSE: 1.4702677771e-01 eV/Å
INFO mlfcs.fitting.fitter: - Independent Gram statistics: one compiled design plan
INFO mlfcs.fitting.fitter: - Solver iterations=96, stop_code=0
INFO mlfcs.fitting.fitter: Expanding fitted Taylor parameters into sparse physical IFCs
INFO mlfcs.fitting.fitter: - Expanded 286 sparse tensors in 0.00 s
INFO mlfcs.phonon.sscha.solver: - Fitting relative force error: 43.258916 %
INFO mlfcs.phonon.sscha.solver: Relative FC2 change: 5.786240e-02
INFO mlfcs.phonon.sscha.solver: - Variational free-energy estimate: -5.7727075764e-01 +/- 2.393e-03 eV/primitive cell
INFO mlfcs.force_constants.realization: Export view cache miss; constructing new view
WARNING mlfcs.phonon.sampling.harmonic: Imaginary harmonic modes use policy 'absolute'; frequencies below 1.000e-06 THz will not raise an exception
INFO mlfcs.phonon.sampling.structures: Generated 100 harmonic perturbation structures
INFO mlfcs.phonon.sampling.structures: Harmonic sampling: qpoints=12, sampled_modes=357/357, minimum_frequency=0.68927779 THz
INFO mlfcs.phonon.sscha.solver: SSCHA iteration 11/30: canonical sampling
INFO mlfcs.phonon.sscha.solver: q points: 12
INFO mlfcs.phonon.sscha.solver: - sampled modes: 357/357, imaginary=0, excluded=0
INFO mlfcs.phonon.sscha.solver: - maximum sampled atomic displacement: 0.60233153 Å
INFO mlfcs.phonon.sscha.solver: maximum displacement limit: disabled
INFO mlfcs.fitting.linear_solvers: Explicit constraint parameterization: 188 -> 172 parameters in 49 blocks, rank=16, nnz=424
INFO mlfcs.fitting.design_operator: - Compiled design plan: 1 orders, 32 orbits, 286 image pairs, 0.2 MiB arrays
INFO mlfcs.fitting.gram.builder: Accumulating streamed Gram system: 172 x 172 (0.2 MiB) over 100 snapshots, backend=Numba design + OpenBLAS Gram
INFO mlfcs.fitting.gram.builder: - Gram structures: 1/100, elapsed=0.04 s
INFO mlfcs.fitting.gram.builder: - Gram structures: 20/100, elapsed=0.79 s
INFO mlfcs.fitting.gram.builder: - Gram structures: 40/100, elapsed=1.50 s
INFO mlfcs.fitting.gram.builder: - Gram structures: 60/100, elapsed=2.14 s
INFO mlfcs.fitting.gram.builder: - Gram structures: 80/100, elapsed=2.82 s
INFO mlfcs.fitting.gram.builder: - Gram structures: 100/100, elapsed=3.43 s
INFO mlfcs.fitting.gram.builder: - Streamed Gram system ready in 3.43 s
INFO mlfcs.fitting.gram.builder: - Gram phase timing: design=1.44 s, reduction=0.04 s, BLAS=1.95 s
INFO mlfcs.fitting.fitter: Constraint system: 16 rows after duplicate removal (90 ASR before compression)
INFO mlfcs.fitting.fitter: Column-norm preconditioning in constrained coordinates
INFO mlfcs.fitting.fitter: - Inverse column scale: 2.714910e-02 to 2.431054e-01
INFO mlfcs.fitting.fitter: Solving the force-only least-squares problem with streamed Gram
INFO mlfcs.fitting.fitter: - Equations: 36000, unknowns: 172
INFO mlfcs.fitting.fitter: - Maximum joint constraint residual: 2.671474e-16
INFO mlfcs.fitting.fitter: Force fitting summary
INFO mlfcs.fitting.fitter: - Training relative error: 28.203139 %
INFO mlfcs.fitting.fitter: - Training force RMSE: 8.7818235034e-02 eV/Å
INFO mlfcs.fitting.fitter: - Independent Gram statistics: one compiled design plan
INFO mlfcs.fitting.fitter: - Solver iterations=81, stop_code=0
INFO mlfcs.fitting.fitter: Expanding fitted Taylor parameters into sparse physical IFCs
INFO mlfcs.fitting.fitter: - Expanded 286 sparse tensors in 0.00 s
INFO mlfcs.phonon.sscha.solver: - Fitting relative force error: 28.203139 %
INFO mlfcs.phonon.sscha.solver: Relative FC2 change: 3.622049e-02
INFO mlfcs.phonon.sscha.solver: - Variational free-energy estimate: -5.8383226243e-01 +/- 5.482e-04 eV/primitive cell
INFO mlfcs.force_constants.realization: Export view cache miss; constructing new view
WARNING mlfcs.phonon.sampling.harmonic: Imaginary harmonic modes use policy 'absolute'; frequencies below 1.000e-06 THz will not raise an exception
INFO mlfcs.phonon.sampling.structures: Generated 100 harmonic perturbation structures
INFO mlfcs.phonon.sampling.structures: Harmonic sampling: qpoints=12, sampled_modes=357/357, minimum_frequency=0.55967533 THz
INFO mlfcs.phonon.sscha.solver: SSCHA iteration 12/30: canonical sampling
INFO mlfcs.phonon.sscha.solver: q points: 12
INFO mlfcs.phonon.sscha.solver: - sampled modes: 357/357, imaginary=0, excluded=0
INFO mlfcs.phonon.sscha.solver: - maximum sampled atomic displacement: 0.67196857 Å
INFO mlfcs.phonon.sscha.solver: maximum displacement limit: disabled
INFO mlfcs.fitting.linear_solvers: Explicit constraint parameterization: 188 -> 172 parameters in 49 blocks, rank=16, nnz=424
INFO mlfcs.fitting.design_operator: - Compiled design plan: 1 orders, 32 orbits, 286 image pairs, 0.2 MiB arrays
INFO mlfcs.fitting.gram.builder: Accumulating streamed Gram system: 172 x 172 (0.2 MiB) over 100 snapshots, backend=Numba design + OpenBLAS Gram
INFO mlfcs.fitting.gram.builder: - Gram structures: 1/100, elapsed=0.04 s
INFO mlfcs.fitting.gram.builder: - Gram structures: 20/100, elapsed=0.68 s
INFO mlfcs.fitting.gram.builder: - Gram structures: 40/100, elapsed=1.38 s
INFO mlfcs.fitting.gram.builder: - Gram structures: 60/100, elapsed=2.06 s
INFO mlfcs.fitting.gram.builder: - Gram structures: 80/100, elapsed=2.76 s
INFO mlfcs.fitting.gram.builder: - Gram structures: 100/100, elapsed=3.44 s
INFO mlfcs.fitting.gram.builder: - Streamed Gram system ready in 3.44 s
INFO mlfcs.fitting.gram.builder: - Gram phase timing: design=1.56 s, reduction=0.04 s, BLAS=1.84 s
INFO mlfcs.fitting.fitter: Constraint system: 16 rows after duplicate removal (90 ASR before compression)
INFO mlfcs.fitting.fitter: Column-norm preconditioning in constrained coordinates
INFO mlfcs.fitting.fitter: - Inverse column scale: 2.579388e-02 to 2.300868e-01
INFO mlfcs.fitting.fitter: Solving the force-only least-squares problem with streamed Gram
INFO mlfcs.fitting.fitter: - Equations: 36000, unknowns: 172
INFO mlfcs.fitting.fitter: - Maximum joint constraint residual: 2.775558e-16
INFO mlfcs.fitting.fitter: Force fitting summary
INFO mlfcs.fitting.fitter: - Training relative error: 31.898826 %
INFO mlfcs.fitting.fitter: - Training force RMSE: 1.0191222062e-01 eV/Å
INFO mlfcs.fitting.fitter: - Independent Gram statistics: one compiled design plan
INFO mlfcs.fitting.fitter: - Solver iterations=85, stop_code=0
INFO mlfcs.fitting.fitter: Expanding fitted Taylor parameters into sparse physical IFCs
INFO mlfcs.fitting.fitter: - Expanded 286 sparse tensors in 0.00 s
INFO mlfcs.phonon.sscha.solver: - Fitting relative force error: 31.898826 %
INFO mlfcs.phonon.sscha.solver: Relative FC2 change: 1.932977e-02
INFO mlfcs.phonon.sscha.solver: - Variational free-energy estimate: -5.9231525489e-01 +/- 7.520e-04 eV/primitive cell
INFO mlfcs.force_constants.realization: Export view cache miss; constructing new view
WARNING mlfcs.phonon.sampling.harmonic: Imaginary harmonic modes use policy 'absolute'; frequencies below 1.000e-06 THz will not raise an exception
INFO mlfcs.phonon.sampling.structures: Generated 100 harmonic perturbation structures
INFO mlfcs.phonon.sampling.structures: Harmonic sampling: qpoints=12, sampled_modes=357/357, minimum_frequency=0.61361964 THz
INFO mlfcs.phonon.sscha.solver: SSCHA iteration 13/30: canonical sampling
INFO mlfcs.phonon.sscha.solver: q points: 12
INFO mlfcs.phonon.sscha.solver: - sampled modes: 357/357, imaginary=0, excluded=0
INFO mlfcs.phonon.sscha.solver: - maximum sampled atomic displacement: 0.67284774 Å
INFO mlfcs.phonon.sscha.solver: maximum displacement limit: disabled
INFO mlfcs.fitting.linear_solvers: Explicit constraint parameterization: 188 -> 172 parameters in 49 blocks, rank=16, nnz=424
INFO mlfcs.fitting.design_operator: - Compiled design plan: 1 orders, 32 orbits, 286 image pairs, 0.2 MiB arrays
INFO mlfcs.fitting.gram.builder: Accumulating streamed Gram system: 172 x 172 (0.2 MiB) over 100 snapshots, backend=Numba design + OpenBLAS Gram
INFO mlfcs.fitting.gram.builder: - Gram structures: 1/100, elapsed=0.04 s
INFO mlfcs.fitting.gram.builder: - Gram structures: 20/100, elapsed=0.69 s
INFO mlfcs.fitting.gram.builder: - Gram structures: 40/100, elapsed=1.35 s
INFO mlfcs.fitting.gram.builder: - Gram structures: 60/100, elapsed=2.01 s
INFO mlfcs.fitting.gram.builder: - Gram structures: 80/100, elapsed=2.64 s
INFO mlfcs.fitting.gram.builder: - Gram structures: 100/100, elapsed=3.30 s
INFO mlfcs.fitting.gram.builder: - Streamed Gram system ready in 3.30 s
INFO mlfcs.fitting.gram.builder: - Gram phase timing: design=1.27 s, reduction=0.04 s, BLAS=1.99 s
INFO mlfcs.fitting.fitter: Constraint system: 16 rows after duplicate removal (90 ASR before compression)
INFO mlfcs.fitting.fitter: Column-norm preconditioning in constrained coordinates
INFO mlfcs.fitting.fitter: - Inverse column scale: 2.559111e-02 to 2.267932e-01
INFO mlfcs.fitting.fitter: Solving the force-only least-squares problem with streamed Gram
INFO mlfcs.fitting.fitter: - Equations: 36000, unknowns: 172
INFO mlfcs.fitting.fitter: - Maximum joint constraint residual: 3.243933e-16
INFO mlfcs.fitting.fitter: Force fitting summary
INFO mlfcs.fitting.fitter: - Training relative error: 31.099474 %
INFO mlfcs.fitting.fitter: - Training force RMSE: 9.7756228976e-02 eV/Å
INFO mlfcs.fitting.fitter: - Independent Gram statistics: one compiled design plan
INFO mlfcs.fitting.fitter: - Solver iterations=84, stop_code=0
INFO mlfcs.fitting.fitter: Expanding fitted Taylor parameters into sparse physical IFCs
INFO mlfcs.fitting.fitter: - Expanded 286 sparse tensors in 0.01 s
INFO mlfcs.phonon.sscha.solver: - Fitting relative force error: 31.099474 %
INFO mlfcs.phonon.sscha.solver: Relative FC2 change: 2.095715e-02
INFO mlfcs.phonon.sscha.solver: - Variational free-energy estimate: -5.8885300474e-01 +/- 7.238e-04 eV/primitive cell
INFO mlfcs.force_constants.realization: Export view cache miss; constructing new view
WARNING mlfcs.phonon.sampling.harmonic: Imaginary harmonic modes use policy 'absolute'; frequencies below 1.000e-06 THz will not raise an exception
INFO mlfcs.phonon.sampling.structures: Generated 100 harmonic perturbation structures
INFO mlfcs.phonon.sampling.structures: Harmonic sampling: qpoints=12, sampled_modes=357/357, minimum_frequency=0.56281982 THz
INFO mlfcs.phonon.sscha.solver: SSCHA iteration 14/30: canonical sampling
INFO mlfcs.phonon.sscha.solver: q points: 12
INFO mlfcs.phonon.sscha.solver: - sampled modes: 357/357, imaginary=0, excluded=0
INFO mlfcs.phonon.sscha.solver: - maximum sampled atomic displacement: 0.58873416 Å
INFO mlfcs.phonon.sscha.solver: maximum displacement limit: disabled
INFO mlfcs.fitting.linear_solvers: Explicit constraint parameterization: 188 -> 172 parameters in 49 blocks, rank=16, nnz=424
INFO mlfcs.fitting.design_operator: - Compiled design plan: 1 orders, 32 orbits, 286 image pairs, 0.2 MiB arrays
INFO mlfcs.fitting.gram.builder: Accumulating streamed Gram system: 172 x 172 (0.2 MiB) over 100 snapshots, backend=Numba design + OpenBLAS Gram
INFO mlfcs.fitting.gram.builder: - Gram structures: 1/100, elapsed=0.03 s
INFO mlfcs.fitting.gram.builder: - Gram structures: 20/100, elapsed=0.70 s
INFO mlfcs.fitting.gram.builder: - Gram structures: 40/100, elapsed=1.42 s
INFO mlfcs.fitting.gram.builder: - Gram structures: 60/100, elapsed=2.07 s
INFO mlfcs.fitting.gram.builder: - Gram structures: 80/100, elapsed=2.73 s
INFO mlfcs.fitting.gram.builder: - Gram structures: 100/100, elapsed=3.36 s
INFO mlfcs.fitting.gram.builder: - Streamed Gram system ready in 3.36 s
INFO mlfcs.fitting.gram.builder: - Gram phase timing: design=1.40 s, reduction=0.04 s, BLAS=1.92 s
INFO mlfcs.fitting.fitter: Constraint system: 16 rows after duplicate removal (90 ASR before compression)
INFO mlfcs.fitting.fitter: Column-norm preconditioning in constrained coordinates
INFO mlfcs.fitting.fitter: - Inverse column scale: 2.534116e-02 to 2.249619e-01
INFO mlfcs.fitting.fitter: Solving the force-only least-squares problem with streamed Gram
INFO mlfcs.fitting.fitter: - Equations: 36000, unknowns: 172
INFO mlfcs.fitting.fitter: - Maximum joint constraint residual: 4.111295e-16
INFO mlfcs.fitting.fitter: Force fitting summary
INFO mlfcs.fitting.fitter: - Training relative error: 33.315585 %
INFO mlfcs.fitting.fitter: - Training force RMSE: 1.0724508940e-01 eV/Å
INFO mlfcs.fitting.fitter: - Independent Gram statistics: one compiled design plan
INFO mlfcs.fitting.fitter: - Solver iterations=80, stop_code=0
INFO mlfcs.fitting.fitter: Expanding fitted Taylor parameters into sparse physical IFCs
INFO mlfcs.fitting.fitter: - Expanded 286 sparse tensors in 0.00 s
INFO mlfcs.phonon.sscha.solver: - Fitting relative force error: 33.315585 %
INFO mlfcs.phonon.sscha.solver: Relative FC2 change: 2.239391e-02
INFO mlfcs.phonon.sscha.solver: - Variational free-energy estimate: -5.9293142201e-01 +/- 6.987e-04 eV/primitive cell
INFO mlfcs.force_constants.realization: Export view cache miss; constructing new view
WARNING mlfcs.phonon.sampling.harmonic: Imaginary harmonic modes use policy 'absolute'; frequencies below 1.000e-06 THz will not raise an exception
INFO mlfcs.phonon.sampling.structures: Generated 100 harmonic perturbation structures
INFO mlfcs.phonon.sampling.structures: Harmonic sampling: qpoints=12, sampled_modes=357/357, minimum_frequency=0.61262957 THz
INFO mlfcs.phonon.sscha.solver: SSCHA iteration 15/30: canonical sampling
INFO mlfcs.phonon.sscha.solver: q points: 12
INFO mlfcs.phonon.sscha.solver: - sampled modes: 357/357, imaginary=0, excluded=0
INFO mlfcs.phonon.sscha.solver: - maximum sampled atomic displacement: 0.62006627 Å
INFO mlfcs.phonon.sscha.solver: maximum displacement limit: disabled
INFO mlfcs.fitting.linear_solvers: Explicit constraint parameterization: 188 -> 172 parameters in 49 blocks, rank=16, nnz=424
INFO mlfcs.fitting.design_operator: - Compiled design plan: 1 orders, 32 orbits, 286 image pairs, 0.2 MiB arrays
INFO mlfcs.fitting.gram.builder: Accumulating streamed Gram system: 172 x 172 (0.2 MiB) over 100 snapshots, backend=Numba design + OpenBLAS Gram
INFO mlfcs.fitting.gram.builder: - Gram structures: 1/100, elapsed=0.04 s
INFO mlfcs.fitting.gram.builder: - Gram structures: 20/100, elapsed=0.75 s
INFO mlfcs.fitting.gram.builder: - Gram structures: 40/100, elapsed=1.48 s
INFO mlfcs.fitting.gram.builder: - Gram structures: 60/100, elapsed=2.18 s
INFO mlfcs.fitting.gram.builder: - Gram structures: 80/100, elapsed=2.84 s
INFO mlfcs.fitting.gram.builder: - Gram structures: 100/100, elapsed=3.42 s
INFO mlfcs.fitting.gram.builder: - Streamed Gram system ready in 3.42 s
INFO mlfcs.fitting.gram.builder: - Gram phase timing: design=1.40 s, reduction=0.04 s, BLAS=1.98 s
INFO mlfcs.fitting.fitter: Constraint system: 16 rows after duplicate removal (90 ASR before compression)
INFO mlfcs.fitting.fitter: Column-norm preconditioning in constrained coordinates
INFO mlfcs.fitting.fitter: - Inverse column scale: 2.561815e-02 to 2.312874e-01
INFO mlfcs.fitting.fitter: Solving the force-only least-squares problem with streamed Gram
INFO mlfcs.fitting.fitter: - Equations: 36000, unknowns: 172
INFO mlfcs.fitting.fitter: - Maximum joint constraint residual: 3.538836e-16
INFO mlfcs.fitting.fitter: Force fitting summary
INFO mlfcs.fitting.fitter: - Training relative error: 33.491867 %
INFO mlfcs.fitting.fitter: - Training force RMSE: 1.0554786561e-01 eV/Å
INFO mlfcs.fitting.fitter: - Independent Gram statistics: one compiled design plan
INFO mlfcs.fitting.fitter: - Solver iterations=87, stop_code=0
INFO mlfcs.fitting.fitter: Expanding fitted Taylor parameters into sparse physical IFCs
INFO mlfcs.fitting.fitter: - Expanded 286 sparse tensors in 0.01 s
INFO mlfcs.phonon.sscha.solver: - Fitting relative force error: 33.491867 %
INFO mlfcs.phonon.sscha.solver: Relative FC2 change: 2.861002e-02
INFO mlfcs.phonon.sscha.solver: - Variational free-energy estimate: -5.9221367942e-01 +/- 7.552e-04 eV/primitive cell
INFO mlfcs.force_constants.realization: Export view cache miss; constructing new view
WARNING mlfcs.phonon.sampling.harmonic: Imaginary harmonic modes use policy 'absolute'; frequencies below 1.000e-06 THz will not raise an exception
INFO mlfcs.phonon.sampling.structures: Generated 100 harmonic perturbation structures
INFO mlfcs.phonon.sampling.structures: Harmonic sampling: qpoints=12, sampled_modes=357/357, minimum_frequency=0.59571084 THz
INFO mlfcs.phonon.sscha.solver: SSCHA iteration 16/30: canonical sampling
INFO mlfcs.phonon.sscha.solver: q points: 12
INFO mlfcs.phonon.sscha.solver: - sampled modes: 357/357, imaginary=0, excluded=0
INFO mlfcs.phonon.sscha.solver: - maximum sampled atomic displacement: 0.66425408 Å
INFO mlfcs.phonon.sscha.solver: maximum displacement limit: disabled
INFO mlfcs.fitting.linear_solvers: Explicit constraint parameterization: 188 -> 172 parameters in 49 blocks, rank=16, nnz=424
INFO mlfcs.fitting.design_operator: - Compiled design plan: 1 orders, 32 orbits, 286 image pairs, 0.2 MiB arrays
INFO mlfcs.fitting.gram.builder: Accumulating streamed Gram system: 172 x 172 (0.2 MiB) over 100 snapshots, backend=Numba design + OpenBLAS Gram
INFO mlfcs.fitting.gram.builder: - Gram structures: 1/100, elapsed=0.04 s
INFO mlfcs.fitting.gram.builder: - Gram structures: 20/100, elapsed=0.69 s
INFO mlfcs.fitting.gram.builder: - Gram structures: 40/100, elapsed=1.32 s
INFO mlfcs.fitting.gram.builder: - Gram structures: 60/100, elapsed=1.99 s
INFO mlfcs.fitting.gram.builder: - Gram structures: 80/100, elapsed=2.67 s
INFO mlfcs.fitting.gram.builder: - Gram structures: 100/100, elapsed=3.42 s
INFO mlfcs.fitting.gram.builder: - Streamed Gram system ready in 3.42 s
INFO mlfcs.fitting.gram.builder: - Gram phase timing: design=1.54 s, reduction=0.04 s, BLAS=1.85 s
INFO mlfcs.fitting.fitter: Constraint system: 16 rows after duplicate removal (90 ASR before compression)
INFO mlfcs.fitting.fitter: Column-norm preconditioning in constrained coordinates
INFO mlfcs.fitting.fitter: - Inverse column scale: 2.549066e-02 to 2.299503e-01
INFO mlfcs.fitting.fitter: Solving the force-only least-squares problem with streamed Gram
INFO mlfcs.fitting.fitter: - Equations: 36000, unknowns: 172
INFO mlfcs.fitting.fitter: - Maximum joint constraint residual: 3.382711e-16
INFO mlfcs.fitting.fitter: Force fitting summary
INFO mlfcs.fitting.fitter: - Training relative error: 32.803100 %
INFO mlfcs.fitting.fitter: - Training force RMSE: 1.0388226384e-01 eV/Å
INFO mlfcs.fitting.fitter: - Independent Gram statistics: one compiled design plan
INFO mlfcs.fitting.fitter: - Solver iterations=86, stop_code=0
INFO mlfcs.fitting.fitter: Expanding fitted Taylor parameters into sparse physical IFCs
INFO mlfcs.fitting.fitter: - Expanded 286 sparse tensors in 0.01 s
INFO mlfcs.phonon.sscha.solver: - Fitting relative force error: 32.803100 %
INFO mlfcs.phonon.sscha.solver: Relative FC2 change: 2.102366e-02
INFO mlfcs.phonon.sscha.solver: - Variational free-energy estimate: -5.9245162582e-01 +/- 7.605e-04 eV/primitive cell
INFO mlfcs.force_constants.realization: Export view cache miss; constructing new view
WARNING mlfcs.phonon.sampling.harmonic: Imaginary harmonic modes use policy 'absolute'; frequencies below 1.000e-06 THz will not raise an exception
INFO mlfcs.phonon.sampling.structures: Generated 100 harmonic perturbation structures
INFO mlfcs.phonon.sampling.structures: Harmonic sampling: qpoints=12, sampled_modes=357/357, minimum_frequency=0.60245501 THz
INFO mlfcs.phonon.sscha.solver: SSCHA iteration 17/30: canonical sampling
INFO mlfcs.phonon.sscha.solver: q points: 12
INFO mlfcs.phonon.sscha.solver: - sampled modes: 357/357, imaginary=0, excluded=0
INFO mlfcs.phonon.sscha.solver: - maximum sampled atomic displacement: 0.67834190 Å
INFO mlfcs.phonon.sscha.solver: maximum displacement limit: disabled
INFO mlfcs.fitting.linear_solvers: Explicit constraint parameterization: 188 -> 172 parameters in 49 blocks, rank=16, nnz=424
INFO mlfcs.fitting.design_operator: - Compiled design plan: 1 orders, 32 orbits, 286 image pairs, 0.2 MiB arrays
INFO mlfcs.fitting.gram.builder: Accumulating streamed Gram system: 172 x 172 (0.2 MiB) over 100 snapshots, backend=Numba design + OpenBLAS Gram
INFO mlfcs.fitting.gram.builder: - Gram structures: 1/100, elapsed=0.03 s
INFO mlfcs.fitting.gram.builder: - Gram structures: 20/100, elapsed=0.66 s
INFO mlfcs.fitting.gram.builder: - Gram structures: 40/100, elapsed=1.36 s
INFO mlfcs.fitting.gram.builder: - Gram structures: 60/100, elapsed=1.95 s
INFO mlfcs.fitting.gram.builder: - Gram structures: 80/100, elapsed=2.66 s
INFO mlfcs.fitting.gram.builder: - Gram structures: 100/100, elapsed=3.35 s
INFO mlfcs.fitting.gram.builder: - Streamed Gram system ready in 3.35 s
INFO mlfcs.fitting.gram.builder: - Gram phase timing: design=1.36 s, reduction=0.04 s, BLAS=1.96 s
INFO mlfcs.fitting.fitter: Constraint system: 16 rows after duplicate removal (90 ASR before compression)
INFO mlfcs.fitting.fitter: Column-norm preconditioning in constrained coordinates
INFO mlfcs.fitting.fitter: - Inverse column scale: 2.570490e-02 to 2.274506e-01
INFO mlfcs.fitting.fitter: Solving the force-only least-squares problem with streamed Gram
INFO mlfcs.fitting.fitter: - Equations: 36000, unknowns: 172
INFO mlfcs.fitting.fitter: - Maximum joint constraint residual: 3.747003e-16
INFO mlfcs.fitting.fitter: Force fitting summary
INFO mlfcs.fitting.fitter: - Training relative error: 31.947255 %
INFO mlfcs.fitting.fitter: - Training force RMSE: 1.0157241968e-01 eV/Å
INFO mlfcs.fitting.fitter: - Independent Gram statistics: one compiled design plan
INFO mlfcs.fitting.fitter: - Solver iterations=85, stop_code=0
INFO mlfcs.fitting.fitter: Expanding fitted Taylor parameters into sparse physical IFCs
INFO mlfcs.fitting.fitter: - Expanded 286 sparse tensors in 0.00 s
INFO mlfcs.phonon.sscha.solver: - Fitting relative force error: 31.947255 %
INFO mlfcs.phonon.sscha.solver: Relative FC2 change: 2.287268e-02
INFO mlfcs.phonon.sscha.solver: - Variational free-energy estimate: -5.9227426721e-01 +/- 7.849e-04 eV/primitive cell
INFO mlfcs.force_constants.realization: Export view cache miss; constructing new view
WARNING mlfcs.phonon.sampling.harmonic: Imaginary harmonic modes use policy 'absolute'; frequencies below 1.000e-06 THz will not raise an exception
INFO mlfcs.phonon.sampling.structures: Generated 100 harmonic perturbation structures
INFO mlfcs.phonon.sampling.structures: Harmonic sampling: qpoints=12, sampled_modes=357/357, minimum_frequency=0.60301446 THz
INFO mlfcs.phonon.sscha.solver: SSCHA iteration 18/30: canonical sampling
INFO mlfcs.phonon.sscha.solver: q points: 12
INFO mlfcs.phonon.sscha.solver: - sampled modes: 357/357, imaginary=0, excluded=0
INFO mlfcs.phonon.sscha.solver: - maximum sampled atomic displacement: 0.64072646 Å
INFO mlfcs.phonon.sscha.solver: maximum displacement limit: disabled
INFO mlfcs.fitting.linear_solvers: Explicit constraint parameterization: 188 -> 172 parameters in 49 blocks, rank=16, nnz=424
INFO mlfcs.fitting.design_operator: - Compiled design plan: 1 orders, 32 orbits, 286 image pairs, 0.2 MiB arrays
INFO mlfcs.fitting.gram.builder: Accumulating streamed Gram system: 172 x 172 (0.2 MiB) over 100 snapshots, backend=Numba design + OpenBLAS Gram
INFO mlfcs.fitting.gram.builder: - Gram structures: 1/100, elapsed=0.04 s
INFO mlfcs.fitting.gram.builder: - Gram structures: 20/100, elapsed=0.72 s
INFO mlfcs.fitting.gram.builder: - Gram structures: 40/100, elapsed=1.35 s
INFO mlfcs.fitting.gram.builder: - Gram structures: 60/100, elapsed=2.04 s
INFO mlfcs.fitting.gram.builder: - Gram structures: 80/100, elapsed=2.69 s
INFO mlfcs.fitting.gram.builder: - Gram structures: 100/100, elapsed=3.36 s
INFO mlfcs.fitting.gram.builder: - Streamed Gram system ready in 3.36 s
INFO mlfcs.fitting.gram.builder: - Gram phase timing: design=1.36 s, reduction=0.04 s, BLAS=1.96 s
INFO mlfcs.fitting.fitter: Constraint system: 16 rows after duplicate removal (90 ASR before compression)
INFO mlfcs.fitting.fitter: Column-norm preconditioning in constrained coordinates
INFO mlfcs.fitting.fitter: - Inverse column scale: 2.545025e-02 to 2.301819e-01
INFO mlfcs.fitting.fitter: Solving the force-only least-squares problem with streamed Gram
INFO mlfcs.fitting.fitter: - Equations: 36000, unknowns: 172
INFO mlfcs.fitting.fitter: - Maximum joint constraint residual: 3.330669e-16
INFO mlfcs.fitting.fitter: Force fitting summary
INFO mlfcs.fitting.fitter: - Training relative error: 33.512943 %
INFO mlfcs.fitting.fitter: - Training force RMSE: 1.0582181333e-01 eV/Å
INFO mlfcs.fitting.fitter: - Independent Gram statistics: one compiled design plan
INFO mlfcs.fitting.fitter: - Solver iterations=80, stop_code=0
INFO mlfcs.fitting.fitter: Expanding fitted Taylor parameters into sparse physical IFCs
INFO mlfcs.fitting.fitter: - Expanded 286 sparse tensors in 0.00 s
INFO mlfcs.phonon.sscha.solver: - Fitting relative force error: 33.512943 %
INFO mlfcs.phonon.sscha.solver: Relative FC2 change: 2.597475e-02
INFO mlfcs.phonon.sscha.solver: - Variational free-energy estimate: -5.9338240604e-01 +/- 8.368e-04 eV/primitive cell
INFO mlfcs.force_constants.realization: Export view cache miss; constructing new view
WARNING mlfcs.phonon.sampling.harmonic: Imaginary harmonic modes use policy 'absolute'; frequencies below 1.000e-06 THz will not raise an exception
INFO mlfcs.phonon.sampling.structures: Generated 100 harmonic perturbation structures
INFO mlfcs.phonon.sampling.structures: Harmonic sampling: qpoints=12, sampled_modes=357/357, minimum_frequency=0.59492412 THz
INFO mlfcs.phonon.sscha.solver: SSCHA iteration 19/30: canonical sampling
INFO mlfcs.phonon.sscha.solver: q points: 12
INFO mlfcs.phonon.sscha.solver: - sampled modes: 357/357, imaginary=0, excluded=0
INFO mlfcs.phonon.sscha.solver: - maximum sampled atomic displacement: 0.62455826 Å
INFO mlfcs.phonon.sscha.solver: maximum displacement limit: disabled
INFO mlfcs.fitting.linear_solvers: Explicit constraint parameterization: 188 -> 172 parameters in 49 blocks, rank=16, nnz=424
INFO mlfcs.fitting.design_operator: - Compiled design plan: 1 orders, 32 orbits, 286 image pairs, 0.2 MiB arrays
INFO mlfcs.fitting.gram.builder: Accumulating streamed Gram system: 172 x 172 (0.2 MiB) over 100 snapshots, backend=Numba design + OpenBLAS Gram
INFO mlfcs.fitting.gram.builder: - Gram structures: 1/100, elapsed=0.07 s
INFO mlfcs.fitting.gram.builder: - Gram structures: 20/100, elapsed=1.10 s
INFO mlfcs.fitting.gram.builder: - Gram structures: 40/100, elapsed=2.18 s
INFO mlfcs.fitting.gram.builder: - Gram structures: 60/100, elapsed=3.25 s
INFO mlfcs.fitting.gram.builder: - Gram structures: 80/100, elapsed=4.39 s
INFO mlfcs.fitting.gram.builder: - Gram structures: 100/100, elapsed=5.57 s
INFO mlfcs.fitting.gram.builder: - Streamed Gram system ready in 5.57 s
INFO mlfcs.fitting.gram.builder: - Gram phase timing: design=1.97 s, reduction=0.05 s, BLAS=3.54 s
INFO mlfcs.fitting.fitter: Constraint system: 16 rows after duplicate removal (90 ASR before compression)
INFO mlfcs.fitting.fitter: Column-norm preconditioning in constrained coordinates
INFO mlfcs.fitting.fitter: - Inverse column scale: 2.509945e-02 to 2.279408e-01
INFO mlfcs.fitting.fitter: Solving the force-only least-squares problem with streamed Gram
INFO mlfcs.fitting.fitter: - Equations: 36000, unknowns: 172
INFO mlfcs.fitting.fitter: - Maximum joint constraint residual: 4.857226e-16
INFO mlfcs.fitting.fitter: Force fitting summary
INFO mlfcs.fitting.fitter: - Training relative error: 37.584152 %
INFO mlfcs.fitting.fitter: - Training force RMSE: 1.2161403877e-01 eV/Å
INFO mlfcs.fitting.fitter: - Independent Gram statistics: one compiled design plan
INFO mlfcs.fitting.fitter: - Solver iterations=85, stop_code=0
INFO mlfcs.fitting.fitter: Expanding fitted Taylor parameters into sparse physical IFCs
INFO mlfcs.fitting.fitter: - Expanded 286 sparse tensors in 0.01 s
INFO mlfcs.phonon.sscha.solver: - Fitting relative force error: 37.584152 %
INFO mlfcs.phonon.sscha.solver: Relative FC2 change: 2.559499e-02
INFO mlfcs.phonon.sscha.solver: - Variational free-energy estimate: -5.9353495576e-01 +/- 1.188e-03 eV/primitive cell
INFO mlfcs.force_constants.realization: Export view cache miss; constructing new view
WARNING mlfcs.phonon.sampling.harmonic: Imaginary harmonic modes use policy 'absolute'; frequencies below 1.000e-06 THz will not raise an exception
INFO mlfcs.phonon.sampling.structures: Generated 100 harmonic perturbation structures
INFO mlfcs.phonon.sampling.structures: Harmonic sampling: qpoints=12, sampled_modes=357/357, minimum_frequency=0.62196766 THz
INFO mlfcs.phonon.sscha.solver: SSCHA iteration 20/30: canonical sampling
INFO mlfcs.phonon.sscha.solver: q points: 12
INFO mlfcs.phonon.sscha.solver: - sampled modes: 357/357, imaginary=0, excluded=0
INFO mlfcs.phonon.sscha.solver: - maximum sampled atomic displacement: 0.66685472 Å
INFO mlfcs.phonon.sscha.solver: maximum displacement limit: disabled
INFO mlfcs.fitting.linear_solvers: Explicit constraint parameterization: 188 -> 172 parameters in 49 blocks, rank=16, nnz=424
INFO mlfcs.fitting.design_operator: - Compiled design plan: 1 orders, 32 orbits, 286 image pairs, 0.2 MiB arrays
INFO mlfcs.fitting.gram.builder: Accumulating streamed Gram system: 172 x 172 (0.2 MiB) over 100 snapshots, backend=Numba design + OpenBLAS Gram
INFO mlfcs.fitting.gram.builder: - Gram structures: 1/100, elapsed=0.06 s
INFO mlfcs.fitting.gram.builder: - Gram structures: 20/100, elapsed=1.13 s
INFO mlfcs.fitting.gram.builder: - Gram structures: 40/100, elapsed=2.18 s
INFO mlfcs.fitting.gram.builder: - Gram structures: 60/100, elapsed=3.20 s
INFO mlfcs.fitting.gram.builder: - Gram structures: 80/100, elapsed=4.21 s
INFO mlfcs.fitting.gram.builder: - Gram structures: 100/100, elapsed=5.27 s
INFO mlfcs.fitting.gram.builder: - Streamed Gram system ready in 5.27 s
INFO mlfcs.fitting.gram.builder: - Gram phase timing: design=1.44 s, reduction=0.04 s, BLAS=3.79 s
INFO mlfcs.fitting.fitter: Constraint system: 16 rows after duplicate removal (90 ASR before compression)
INFO mlfcs.fitting.fitter: Column-norm preconditioning in constrained coordinates
INFO mlfcs.fitting.fitter: - Inverse column scale: 2.554466e-02 to 2.343032e-01
INFO mlfcs.fitting.fitter: Solving the force-only least-squares problem with streamed Gram
INFO mlfcs.fitting.fitter: - Equations: 36000, unknowns: 172
INFO mlfcs.fitting.fitter: - Maximum joint constraint residual: 2.498002e-16
INFO mlfcs.fitting.fitter: Force fitting summary
INFO mlfcs.fitting.fitter: - Training relative error: 42.159965 %
INFO mlfcs.fitting.fitter: - Training force RMSE: 1.3817890297e-01 eV/Å
INFO mlfcs.fitting.fitter: - Independent Gram statistics: one compiled design plan
INFO mlfcs.fitting.fitter: - Solver iterations=79, stop_code=0
INFO mlfcs.fitting.fitter: Expanding fitted Taylor parameters into sparse physical IFCs
INFO mlfcs.fitting.fitter: - Expanded 286 sparse tensors in 0.01 s
INFO mlfcs.phonon.sscha.solver: - Fitting relative force error: 42.159965 %
INFO mlfcs.phonon.sscha.solver: Relative FC2 change: 2.048833e-02
INFO mlfcs.phonon.sscha.solver: - Variational free-energy estimate: -5.9612680427e-01 +/- 1.130e-03 eV/primitive cell
INFO mlfcs.force_constants.realization: Export view cache miss; constructing new view
WARNING mlfcs.phonon.sampling.harmonic: Imaginary harmonic modes use policy 'absolute'; frequencies below 1.000e-06 THz will not raise an exception
INFO mlfcs.phonon.sampling.structures: Generated 100 harmonic perturbation structures
INFO mlfcs.phonon.sampling.structures: Harmonic sampling: qpoints=12, sampled_modes=357/357, minimum_frequency=0.55541570 THz
INFO mlfcs.phonon.sscha.solver: SSCHA iteration 21/30: canonical sampling
INFO mlfcs.phonon.sscha.solver: q points: 12
INFO mlfcs.phonon.sscha.solver: - sampled modes: 357/357, imaginary=0, excluded=0
INFO mlfcs.phonon.sscha.solver: - maximum sampled atomic displacement: 0.59446732 Å
INFO mlfcs.phonon.sscha.solver: maximum displacement limit: disabled
INFO mlfcs.fitting.linear_solvers: Explicit constraint parameterization: 188 -> 172 parameters in 49 blocks, rank=16, nnz=424
INFO mlfcs.fitting.design_operator: - Compiled design plan: 1 orders, 32 orbits, 286 image pairs, 0.2 MiB arrays
INFO mlfcs.fitting.gram.builder: Accumulating streamed Gram system: 172 x 172 (0.2 MiB) over 100 snapshots, backend=Numba design + OpenBLAS Gram
INFO mlfcs.fitting.gram.builder: - Gram structures: 1/100, elapsed=0.04 s
INFO mlfcs.fitting.gram.builder: - Gram structures: 20/100, elapsed=0.95 s
INFO mlfcs.fitting.gram.builder: - Gram structures: 40/100, elapsed=1.80 s
INFO mlfcs.fitting.gram.builder: - Gram structures: 60/100, elapsed=2.51 s
INFO mlfcs.fitting.gram.builder: - Gram structures: 80/100, elapsed=3.32 s
INFO mlfcs.fitting.gram.builder: - Gram structures: 100/100, elapsed=4.01 s
INFO mlfcs.fitting.gram.builder: - Streamed Gram system ready in 4.01 s
INFO mlfcs.fitting.gram.builder: - Gram phase timing: design=1.26 s, reduction=0.05 s, BLAS=2.68 s
INFO mlfcs.fitting.fitter: Constraint system: 16 rows after duplicate removal (90 ASR before compression)
INFO mlfcs.fitting.fitter: Column-norm preconditioning in constrained coordinates
INFO mlfcs.fitting.fitter: - Inverse column scale: 2.367835e-02 to 2.262103e-01
INFO mlfcs.fitting.fitter: Solving the force-only least-squares problem with streamed Gram
INFO mlfcs.fitting.fitter: - Equations: 36000, unknowns: 172
INFO mlfcs.fitting.fitter: - Maximum joint constraint residual: 1.942890e-16
INFO mlfcs.fitting.fitter: Force fitting summary
INFO mlfcs.fitting.fitter: - Training relative error: 39.285242 %
INFO mlfcs.fitting.fitter: - Training force RMSE: 1.2691075059e-01 eV/Å
INFO mlfcs.fitting.fitter: - Independent Gram statistics: one compiled design plan
INFO mlfcs.fitting.fitter: - Solver iterations=87, stop_code=0
INFO mlfcs.fitting.fitter: Expanding fitted Taylor parameters into sparse physical IFCs
INFO mlfcs.fitting.fitter: - Expanded 286 sparse tensors in 0.01 s
INFO mlfcs.phonon.sscha.solver: - Fitting relative force error: 39.285242 %
INFO mlfcs.phonon.sscha.solver: Relative FC2 change: 2.098094e-02
INFO mlfcs.phonon.sscha.solver: - Variational free-energy estimate: -5.9689526411e-01 +/- 9.093e-04 eV/primitive cell
INFO mlfcs.force_constants.realization: Export view cache miss; constructing new view
WARNING mlfcs.phonon.sampling.harmonic: Imaginary harmonic modes use policy 'absolute'; frequencies below 1.000e-06 THz will not raise an exception
INFO mlfcs.phonon.sampling.structures: Generated 100 harmonic perturbation structures
INFO mlfcs.phonon.sampling.structures: Harmonic sampling: qpoints=12, sampled_modes=357/357, minimum_frequency=0.59213080 THz
INFO mlfcs.phonon.sscha.solver: SSCHA iteration 22/30: canonical sampling
INFO mlfcs.phonon.sscha.solver: q points: 12
INFO mlfcs.phonon.sscha.solver: - sampled modes: 357/357, imaginary=0, excluded=0
INFO mlfcs.phonon.sscha.solver: - maximum sampled atomic displacement: 0.64678036 Å
INFO mlfcs.phonon.sscha.solver: maximum displacement limit: disabled
INFO mlfcs.fitting.linear_solvers: Explicit constraint parameterization: 188 -> 172 parameters in 49 blocks, rank=16, nnz=424
INFO mlfcs.fitting.design_operator: - Compiled design plan: 1 orders, 32 orbits, 286 image pairs, 0.2 MiB arrays
INFO mlfcs.fitting.gram.builder: Accumulating streamed Gram system: 172 x 172 (0.2 MiB) over 100 snapshots, backend=Numba design + OpenBLAS Gram
INFO mlfcs.fitting.gram.builder: - Gram structures: 1/100, elapsed=0.07 s
INFO mlfcs.fitting.gram.builder: - Gram structures: 20/100, elapsed=0.83 s
INFO mlfcs.fitting.gram.builder: - Gram structures: 40/100, elapsed=1.66 s
INFO mlfcs.fitting.gram.builder: - Gram structures: 60/100, elapsed=2.48 s
INFO mlfcs.fitting.gram.builder: - Gram structures: 80/100, elapsed=3.32 s
INFO mlfcs.fitting.gram.builder: - Gram structures: 100/100, elapsed=3.97 s
INFO mlfcs.fitting.gram.builder: - Streamed Gram system ready in 3.97 s
INFO mlfcs.fitting.gram.builder: - Gram phase timing: design=1.53 s, reduction=0.04 s, BLAS=2.39 s
INFO mlfcs.fitting.fitter: Constraint system: 16 rows after duplicate removal (90 ASR before compression)
INFO mlfcs.fitting.fitter: Column-norm preconditioning in constrained coordinates
INFO mlfcs.fitting.fitter: - Inverse column scale: 2.420609e-02 to 2.228597e-01
INFO mlfcs.fitting.fitter: Solving the force-only least-squares problem with streamed Gram
INFO mlfcs.fitting.fitter: - Equations: 36000, unknowns: 172
INFO mlfcs.fitting.fitter: - Maximum joint constraint residual: 3.053113e-16
INFO mlfcs.fitting.fitter: Force fitting summary
INFO mlfcs.fitting.fitter: - Training relative error: 42.380687 %
INFO mlfcs.fitting.fitter: - Training force RMSE: 1.3941724047e-01 eV/Å
INFO mlfcs.fitting.fitter: - Independent Gram statistics: one compiled design plan
INFO mlfcs.fitting.fitter: - Solver iterations=88, stop_code=0
INFO mlfcs.fitting.fitter: Expanding fitted Taylor parameters into sparse physical IFCs
INFO mlfcs.fitting.fitter: - Expanded 286 sparse tensors in 0.02 s
INFO mlfcs.phonon.sscha.solver: - Fitting relative force error: 42.380687 %
INFO mlfcs.phonon.sscha.solver: Relative FC2 change: 2.126003e-02
INFO mlfcs.phonon.sscha.solver: - Variational free-energy estimate: -5.9661646516e-01 +/- 1.209e-03 eV/primitive cell
INFO mlfcs.force_constants.realization: Export view cache miss; constructing new view
WARNING mlfcs.phonon.sampling.harmonic: Imaginary harmonic modes use policy 'absolute'; frequencies below 1.000e-06 THz will not raise an exception
INFO mlfcs.phonon.sampling.structures: Generated 100 harmonic perturbation structures
INFO mlfcs.phonon.sampling.structures: Harmonic sampling: qpoints=12, sampled_modes=357/357, minimum_frequency=0.54862403 THz
INFO mlfcs.phonon.sscha.solver: SSCHA iteration 23/30: canonical sampling
INFO mlfcs.phonon.sscha.solver: q points: 12
INFO mlfcs.phonon.sscha.solver: - sampled modes: 357/357, imaginary=0, excluded=0
INFO mlfcs.phonon.sscha.solver: - maximum sampled atomic displacement: 0.75219213 Å
INFO mlfcs.phonon.sscha.solver: maximum displacement limit: disabled
INFO mlfcs.fitting.linear_solvers: Explicit constraint parameterization: 188 -> 172 parameters in 49 blocks, rank=16, nnz=424
INFO mlfcs.fitting.design_operator: - Compiled design plan: 1 orders, 32 orbits, 286 image pairs, 0.2 MiB arrays
INFO mlfcs.fitting.gram.builder: Accumulating streamed Gram system: 172 x 172 (0.2 MiB) over 100 snapshots, backend=Numba design + OpenBLAS Gram
INFO mlfcs.fitting.gram.builder: - Gram structures: 1/100, elapsed=0.03 s
INFO mlfcs.fitting.gram.builder: - Gram structures: 20/100, elapsed=0.81 s
INFO mlfcs.fitting.gram.builder: - Gram structures: 40/100, elapsed=1.66 s
INFO mlfcs.fitting.gram.builder: - Gram structures: 60/100, elapsed=2.48 s
INFO mlfcs.fitting.gram.builder: - Gram structures: 80/100, elapsed=3.32 s
INFO mlfcs.fitting.gram.builder: - Gram structures: 100/100, elapsed=4.13 s
INFO mlfcs.fitting.gram.builder: - Streamed Gram system ready in 4.13 s
INFO mlfcs.fitting.gram.builder: - Gram phase timing: design=1.65 s, reduction=0.05 s, BLAS=2.42 s
INFO mlfcs.fitting.fitter: Constraint system: 16 rows after duplicate removal (90 ASR before compression)
INFO mlfcs.fitting.fitter: Column-norm preconditioning in constrained coordinates
INFO mlfcs.fitting.fitter: - Inverse column scale: 2.333346e-02 to 2.277769e-01
INFO mlfcs.fitting.fitter: Solving the force-only least-squares problem with streamed Gram
INFO mlfcs.fitting.fitter: - Equations: 36000, unknowns: 172
INFO mlfcs.fitting.fitter: - Maximum joint constraint residual: 3.469447e-16
INFO mlfcs.fitting.fitter: Force fitting summary
INFO mlfcs.fitting.fitter: - Training relative error: 44.404346 %
INFO mlfcs.fitting.fitter: - Training force RMSE: 1.4971322720e-01 eV/Å
INFO mlfcs.fitting.fitter: - Independent Gram statistics: one compiled design plan
INFO mlfcs.fitting.fitter: - Solver iterations=88, stop_code=0
INFO mlfcs.fitting.fitter: Expanding fitted Taylor parameters into sparse physical IFCs
INFO mlfcs.fitting.fitter: - Expanded 286 sparse tensors in 0.00 s
INFO mlfcs.phonon.sscha.solver: - Fitting relative force error: 44.404346 %
INFO mlfcs.phonon.sscha.solver: Relative FC2 change: 2.336989e-02
INFO mlfcs.phonon.sscha.solver: - Variational free-energy estimate: -5.9792098871e-01 +/- 1.490e-03 eV/primitive cell
INFO mlfcs.force_constants.realization: Export view cache miss; constructing new view
WARNING mlfcs.phonon.sampling.harmonic: Imaginary harmonic modes use policy 'absolute'; frequencies below 1.000e-06 THz will not raise an exception
INFO mlfcs.phonon.sampling.structures: Generated 100 harmonic perturbation structures
INFO mlfcs.phonon.sampling.structures: Harmonic sampling: qpoints=12, sampled_modes=357/357, minimum_frequency=0.58939600 THz
INFO mlfcs.phonon.sscha.solver: SSCHA iteration 24/30: canonical sampling
INFO mlfcs.phonon.sscha.solver: q points: 12
INFO mlfcs.phonon.sscha.solver: - sampled modes: 357/357, imaginary=0, excluded=0
INFO mlfcs.phonon.sscha.solver: - maximum sampled atomic displacement: 0.69554590 Å
INFO mlfcs.phonon.sscha.solver: maximum displacement limit: disabled
INFO mlfcs.fitting.linear_solvers: Explicit constraint parameterization: 188 -> 172 parameters in 49 blocks, rank=16, nnz=424
INFO mlfcs.fitting.design_operator: - Compiled design plan: 1 orders, 32 orbits, 286 image pairs, 0.2 MiB arrays
INFO mlfcs.fitting.gram.builder: Accumulating streamed Gram system: 172 x 172 (0.2 MiB) over 100 snapshots, backend=Numba design + OpenBLAS Gram
INFO mlfcs.fitting.gram.builder: - Gram structures: 1/100, elapsed=0.02 s
INFO mlfcs.fitting.gram.builder: - Gram structures: 20/100, elapsed=0.78 s
INFO mlfcs.fitting.gram.builder: - Gram structures: 40/100, elapsed=1.55 s
INFO mlfcs.fitting.gram.builder: - Gram structures: 60/100, elapsed=2.38 s
INFO mlfcs.fitting.gram.builder: - Gram structures: 80/100, elapsed=3.04 s
INFO mlfcs.fitting.gram.builder: - Gram structures: 100/100, elapsed=3.72 s
INFO mlfcs.fitting.gram.builder: - Streamed Gram system ready in 3.72 s
INFO mlfcs.fitting.gram.builder: - Gram phase timing: design=1.58 s, reduction=0.05 s, BLAS=2.08 s
INFO mlfcs.fitting.fitter: Constraint system: 16 rows after duplicate removal (90 ASR before compression)
INFO mlfcs.fitting.fitter: Column-norm preconditioning in constrained coordinates
INFO mlfcs.fitting.fitter: - Inverse column scale: 2.413307e-02 to 2.252879e-01
INFO mlfcs.fitting.fitter: Solving the force-only least-squares problem with streamed Gram
INFO mlfcs.fitting.fitter: - Equations: 36000, unknowns: 172
INFO mlfcs.fitting.fitter: - Maximum joint constraint residual: 3.035766e-16
INFO mlfcs.fitting.fitter: Force fitting summary
INFO mlfcs.fitting.fitter: - Training relative error: 47.714339 %
INFO mlfcs.fitting.fitter: - Training force RMSE: 1.6276666752e-01 eV/Å
INFO mlfcs.fitting.fitter: - Independent Gram statistics: one compiled design plan
INFO mlfcs.fitting.fitter: - Solver iterations=82, stop_code=0
INFO mlfcs.fitting.fitter: Expanding fitted Taylor parameters into sparse physical IFCs
INFO mlfcs.fitting.fitter: - Expanded 286 sparse tensors in 0.01 s
INFO mlfcs.phonon.sscha.solver: - Fitting relative force error: 47.714339 %
INFO mlfcs.phonon.sscha.solver: Relative FC2 change: 2.457556e-02
INFO mlfcs.phonon.sscha.solver: - Variational free-energy estimate: -5.9745539530e-01 +/- 1.336e-03 eV/primitive cell
INFO mlfcs.force_constants.realization: Export view cache miss; constructing new view
WARNING mlfcs.phonon.sampling.harmonic: Imaginary harmonic modes use policy 'absolute'; frequencies below 1.000e-06 THz will not raise an exception
INFO mlfcs.phonon.sampling.structures: Generated 100 harmonic perturbation structures
INFO mlfcs.phonon.sampling.structures: Harmonic sampling: qpoints=12, sampled_modes=357/357, minimum_frequency=0.57357984 THz
INFO mlfcs.phonon.sscha.solver: SSCHA iteration 25/30: canonical sampling
INFO mlfcs.phonon.sscha.solver: q points: 12
INFO mlfcs.phonon.sscha.solver: - sampled modes: 357/357, imaginary=0, excluded=0
INFO mlfcs.phonon.sscha.solver: - maximum sampled atomic displacement: 0.77899795 Å
INFO mlfcs.phonon.sscha.solver: maximum displacement limit: disabled
INFO mlfcs.fitting.linear_solvers: Explicit constraint parameterization: 188 -> 172 parameters in 49 blocks, rank=16, nnz=424
INFO mlfcs.fitting.design_operator: - Compiled design plan: 1 orders, 32 orbits, 286 image pairs, 0.2 MiB arrays
INFO mlfcs.fitting.gram.builder: Accumulating streamed Gram system: 172 x 172 (0.2 MiB) over 100 snapshots, backend=Numba design + OpenBLAS Gram
INFO mlfcs.fitting.gram.builder: - Gram structures: 1/100, elapsed=0.03 s
INFO mlfcs.fitting.gram.builder: - Gram structures: 20/100, elapsed=0.70 s
INFO mlfcs.fitting.gram.builder: - Gram structures: 40/100, elapsed=1.49 s
INFO mlfcs.fitting.gram.builder: - Gram structures: 60/100, elapsed=2.27 s
INFO mlfcs.fitting.gram.builder: - Gram structures: 80/100, elapsed=2.95 s
INFO mlfcs.fitting.gram.builder: - Gram structures: 100/100, elapsed=3.76 s
INFO mlfcs.fitting.gram.builder: - Streamed Gram system ready in 3.76 s
INFO mlfcs.fitting.gram.builder: - Gram phase timing: design=1.49 s, reduction=0.04 s, BLAS=2.22 s
INFO mlfcs.fitting.fitter: Constraint system: 16 rows after duplicate removal (90 ASR before compression)
INFO mlfcs.fitting.fitter: Column-norm preconditioning in constrained coordinates
INFO mlfcs.fitting.fitter: - Inverse column scale: 2.047431e-02 to 2.238170e-01
INFO mlfcs.fitting.fitter: Solving the force-only least-squares problem with streamed Gram
INFO mlfcs.fitting.fitter: - Equations: 36000, unknowns: 172
INFO mlfcs.fitting.fitter: - Maximum joint constraint residual: 2.532696e-16
INFO mlfcs.fitting.fitter: Force fitting summary
INFO mlfcs.fitting.fitter: - Training relative error: 63.670463 %
INFO mlfcs.fitting.fitter: - Training force RMSE: 2.4254770405e-01 eV/Å
INFO mlfcs.fitting.fitter: - Independent Gram statistics: one compiled design plan
INFO mlfcs.fitting.fitter: - Solver iterations=92, stop_code=0
INFO mlfcs.fitting.fitter: Expanding fitted Taylor parameters into sparse physical IFCs
INFO mlfcs.fitting.fitter: - Expanded 286 sparse tensors in 0.01 s
INFO mlfcs.phonon.sscha.solver: - Fitting relative force error: 63.670463 %
INFO mlfcs.phonon.sscha.solver: Relative FC2 change: 3.605759e-02
INFO mlfcs.phonon.sscha.solver: - Variational free-energy estimate: -6.0058638812e-01 +/- 2.171e-03 eV/primitive cell
INFO mlfcs.force_constants.realization: Export view cache miss; constructing new view
WARNING mlfcs.phonon.sampling.harmonic: Imaginary harmonic modes use policy 'absolute'; frequencies below 1.000e-06 THz will not raise an exception
INFO mlfcs.phonon.sampling.structures: Generated 100 harmonic perturbation structures
INFO mlfcs.phonon.sampling.structures: Harmonic sampling: qpoints=12, sampled_modes=357/357, minimum_frequency=-1.28344694 THz
INFO mlfcs.phonon.sscha.solver: SSCHA iteration 26/30: canonical sampling
INFO mlfcs.phonon.sscha.solver: q points: 12
INFO mlfcs.phonon.sscha.solver: - sampled modes: 357/357, imaginary=9, excluded=0
INFO mlfcs.phonon.sscha.solver: - maximum sampled atomic displacement: 1.06163372 Å
INFO mlfcs.phonon.sscha.solver: maximum displacement limit: disabled
INFO mlfcs.fitting.linear_solvers: Explicit constraint parameterization: 188 -> 172 parameters in 49 blocks, rank=16, nnz=424
INFO mlfcs.fitting.design_operator: - Compiled design plan: 1 orders, 32 orbits, 286 image pairs, 0.2 MiB arrays
INFO mlfcs.fitting.gram.builder: Accumulating streamed Gram system: 172 x 172 (0.2 MiB) over 100 snapshots, backend=Numba design + OpenBLAS Gram
INFO mlfcs.fitting.gram.builder: - Gram structures: 1/100, elapsed=0.06 s
INFO mlfcs.fitting.gram.builder: - Gram structures: 20/100, elapsed=0.76 s
INFO mlfcs.fitting.gram.builder: - Gram structures: 40/100, elapsed=1.70 s
INFO mlfcs.fitting.gram.builder: - Gram structures: 60/100, elapsed=2.63 s
INFO mlfcs.fitting.gram.builder: - Gram structures: 80/100, elapsed=3.55 s
INFO mlfcs.fitting.gram.builder: - Gram structures: 100/100, elapsed=4.43 s
INFO mlfcs.fitting.gram.builder: - Streamed Gram system ready in 4.43 s
INFO mlfcs.fitting.gram.builder: - Gram phase timing: design=1.59 s, reduction=0.04 s, BLAS=2.79 s
INFO mlfcs.fitting.fitter: Constraint system: 16 rows after duplicate removal (90 ASR before compression)
INFO mlfcs.fitting.fitter: Column-norm preconditioning in constrained coordinates
INFO mlfcs.fitting.fitter: - Inverse column scale: 1.663944e-02 to 2.275261e-01
INFO mlfcs.fitting.fitter: Solving the force-only least-squares problem with streamed Gram
INFO mlfcs.fitting.fitter: - Equations: 36000, unknowns: 172
INFO mlfcs.fitting.fitter: - Maximum joint constraint residual: 7.771561e-16
INFO mlfcs.fitting.fitter: Force fitting summary
INFO mlfcs.fitting.fitter: - Training relative error: 97.652171 %
INFO mlfcs.fitting.fitter: - Training force RMSE: 1.4826569714e+01 eV/Å
INFO mlfcs.fitting.fitter: - Independent Gram statistics: one compiled design plan
INFO mlfcs.fitting.fitter: - Solver iterations=96, stop_code=0
INFO mlfcs.fitting.fitter: Expanding fitted Taylor parameters into sparse physical IFCs
INFO mlfcs.fitting.fitter: - Expanded 286 sparse tensors in 0.00 s
INFO mlfcs.phonon.sscha.solver: - Fitting relative force error: 97.652171 %
INFO mlfcs.phonon.sscha.solver: Relative FC2 change: 1.820997e+00
INFO mlfcs.phonon.sscha.solver: - Variational free-energy estimate: -1.5625286826e+00 +/- 2.738e-01 eV/primitive cell
INFO mlfcs.force_constants.realization: Export view cache miss; constructing new view
WARNING mlfcs.phonon.sampling.harmonic: Imaginary harmonic modes use policy 'absolute'; frequencies below 1.000e-06 THz will not raise an exception
INFO mlfcs.phonon.sampling.structures: Generated 100 harmonic perturbation structures
INFO mlfcs.phonon.sampling.structures: Harmonic sampling: qpoints=12, sampled_modes=357/357, minimum_frequency=-16.99055823 THz
INFO mlfcs.phonon.sscha.solver: SSCHA iteration 27/30: canonical sampling
INFO mlfcs.phonon.sscha.solver: q points: 12
INFO mlfcs.phonon.sscha.solver: - sampled modes: 357/357, imaginary=130, excluded=0
INFO mlfcs.phonon.sscha.solver: - maximum sampled atomic displacement: 0.92262035 Å
INFO mlfcs.phonon.sscha.solver: maximum displacement limit: disabled
INFO mlfcs.fitting.linear_solvers: Explicit constraint parameterization: 188 -> 172 parameters in 49 blocks, rank=16, nnz=424
INFO mlfcs.fitting.design_operator: - Compiled design plan: 1 orders, 32 orbits, 286 image pairs, 0.2 MiB arrays
INFO mlfcs.fitting.gram.builder: Accumulating streamed Gram system: 172 x 172 (0.2 MiB) over 100 snapshots, backend=Numba design + OpenBLAS Gram
INFO mlfcs.fitting.gram.builder: - Gram structures: 1/100, elapsed=0.03 s
INFO mlfcs.fitting.gram.builder: - Gram structures: 20/100, elapsed=0.69 s
INFO mlfcs.fitting.gram.builder: - Gram structures: 40/100, elapsed=1.44 s
INFO mlfcs.fitting.gram.builder: - Gram structures: 60/100, elapsed=2.23 s
INFO mlfcs.fitting.gram.builder: - Gram structures: 80/100, elapsed=3.03 s
INFO mlfcs.fitting.gram.builder: - Gram structures: 100/100, elapsed=3.73 s
INFO mlfcs.fitting.gram.builder: - Streamed Gram system ready in 3.73 s
INFO mlfcs.fitting.gram.builder: - Gram phase timing: design=1.45 s, reduction=0.04 s, BLAS=2.23 s
INFO mlfcs.fitting.fitter: Constraint system: 16 rows after duplicate removal (90 ASR before compression)
INFO mlfcs.fitting.fitter: Column-norm preconditioning in constrained coordinates
INFO mlfcs.fitting.fitter: - Inverse column scale: 2.008001e-02 to 2.259812e-01
INFO mlfcs.fitting.fitter: Solving the force-only least-squares problem with streamed Gram
INFO mlfcs.fitting.fitter: - Equations: 36000, unknowns: 172
INFO mlfcs.fitting.fitter: - Maximum joint constraint residual: 3.417405e-16
INFO mlfcs.fitting.fitter: Force fitting summary
INFO mlfcs.fitting.fitter: - Training relative error: 90.327314 %
INFO mlfcs.fitting.fitter: - Training force RMSE: 8.8405388941e-01 eV/Å
INFO mlfcs.fitting.fitter: - Independent Gram statistics: one compiled design plan
INFO mlfcs.fitting.fitter: - Solver iterations=78, stop_code=0
INFO mlfcs.fitting.fitter: Expanding fitted Taylor parameters into sparse physical IFCs
INFO mlfcs.fitting.fitter: - Expanded 286 sparse tensors in 0.00 s
INFO mlfcs.phonon.sscha.solver: - Fitting relative force error: 90.327314 %
INFO mlfcs.phonon.sscha.solver: Relative FC2 change: 9.416734e-01
INFO mlfcs.phonon.sscha.solver: - Variational free-energy estimate: 2.5652675224e-02 +/- 1.303e-02 eV/primitive cell
INFO mlfcs.force_constants.realization: Export view cache miss; constructing new view
WARNING mlfcs.phonon.sampling.harmonic: Imaginary harmonic modes use policy 'absolute'; frequencies below 1.000e-06 THz will not raise an exception
INFO mlfcs.phonon.sampling.structures: Generated 100 harmonic perturbation structures
INFO mlfcs.phonon.sampling.structures: Harmonic sampling: qpoints=12, sampled_modes=357/357, minimum_frequency=-0.54209977 THz
INFO mlfcs.phonon.sscha.solver: SSCHA iteration 28/30: canonical sampling
INFO mlfcs.phonon.sscha.solver: q points: 12
INFO mlfcs.phonon.sscha.solver: - sampled modes: 357/357, imaginary=6, excluded=0
INFO mlfcs.phonon.sscha.solver: - maximum sampled atomic displacement: 0.86647615 Å
INFO mlfcs.phonon.sscha.solver: maximum displacement limit: disabled
INFO mlfcs.fitting.linear_solvers: Explicit constraint parameterization: 188 -> 172 parameters in 49 blocks, rank=16, nnz=424
INFO mlfcs.fitting.design_operator: - Compiled design plan: 1 orders, 32 orbits, 286 image pairs, 0.2 MiB arrays
INFO mlfcs.fitting.gram.builder: Accumulating streamed Gram system: 172 x 172 (0.2 MiB) over 100 snapshots, backend=Numba design + OpenBLAS Gram
INFO mlfcs.fitting.gram.builder: - Gram structures: 1/100, elapsed=0.05 s
INFO mlfcs.fitting.gram.builder: - Gram structures: 20/100, elapsed=1.10 s
INFO mlfcs.fitting.gram.builder: - Gram structures: 40/100, elapsed=2.22 s
INFO mlfcs.fitting.gram.builder: - Gram structures: 60/100, elapsed=3.02 s
INFO mlfcs.fitting.gram.builder: - Gram structures: 80/100, elapsed=3.51 s
INFO mlfcs.fitting.gram.builder: - Gram structures: 100/100, elapsed=4.03 s
INFO mlfcs.fitting.gram.builder: - Streamed Gram system ready in 4.03 s
INFO mlfcs.fitting.gram.builder: - Gram phase timing: design=1.33 s, reduction=0.04 s, BLAS=2.65 s
INFO mlfcs.fitting.fitter: Constraint system: 16 rows after duplicate removal (90 ASR before compression)
INFO mlfcs.fitting.fitter: Column-norm preconditioning in constrained coordinates
INFO mlfcs.fitting.fitter: - Inverse column scale: 1.881626e-02 to 2.270792e-01
INFO mlfcs.fitting.fitter: Solving the force-only least-squares problem with streamed Gram
INFO mlfcs.fitting.fitter: - Equations: 36000, unknowns: 172
INFO mlfcs.fitting.fitter: - Maximum joint constraint residual: 2.914335e-16
INFO mlfcs.fitting.fitter: Force fitting summary
INFO mlfcs.fitting.fitter: - Training relative error: 53.142393 %
INFO mlfcs.fitting.fitter: - Training force RMSE: 1.9498247735e-01 eV/Å
INFO mlfcs.fitting.fitter: - Independent Gram statistics: one compiled design plan
INFO mlfcs.fitting.fitter: - Solver iterations=103, stop_code=0
INFO mlfcs.fitting.fitter: Expanding fitted Taylor parameters into sparse physical IFCs
INFO mlfcs.fitting.fitter: - Expanded 286 sparse tensors in 0.01 s
INFO mlfcs.phonon.sscha.solver: - Fitting relative force error: 53.142393 %
INFO mlfcs.phonon.sscha.solver: Relative FC2 change: 1.757438e-01
INFO mlfcs.phonon.sscha.solver: - Variational free-energy estimate: -4.9442238049e-01 +/- 4.489e-03 eV/primitive cell
INFO mlfcs.force_constants.realization: Export view cache miss; constructing new view
WARNING mlfcs.phonon.sampling.harmonic: Imaginary harmonic modes use policy 'absolute'; frequencies below 1.000e-06 THz will not raise an exception
INFO mlfcs.phonon.sampling.structures: Generated 100 harmonic perturbation structures
INFO mlfcs.phonon.sampling.structures: Harmonic sampling: qpoints=12, sampled_modes=357/357, minimum_frequency=0.64672318 THz
INFO mlfcs.phonon.sscha.solver: SSCHA iteration 29/30: canonical sampling
INFO mlfcs.phonon.sscha.solver: q points: 12
INFO mlfcs.phonon.sscha.solver: - sampled modes: 357/357, imaginary=0, excluded=0
INFO mlfcs.phonon.sscha.solver: - maximum sampled atomic displacement: 0.81128083 Å
INFO mlfcs.phonon.sscha.solver: maximum displacement limit: disabled
INFO mlfcs.fitting.linear_solvers: Explicit constraint parameterization: 188 -> 172 parameters in 49 blocks, rank=16, nnz=424
INFO mlfcs.fitting.design_operator: - Compiled design plan: 1 orders, 32 orbits, 286 image pairs, 0.2 MiB arrays
INFO mlfcs.fitting.gram.builder: Accumulating streamed Gram system: 172 x 172 (0.2 MiB) over 100 snapshots, backend=Numba design + OpenBLAS Gram
INFO mlfcs.fitting.gram.builder: - Gram structures: 1/100, elapsed=0.01 s
INFO mlfcs.fitting.gram.builder: - Gram structures: 20/100, elapsed=0.62 s
INFO mlfcs.fitting.gram.builder: - Gram structures: 40/100, elapsed=1.22 s
INFO mlfcs.fitting.gram.builder: - Gram structures: 60/100, elapsed=2.01 s
INFO mlfcs.fitting.gram.builder: - Gram structures: 80/100, elapsed=2.57 s
INFO mlfcs.fitting.gram.builder: - Gram structures: 100/100, elapsed=3.23 s
INFO mlfcs.fitting.gram.builder: - Streamed Gram system ready in 3.23 s
INFO mlfcs.fitting.gram.builder: - Gram phase timing: design=1.30 s, reduction=0.04 s, BLAS=1.89 s
INFO mlfcs.fitting.fitter: Constraint system: 16 rows after duplicate removal (90 ASR before compression)
INFO mlfcs.fitting.fitter: Column-norm preconditioning in constrained coordinates
INFO mlfcs.fitting.fitter: - Inverse column scale: 2.300469e-02 to 2.404729e-01
INFO mlfcs.fitting.fitter: Solving the force-only least-squares problem with streamed Gram
INFO mlfcs.fitting.fitter: - Equations: 36000, unknowns: 172
INFO mlfcs.fitting.fitter: - Maximum joint constraint residual: 4.579670e-16
INFO mlfcs.fitting.fitter: Force fitting summary
INFO mlfcs.fitting.fitter: - Training relative error: 64.142586 %
INFO mlfcs.fitting.fitter: - Training force RMSE: 2.4694904153e-01 eV/Å
INFO mlfcs.fitting.fitter: - Independent Gram statistics: one compiled design plan
INFO mlfcs.fitting.fitter: - Solver iterations=85, stop_code=0
INFO mlfcs.fitting.fitter: Expanding fitted Taylor parameters into sparse physical IFCs
INFO mlfcs.fitting.fitter: - Expanded 286 sparse tensors in 0.01 s
INFO mlfcs.phonon.sscha.solver: - Fitting relative force error: 64.142586 %
INFO mlfcs.phonon.sscha.solver: Relative FC2 change: 5.896460e-02
INFO mlfcs.phonon.sscha.solver: - Variational free-energy estimate: -5.9378750747e-01 +/- 2.411e-03 eV/primitive cell
INFO mlfcs.force_constants.realization: Export view cache miss; constructing new view
INFO mlfcs.force_constants.realization: Export view cache hit; reusing existing view
INFO mlfcs.force_constants.realization: Export view cache miss; constructing new view
