INFO mlfcs.finite_difference.calculation: Preparing order-3 finite-difference calculation
INFO mlfcs.interactions.space: Creating reference supercell with matrix [[4, 0, 0], [0, 4, 0], [0, 0, 4]]
INFO mlfcs.interactions.space: 2 primitive atoms, 128 supercell atoms
INFO mlfcs.interactions.space: Resolving the interaction cutoff
INFO mlfcs.interactions.space: Cutoff radius: 7.7237404951 Å
INFO mlfcs.interactions.space: Analyzing crystal symmetries
INFO mlfcs.interactions.space: Space group Fd-3m
INFO mlfcs.interactions.space: 48 symmetry operations
INFO mlfcs.interactions.space: Finding symmetry-inequivalent order-3 interaction clusters
INFO mlfcs.interactions.space: 46 cluster equivalence classes
INFO mlfcs.interactions.space: 711 independent tensor parameters
INFO mlfcs.finite_difference.calculation: Derivative backend: zero-step extrapolation
INFO mlfcs.finite_difference.calculation: Displacement grid: 0.0100000000, 0.0150000000, 0.0200000000, 0.0250000000, 0.0300000000 Å
INFO mlfcs.finite_difference.calculation: Polynomial degree in h^2: 2
INFO mlfcs.finite_difference.calculation: 5 central-difference subplans
INFO mlfcs.finite_difference.calculation: 660 force calculations required
INFO mlfcs.finite_difference.calculation: Evaluating displacement step 0.0100000000 Å
INFO mlfcs.finite_difference.calculation: Forces: 1/660 (0%)
INFO mlfcs.finite_difference.calculation: Forces: 66/660 (10%)
INFO mlfcs.finite_difference.calculation: Forces: 132/660 (20%)
INFO mlfcs.finite_difference.calculation: Evaluating displacement step 0.0150000000 Å
INFO mlfcs.finite_difference.calculation: Forces: 198/660 (30%)
INFO mlfcs.finite_difference.calculation: Forces: 264/660 (40%)
INFO mlfcs.finite_difference.calculation: Evaluating displacement step 0.0200000000 Å
INFO mlfcs.finite_difference.calculation: Forces: 330/660 (50%)
INFO mlfcs.finite_difference.calculation: Forces: 396/660 (60%)
INFO mlfcs.finite_difference.calculation: Evaluating displacement step 0.0250000000 Å
INFO mlfcs.finite_difference.calculation: Forces: 462/660 (70%)
INFO mlfcs.finite_difference.calculation: Forces: 528/660 (80%)
INFO mlfcs.finite_difference.calculation: Evaluating displacement step 0.0300000000 Å
INFO mlfcs.finite_difference.calculation: Forces: 594/660 (90%)
INFO mlfcs.finite_difference.calculation: Forces: 660/660 (100%)
INFO mlfcs.finite_difference.calculation: Zero-step derivative extrapolation
INFO mlfcs.finite_difference.calculation: - Maximum correction from central displacement: 1.8861938072e-02 eV/angstrom^3
INFO mlfcs.finite_difference.calculation: Relative L2 correction: 6.5754483570e-04
INFO mlfcs.finite_difference.calculation: - Maximum polynomial fit residual: 1.6248560719e-08 eV/angstrom^3
INFO mlfcs.finite_difference.calculation: Reconstructing symmetry-expanded force constants (ASR enabled)
INFO mlfcs.finite_difference.calculation: - Max drift of fc3: 9.7696348504e-02 -> 7.2397643436e-13 eV/angstrom^3
INFO mlfcs.finite_difference.calculation: - ASR parameter correction: maximum=1.8252365800e-03 eV/angstrom^3, relative L2=3.1929052624e-04
INFO mlfcs.finite_difference.calculation: Reconstructed 7118 sparse cluster tensors
INFO mlfcs.force_constants.realization: Export view cache miss; constructing new view
INFO mlfcs.force_constants.realization: Export view cache miss; constructing new view
