INFO mlfcs.finite_difference.calculation: Preparing order-2 finite-difference calculation
INFO mlfcs.interactions.space: Creating reference supercell with matrix [[4, 0, 0], [0, 4, 0], [0, 0, 4]]
INFO mlfcs.interactions.space: 2 primitive atoms, 128 supercell atoms
INFO mlfcs.interactions.space: Resolving the interaction cutoff
INFO mlfcs.interactions.space: Cutoff radius: 7.7237404951 Å
INFO mlfcs.interactions.space: Analyzing crystal symmetries
INFO mlfcs.interactions.space: Space group Fd-3m
INFO mlfcs.interactions.space: 48 symmetry operations
INFO mlfcs.interactions.space: Finding symmetry-inequivalent order-2 interaction clusters
INFO mlfcs.interactions.space: 9 cluster equivalence classes
INFO mlfcs.interactions.space: 28 independent tensor parameters
INFO mlfcs.finite_difference.calculation: Building the central-difference displacement plan
INFO mlfcs.finite_difference.calculation: 3 displacement keys
INFO mlfcs.finite_difference.calculation: 6 force calculations required
INFO mlfcs.finite_difference.calculation: Evaluating 6 configurations with CPUNEP
INFO mlfcs.finite_difference.calculation: Forces: 1/6 (17%)
INFO mlfcs.finite_difference.calculation: Forces: 2/6 (33%)
INFO mlfcs.finite_difference.calculation: Forces: 3/6 (50%)
INFO mlfcs.finite_difference.calculation: Forces: 4/6 (67%)
INFO mlfcs.finite_difference.calculation: Forces: 5/6 (83%)
INFO mlfcs.finite_difference.calculation: Forces: 6/6 (100%)
INFO mlfcs.finite_difference.calculation: Reaping forces for order-2 force constants
INFO mlfcs.finite_difference.calculation: Validated 6 force configurations
INFO mlfcs.finite_difference.calculation: Contracted 3 finite-difference derivatives
INFO mlfcs.finite_difference.calculation: Reconstructing symmetry-expanded force constants (ASR enabled)
INFO mlfcs.finite_difference.calculation: - Max drift of fc2: 1.1203260210e-01 -> 8.8817841970e-15 eV/angstrom^2
INFO mlfcs.finite_difference.calculation: - ASR parameter correction: maximum=2.5866113040e-03 eV/angstrom^2, relative L2=3.2643774750e-04
INFO mlfcs.finite_difference.calculation: Reconstructed 174 sparse cluster tensors
INFO mlfcs.force_constants.realization: Export view cache miss; constructing new view
INFO mlfcs.force_constants.realization: Export view cache miss; constructing new view
INFO mlfcs.force_constants.realization: Export view cache hit; reusing existing view
INFO mlfcs.finite_difference.calculation: Preparing order-3 finite-difference calculation
INFO mlfcs.interactions.space: Creating reference supercell with matrix [[4, 0, 0], [0, 4, 0], [0, 0, 4]]
INFO mlfcs.interactions.space: 2 primitive atoms, 128 supercell atoms
INFO mlfcs.interactions.space: Resolving the interaction cutoff
INFO mlfcs.interactions.space: Cutoff radius: 7.7237404951 Å
INFO mlfcs.interactions.space: Analyzing crystal symmetries
INFO mlfcs.interactions.space: Space group Fd-3m
INFO mlfcs.interactions.space: 48 symmetry operations
INFO mlfcs.interactions.space: Finding symmetry-inequivalent order-3 interaction clusters
INFO mlfcs.interactions.space: 46 cluster equivalence classes
INFO mlfcs.interactions.space: 711 independent tensor parameters
INFO mlfcs.finite_difference.calculation: Building the central-difference displacement plan
INFO mlfcs.finite_difference.calculation: 33 displacement keys
INFO mlfcs.finite_difference.calculation: 132 force calculations required
INFO mlfcs.finite_difference.calculation: Evaluating 132 configurations with CPUNEP
INFO mlfcs.finite_difference.calculation: Forces: 1/132 (1%)
INFO mlfcs.finite_difference.calculation: Forces: 14/132 (11%)
INFO mlfcs.finite_difference.calculation: Forces: 28/132 (21%)
INFO mlfcs.finite_difference.calculation: Forces: 42/132 (32%)
INFO mlfcs.finite_difference.calculation: Forces: 56/132 (42%)
INFO mlfcs.finite_difference.calculation: Forces: 70/132 (53%)
INFO mlfcs.finite_difference.calculation: Forces: 84/132 (64%)
INFO mlfcs.finite_difference.calculation: Forces: 98/132 (74%)
INFO mlfcs.finite_difference.calculation: Forces: 112/132 (85%)
INFO mlfcs.finite_difference.calculation: Forces: 126/132 (95%)
INFO mlfcs.finite_difference.calculation: Forces: 132/132 (100%)
INFO mlfcs.finite_difference.calculation: Reaping forces for order-3 force constants
INFO mlfcs.finite_difference.calculation: Validated 132 force configurations
INFO mlfcs.finite_difference.calculation: Contracted 33 finite-difference derivatives
INFO mlfcs.finite_difference.calculation: Reconstructing symmetry-expanded force constants (ASR enabled)
INFO mlfcs.finite_difference.calculation: - Max drift of fc3: 9.8260971091e-02 -> 7.2630790271e-13 eV/angstrom^3
INFO mlfcs.finite_difference.calculation: - ASR parameter correction: maximum=1.8350031008e-03 eV/angstrom^3, relative L2=3.2057534549e-04
INFO mlfcs.finite_difference.calculation: Reconstructed 7118 sparse cluster tensors
INFO mlfcs.force_constants.realization: Export view cache miss; constructing new view
INFO mlfcs.force_constants.realization: Export view cache miss; constructing new view
