/home/gwins/codespace/mlfcs-new/tutorial/Si/finite-difference-ase-444/thermal_conductivity.py:18: PrimitiveMatrixAutoDefaultWarning: primitive_matrix defaulted to 'auto' and was resolved to a non-identity matrix:
  [ 0.25000,  0.00000,  0.00000]
  [ 0.00000,  0.25000,  0.00000]
  [ 0.00000,  0.00000,  0.25000]
This differs from phonopy v3, whose default was the identity matrix. Pass primitive_matrix='P' (or --pa P on the command line) to restore the v3 behaviour.
  ph3 = Phono3py(unitcell, np.eye(3, dtype=int), primitive_matrix="auto", log_level=1)
/home/gwins/codespace/mlfcs-new/tutorial/Si/finite-difference-ase-444/thermal_conductivity.py:24: DeprecationWarning: output_filename parameter is deprecated.
  ph3.run_thermal_conductivity(temperatures=TEMPERATURES, is_isotope=True, write_kappa=True, output_filename="m151515", log_level=1)
-------------------- Lattice thermal conductivity (RTA) --------------------
Running heat capacity calculations...
Running velocity calculations...
Running isotope scattering calculations with tetrahedron method...
======================= Grid point 0 (1/120) =======================
q-point: ( 0.00  0.00  0.00)
Mass variance parameters: 2.01e-04 2.01e-04 
Number of triplets: 120
Frequency     group velocity (x, y, z)     |gv|
   0.000   (   0.000    0.000    0.000)    0.000
   0.000   (   0.000    0.000    0.000)    0.000
   0.000   (   0.000    0.000    0.000)    0.000
  14.283   (  -0.000    0.000    0.000)    0.000
  14.283   (   0.000    0.000   -0.000)    0.000
  14.283   (  -0.000    0.000   -0.000)    0.000
======================= Grid point 1 (2/120) =======================
q-point: ( 0.07  0.00  0.00)
Mass variance parameters: 2.01e-04 2.01e-04 
Number of triplets: 344
Frequency     group velocity (x, y, z)     |gv|
   0.937   ( -24.864   24.864   24.864)   43.065
   0.937   ( -24.864   24.864   24.864)   43.065
   1.749   ( -47.369   47.369   47.369)   82.045
  14.244   (   2.149   -2.149   -2.149)    3.722
  14.258   (   1.331   -1.331   -1.331)    2.305
  14.258   (   1.331   -1.331   -1.331)    2.305
======================= Grid point 2 (3/120) =======================
q-point: ( 0.13  0.00  0.00)
Mass variance parameters: 2.01e-04 2.01e-04 
Number of triplets: 344
Frequency     group velocity (x, y, z)     |gv|
   1.792   ( -21.561   21.561   21.561)   37.345
   1.792   ( -21.561   21.561   21.561)   37.345
   3.450   ( -45.474   45.474   45.474)   78.763
  14.122   (   4.579   -4.579   -4.579)    7.930
  14.189   (   2.354   -2.354   -2.354)    4.078
  14.189   (   2.354   -2.354   -2.354)    4.078
======================= Grid point 3 (4/120) =======================
q-point: ( 0.20  0.00  0.00)
Mass variance parameters: 2.01e-04 2.01e-04 
Number of triplets: 344
Frequency     group velocity (x, y, z)     |gv|
   2.494   ( -16.601   16.601   16.601)   28.754
   2.494   ( -16.601   16.601   16.601)   28.754
   5.064   ( -42.689   42.689   42.689)   73.940
  13.903   (   7.496   -7.496   -7.496)   12.983
  14.093   (   2.821   -2.821   -2.821)    4.886
  14.093   (   2.821   -2.821   -2.821)    4.886
======================= Grid point 4 (5/120) =======================
q-point: ( 0.27  0.00  0.00)
Mass variance parameters: 2.01e-04 2.01e-04 
Number of triplets: 344
Frequency     group velocity (x, y, z)     |gv|
   2.997   ( -10.889   10.889   10.889)   18.861
   2.997   ( -10.889   10.889   10.889)   18.861
   6.566   ( -39.356   39.356   39.356)   68.166
  13.567   (  10.951  -10.951  -10.951)   18.967
  13.991   (   2.644   -2.644   -2.644)    4.579
  13.991   (   2.644   -2.644   -2.644)    4.579
======================= Grid point 5 (6/120) =======================
q-point: ( 0.33  0.00  0.00)
Mass variance parameters: 2.01e-04 2.01e-04 
Number of triplets: 344
Frequency     group velocity (x, y, z)     |gv|
   3.297   (  -5.671    5.671    5.671)    9.822
   3.297   (  -5.671    5.671    5.671)    9.822
   7.937   ( -35.519   35.519   35.519)   61.522
  13.099   (  14.683  -14.683  -14.683)   25.431
  13.906   (   1.980   -1.980   -1.980)    3.430
  13.906   (   1.980   -1.980   -1.980)    3.430
======================= Grid point 6 (7/120) =======================
q-point: ( 0.40  0.00  0.00)
Mass variance parameters: 2.01e-04 2.01e-04 
Number of triplets: 344
Frequency     group velocity (x, y, z)     |gv|
   3.432   (  -2.086    2.086    2.086)    3.614
   3.432   (  -2.086    2.086    2.086)    3.614
   9.148   ( -30.268   30.268   30.268)   52.425
  12.503   (  17.539  -17.539  -17.539)   30.378
  13.848   (   1.144   -1.144   -1.144)    1.982
  13.848   (   1.144   -1.144   -1.144)    1.982
======================= Grid point 7 (8/120) =======================
q-point: ( 0.47  0.00  0.00)
Mass variance parameters: 2.01e-04 2.01e-04 
Number of triplets: 344
Frequency     group velocity (x, y, z)     |gv|
   3.473   (  -0.409    0.409    0.409)    0.708
   3.473   (  -0.409    0.409    0.409)    0.708
  10.065   ( -17.028   17.028   17.028)   29.493
  11.897   (  12.745  -12.745  -12.745)   22.075
  13.821   (   0.363   -0.363   -0.363)    0.628
  13.821   (   0.363   -0.363   -0.363)    0.628
======================= Grid point 16 (9/120) =======================
q-point: ( 0.07  0.07  0.00)
Mass variance parameters: 2.01e-04 2.01e-04 
Number of triplets: 288
Frequency     group velocity (x, y, z)     |gv|
   1.230   (   0.000   -0.000   49.162)   49.162
   1.230   (   0.000   -0.000   49.162)   49.162
   1.844   (   0.000   -0.000   75.095)   75.095
  14.236   (  -0.000    0.000   -3.773)    3.773
  14.236   (  -0.000    0.000   -3.773)    3.773
  14.259   (  -0.000    0.000   -2.007)    2.007
======================= Grid point 17 (10/120) =======================
q-point: ( 0.13  0.07  0.00)
Mass variance parameters: 2.01e-04 2.01e-04 
Number of triplets: 904
Frequency     group velocity (x, y, z)     |gv|
   1.844   (  -4.708    4.708   45.322)   45.808
   1.910   (  -7.463    7.463   42.331)   43.627
   3.163   ( -29.626   29.626   63.321)   75.927
  14.149   (   2.555   -2.555   -5.636)    6.695
  14.170   (   0.815   -0.815   -5.280)    5.404
  14.212   (   1.310   -1.310   -2.982)    3.511
======================= Grid point 18 (11/120) =======================
q-point: ( 0.20  0.07  0.00)
Mass variance parameters: 2.01e-04 2.01e-04 
Number of triplets: 904
Frequency     group velocity (x, y, z)     |gv|
   2.516   (  -7.160    7.160   38.859)   40.157
   2.558   (  -7.275    7.275   33.028)   34.593
   4.673   ( -35.156   35.156   52.647)   72.413
  13.968   (   5.572   -5.572   -8.014)   11.239
  14.075   (   1.194   -1.194   -6.009)    6.242
  14.128   (   2.144   -2.144   -3.544)    4.665
======================= Grid point 19 (12/120) =======================
q-point: ( 0.27  0.07  0.00)
Mass variance parameters: 2.01e-04 2.01e-04 
Number of triplets: 904
Frequency     group velocity (x, y, z)     |gv|
   3.049   (  -4.385    4.385   23.842)   24.635
   3.098   (  -3.486    3.486   34.266)   34.618
   6.135   ( -36.191   36.191   43.902)   67.431
  13.674   (   9.053   -9.053  -11.270)   17.056
  13.973   (   1.075   -1.075   -5.832)    6.027
  14.029   (   2.351   -2.351   -3.347)    4.719
======================= Grid point 20 (13/120) =======================
q-point: ( 0.33  0.07  0.00)
Mass variance parameters: 2.01e-04 2.01e-04 
Number of triplets: 904
Frequency     group velocity (x, y, z)     |gv|
   3.355   (  -0.939    0.939   16.175)   16.229
   3.508   (   2.668   -2.668   31.131)   31.358
   7.498   ( -35.385   35.385   36.354)   61.853
  13.247   (  12.752  -12.752  -15.310)   23.656
  13.886   (   0.571   -0.571   -4.980)    5.045
  13.939   (   2.040   -2.040   -2.395)    3.749
======================= Grid point 21 (14/120) =======================
q-point: ( 0.40  0.07  0.00)
Mass variance parameters: 2.01e-04 2.01e-04 
Number of triplets: 904
Frequency     group velocity (x, y, z)     |gv|
   3.507   (   1.755   -1.755   11.385)   11.652
   3.734   (   8.554   -8.554   29.031)   31.451
   8.735   ( -32.796   32.796   29.307)   54.864
  12.683   (  15.950  -15.950  -19.292)   29.682
  13.826   (  -0.091    0.091   -3.905)    3.907
  13.875   (   1.490   -1.490   -1.027)    2.344
======================= Grid point 22 (15/120) =======================
q-point: ( 0.47  0.07  0.00)
Mass variance parameters: 2.01e-04 2.01e-04 
Number of triplets: 904
Frequency     group velocity (x, y, z)     |gv|
   3.570   (   3.270   -3.270    9.665)   10.715
   3.819   (  12.405  -12.405   27.676)   32.768
   9.765   ( -25.228   25.228   19.285)   40.557
  12.041   (  15.180  -15.180  -19.479)   28.988
  13.795   (  -0.741    0.741   -2.925)    3.107
  13.841   (   0.971   -0.971    0.267)    1.399
======================= Grid point 23 (16/120) =======================
q-point: (-0.47  0.07  0.00)
Mass variance parameters: 2.01e-04 2.01e-04 
Number of triplets: 904
Frequency     group velocity (x, y, z)     |gv|
   3.594   (   4.264   -4.264    9.367)   11.141
   3.823   (  14.027  -14.027   26.470)   33.079
  10.161   (   4.295   -4.295  -10.538)   12.163
  11.739   (  -6.726    6.726    1.213)    9.589
  13.790   (  -1.373    1.373   -2.013)    2.797
  13.832   (   0.496   -0.496    1.118)    1.320
======================= Grid point 24 (17/120) =======================
q-point: (-0.40  0.07  0.00)
Mass variance parameters: 2.01e-04 2.01e-04 
Number of triplets: 904
Frequency     group velocity (x, y, z)     |gv|
   3.580   (   5.980   -5.980    7.969)   11.620
   3.783   (  14.863  -14.863   24.523)   32.299
   9.457   (  25.492  -25.492  -30.765)   47.394
  12.241   ( -19.708   19.708   13.689)   31.051
  13.814   (  -2.057    2.057   -0.956)    3.062
  13.843   (  -0.165    0.165    1.426)    1.445
======================= Grid point 25 (18/120) =======================
q-point: (-0.33  0.07  0.00)
Mass variance parameters: 2.01e-04 2.01e-04 
Number of triplets: 904
Frequency     group velocity (x, y, z)     |gv|
   3.473   (   9.229   -9.229    4.055)   13.668
   3.681   (  16.820  -16.820   21.233)   31.886
   8.334   (  32.270  -32.270  -35.517)   57.828
  12.872   ( -17.855   17.855   12.448)   28.152
  13.868   (  -2.768    2.768    0.286)    3.925
  13.876   (  -1.205    1.205    1.299)    2.143
======================= Grid point 26 (19/120) =======================
q-point: (-0.27  0.07  0.00)
Mass variance parameters: 2.01e-04 2.01e-04 
Number of triplets: 904
Frequency     group velocity (x, y, z)     |gv|
   3.209   (  13.875  -13.875   -1.716)   19.696
   3.459   (  20.760  -20.760   16.761)   33.806
   7.046   (  37.231  -37.231  -36.192)   63.892
  13.393   ( -13.894   13.894    9.393)   21.779
  13.934   (  -2.492    2.492    0.910)    3.640
  13.954   (  -3.308    3.308    1.385)    4.879
======================= Grid point 27 (20/120) =======================
q-point: (-0.20  0.07  0.00)
Mass variance parameters: 2.01e-04 2.01e-04 
Number of triplets: 904
Frequency     group velocity (x, y, z)     |gv|
   2.751   (  19.146  -19.146   -7.089)   27.989
   3.065   (  26.038  -26.038   11.855)   38.685
   5.647   (  42.420  -42.420  -33.520)   68.720
  13.779   (  -9.962    9.962    6.270)   15.420
  14.017   (  -3.562    3.562    0.375)    5.051
  14.057   (  -3.426    3.426    1.838)    5.182
======================= Grid point 28 (21/120) =======================
q-point: (-0.13  0.07  0.00)
Mass variance parameters: 2.01e-04 2.01e-04 
Number of triplets: 904
Frequency     group velocity (x, y, z)     |gv|
   2.119   (  24.192  -24.192   -8.682)   35.298
   2.481   (  31.074  -31.074    6.924)   44.488
   4.178   (  48.288  -48.288  -24.867)   72.676
  14.038   (  -6.607    6.607    3.415)    9.949
  14.111   (  -3.919    3.919   -0.230)    5.547
  14.157   (  -3.010    3.010    1.350)    4.465
======================= Grid point 29 (22/120) =======================
q-point: (-0.07  0.07  0.00)
Mass variance parameters: 2.01e-04 2.01e-04 
Number of triplets: 512
Frequency     group velocity (x, y, z)     |gv|
   1.411   (  27.809  -27.809    0.000)   39.328
   1.727   (  34.086  -34.086    0.000)   48.205
   2.749   (  53.970  -53.970    0.000)   76.326
  14.190   (  -4.008    4.008    0.000)    5.668
  14.196   (  -3.265    3.265    0.000)    4.617
  14.230   (  -2.151    2.151    0.000)    3.042
======================= Grid point 32 (23/120) =======================
q-point: ( 0.13  0.13  0.00)
Mass variance parameters: 2.01e-04 2.01e-04 
Number of triplets: 288
Frequency     group velocity (x, y, z)     |gv|
   2.367   (   0.000   -0.000   43.465)   43.465
   2.367   (   0.000   -0.000   43.465)   43.465
   3.650   (   0.000   -0.000   72.799)   72.799
  14.104   (  -0.000    0.000   -6.901)    6.901
  14.104   (  -0.000    0.000   -6.901)    6.901
  14.183   (  -0.000    0.000   -4.234)    4.234
======================= Grid point 33 (24/120) =======================
q-point: ( 0.20  0.13  0.00)
Mass variance parameters: 2.01e-04 2.01e-04 
Number of triplets: 904
Frequency     group velocity (x, y, z)     |gv|
   2.894   (  -1.743    1.743   37.337)   37.418
   2.917   (  -3.287    3.287   41.101)   41.363
   4.738   ( -16.910   16.910   65.005)   69.264
  13.975   (   3.123   -3.123   -8.428)    9.515
  14.009   (   0.370   -0.370   -7.739)    7.757
  14.112   (   0.955   -0.955   -5.272)    5.442
======================= Grid point 34 (25/120) =======================
q-point: ( 0.27  0.13  0.00)
Mass variance parameters: 2.01e-04 2.01e-04 
Number of triplets: 904
Frequency     group velocity (x, y, z)     |gv|
   3.328   (  -0.269    0.269   29.197)   29.200
   3.506   (  -3.665    3.665   39.992)   40.327
   5.967   ( -23.912   23.912   53.052)   62.914
  13.735   (   7.051   -7.051  -11.069)   14.898
  13.905   (   0.243   -0.243   -7.645)    7.653
  14.019   (   1.125   -1.125   -5.299)    5.533
======================= Grid point 35 (26/120) =======================
q-point: ( 0.33  0.13  0.00)
Mass variance parameters: 2.01e-04 2.01e-04 
Number of triplets: 904
Frequency     group velocity (x, y, z)     |gv|
   3.613   (   2.249   -2.249   21.814)   22.044
   4.033   (   1.153   -1.153   40.172)   40.205
   7.174   ( -27.797   27.797   41.143)   56.904
  13.354   (  11.233  -11.233  -15.012)   21.857
  13.816   (  -0.254    0.254   -6.839)    6.848
  13.936   (   0.848   -0.848   -4.092)    4.264
======================= Grid point 36 (27/120) =======================
q-point: ( 0.40  0.13  0.00)
Mass variance parameters: 2.01e-04 2.01e-04 
Number of triplets: 904
Frequency     group velocity (x, y, z)     |gv|
   3.765   (   4.332   -4.332   16.966)   18.038
   4.411   (   8.557   -8.557   40.906)   42.658
   8.316   ( -29.775   29.775   30.487)   51.986
  12.822   (  15.000  -15.000  -19.571)   28.862
  13.753   (  -0.893    0.893   -5.779)    5.915
  13.882   (   0.466   -0.466   -2.101)    2.201
======================= Grid point 37 (28/120) =======================
q-point: ( 0.47  0.13  0.00)
Mass variance parameters: 2.01e-04 2.01e-04 
Number of triplets: 904
Frequency     group velocity (x, y, z)     |gv|
   3.836   (   5.426   -5.426   15.008)   16.856
   4.617   (  15.442  -15.442   41.352)   46.764
   9.342   ( -27.968   27.968   20.120)   44.376
  12.169   (  16.411  -16.411  -22.505)   32.328
  13.718   (  -1.516    1.516   -4.795)    5.252
  13.861   (   0.295   -0.295   -0.042)    0.419
======================= Grid point 38 (29/120) =======================
q-point: ( 0.53  0.13  0.00)
Mass variance parameters: 2.01e-04 2.01e-04 
Number of triplets: 904
Frequency     group velocity (x, y, z)     |gv|
   3.875   (   6.086   -6.086   14.440)   16.810
   4.682   (  19.989  -19.989   41.003)   49.803
  10.012   ( -10.395   10.395   -0.904)   14.728
  11.628   (   3.593   -3.593  -12.301)   13.309
  13.710   (  -2.133    2.133   -3.859)    4.897
  13.862   (   0.420   -0.420    1.415)    1.535
======================= Grid point 39 (30/120) =======================
q-point: (-0.40  0.13  0.00)
Mass variance parameters: 2.01e-04 2.01e-04 
Number of triplets: 904
Frequency     group velocity (x, y, z)     |gv|
   3.881   (   7.473   -7.473   12.921)   16.693
   4.654   (  22.337  -22.337   39.216)   50.357
   9.641   (  19.479  -19.479  -28.952)   39.963
  11.881   ( -20.169   20.169    7.759)   29.559
  13.730   (  -2.827    2.827   -2.741)    4.848
  13.871   (   0.548   -0.548    1.958)    2.106
======================= Grid point 40 (31/120) =======================
q-point: (-0.33  0.13  0.00)
Mass variance parameters: 2.01e-04 2.01e-04 
Number of triplets: 904
Frequency     group velocity (x, y, z)     |gv|
   3.804   (  10.364  -10.364    9.187)   17.298
   4.546   (  23.927  -23.927   35.026)   48.701
   8.642   (  28.163  -28.163  -34.473)   52.676
  12.520   ( -21.634   21.634    8.841)   31.846
  13.783   (  -3.575    3.575   -1.392)    5.244
  13.883   (   0.226   -0.226    1.689)    1.719
======================= Grid point 41 (32/120) =======================
q-point: (-0.27  0.13  0.00)
Mass variance parameters: 2.01e-04 2.01e-04 
Number of triplets: 904
Frequency     group velocity (x, y, z)     |gv|
   3.583   (  14.593  -14.593    4.022)   21.026
   4.323   (  26.010  -26.010   27.383)   45.856
   7.487   (  32.910  -32.910  -31.426)   56.158
  13.102   ( -18.093   18.093    6.346)   26.362
  13.868   (  -4.159    4.159   -0.156)    5.884
  13.905   (  -0.772    0.772    0.967)    1.459
======================= Grid point 42 (33/120) =======================
q-point: (-0.20  0.13  0.00)
Mass variance parameters: 2.01e-04 2.01e-04 
Number of triplets: 904
Frequency     group velocity (x, y, z)     |gv|
   3.191   (  19.270  -19.270   -0.161)   27.253
   3.923   (  28.508  -28.508   15.336)   43.134
   6.299   (  38.114  -38.114  -20.458)   57.654
  13.550   ( -13.847   13.847    3.331)   19.864
  13.948   (  -2.183    2.183    0.227)    3.096
  13.975   (  -4.306    4.306    0.420)    6.103
======================= Grid point 43 (34/120) =======================
q-point: (-0.13  0.13  0.00)
Mass variance parameters: 2.01e-04 2.01e-04 
Number of triplets: 512
Frequency     group velocity (x, y, z)     |gv|
   2.663   (  23.139  -23.139    0.000)   32.724
   3.297   (  30.428  -30.428    0.000)   43.032
   5.162   (  44.191  -44.191    0.000)   62.496
  13.860   (  -9.941    9.941    0.000)   14.059
  14.017   (  -3.391    3.391    0.000)    4.796
  14.080   (  -3.890    3.890    0.000)    5.501
======================= Grid point 48 (35/120) =======================
q-point: ( 0.20  0.20  0.00)
Mass variance parameters: 2.01e-04 2.01e-04 
Number of triplets: 288
Frequency     group velocity (x, y, z)     |gv|
   3.322   (   0.000   -0.000   34.442)   34.442
   3.322   (   0.000   -0.000   34.442)   34.442
   5.385   (   0.000   -0.000   69.412)   69.412
  13.911   (  -0.000    0.000   -8.643)    8.643
  13.911   (  -0.000    0.000   -8.643)    8.643
  14.046   (  -0.000    0.000   -7.220)    7.220
======================= Grid point 49 (36/120) =======================
q-point: ( 0.27  0.20  0.00)
Mass variance parameters: 2.01e-04 2.01e-04 
Number of triplets: 904
Frequency     group velocity (x, y, z)     |gv|
   3.697   (   0.976   -0.976   28.152)   28.186
   3.804   (  -6.853    6.853   31.139)   32.613
   6.307   (  -7.533    7.533   63.362)   64.251
  13.747   (   4.533   -4.533  -10.202)   12.050
  13.806   (  -0.127    0.127   -8.559)    8.561
  13.951   (  -0.203    0.203   -7.951)    7.956
======================= Grid point 50 (37/120) =======================
q-point: ( 0.33  0.20  0.00)
Mass variance parameters: 2.01e-04 2.01e-04 
Number of triplets: 904
Frequency     group velocity (x, y, z)     |gv|
   3.952   (   2.979   -2.979   21.623)   22.030
   4.392   (  -9.078    9.078   31.650)   34.154
   7.251   ( -11.657   11.657   52.205)   54.746
  13.428   (   9.460   -9.460  -14.191)   19.503
  13.715   (  -0.613    0.613   -7.718)    7.767
  13.875   (  -0.808    0.808   -6.384)    6.485
======================= Grid point 51 (38/120) =======================
q-point: ( 0.40  0.20  0.00)
Mass variance parameters: 2.01e-04 2.01e-04 
Number of triplets: 904
Frequency     group velocity (x, y, z)     |gv|
   4.091   (   4.630   -4.630   17.029)   18.244
   4.972   (  -4.045    4.045   35.418)   35.877
   8.144   ( -16.263   16.263   38.719)   45.035
  12.939   (  13.944  -13.944  -19.197)   27.520
  13.650   (  -1.219    1.219   -6.608)    6.830
  13.838   (  -1.288    1.288   -3.809)    4.222
======================= Grid point 52 (39/120) =======================
q-point: ( 0.47  0.20  0.00)
Mass variance parameters: 2.01e-04 2.01e-04 
Number of triplets: 904
Frequency     group velocity (x, y, z)     |gv|
   4.160   (   5.374   -5.374   14.988)   16.804
   5.416   (   5.723   -5.723   39.990)   40.801
   8.988   ( -20.762   20.762   24.995)   38.561
  12.294   (  16.891  -16.891  -23.623)   33.596
  13.612   (  -1.796    1.796   -5.581)    6.132
  13.842   (  -1.426    1.426   -1.121)    2.308
======================= Grid point 53 (40/120) =======================
q-point: ( 0.53  0.20  0.00)
Mass variance parameters: 2.01e-04 2.01e-04 
Number of triplets: 904
Frequency     group velocity (x, y, z)     |gv|
   4.203   (   5.711   -5.711   14.223)   16.356
   5.661   (  15.363  -15.363   42.560)   47.785
   9.696   ( -16.930   16.930    8.449)   25.389
  11.618   (  12.251  -12.251  -21.599)   27.689
  13.601   (  -2.377    2.377   -4.605)    5.701
  13.872   (  -0.970    0.970    0.875)    1.627
======================= Grid point 54 (41/120) =======================
q-point: (-0.40  0.20  0.00)
Mass variance parameters: 2.01e-04 2.01e-04 
Number of triplets: 904
Frequency     group velocity (x, y, z)     |gv|
   4.219   (   6.730   -6.730   12.577)   15.772
   5.716   (  21.966  -21.966   41.619)   51.934
   9.707   (  11.646  -11.646  -21.609)   27.170
  11.484   ( -14.778   14.778   -0.823)   20.916
  13.618   (  -3.067    3.067   -3.426)    5.528
  13.903   (  -0.105    0.105    1.734)    1.740
======================= Grid point 55 (42/120) =======================
q-point: (-0.33  0.20  0.00)
Mass variance parameters: 2.01e-04 2.01e-04 
Number of triplets: 904
Frequency     group velocity (x, y, z)     |gv|
   4.161   (   9.148   -9.148    8.869)   15.685
   5.607   (  25.822  -25.822   35.604)   51.002
   8.887   (  24.688  -24.688  -29.803)   45.905
  12.042   ( -24.035   24.035    4.797)   34.327
  13.669   (  -3.849    3.849   -1.984)    5.794
  13.917   (   0.592   -0.592    1.541)    1.754
======================= Grid point 56 (43/120) =======================
q-point: (-0.27  0.20  0.00)
Mass variance parameters: 2.01e-04 2.01e-04 
Number of triplets: 904
Frequency     group velocity (x, y, z)     |gv|
   3.974   (  12.753  -12.753    3.895)   18.451
   5.304   (  28.157  -28.157   21.516)   45.261
   7.910   (  28.697  -28.697  -20.630)   45.526
  12.665   ( -22.296   22.296    2.954)   31.670
  13.756   (  -4.492    4.492   -0.644)    6.385
  13.915   (   0.528   -0.528    0.760)    1.065
======================= Grid point 57 (44/120) =======================
q-point: (-0.20  0.20  0.00)
Mass variance parameters: 2.01e-04 2.01e-04 
Number of triplets: 512
Frequency     group velocity (x, y, z)     |gv|
   3.636   (  16.578  -16.578    0.000)   23.445
   4.737   (  29.105  -29.105    0.000)   41.160
   7.030   (  32.780  -32.780    0.000)   46.357
  13.179   ( -18.251   18.251    0.000)   25.811
  13.866   (  -4.692    4.692    0.000)    6.636
  13.918   (  -0.514    0.514    0.000)    0.727
======================= Grid point 64 (45/120) =======================
q-point: ( 0.27  0.27  0.00)
Mass variance parameters: 2.01e-04 2.01e-04 
Number of triplets: 288
Frequency     group velocity (x, y, z)     |gv|
   4.028   (   0.000   -0.000   23.260)   23.260
   4.028   (   0.000   -0.000   23.260)   23.260
   7.028   (   0.000   -0.000   65.177)   65.177
  13.699   (  -0.000    0.000   -8.412)    8.412
  13.699   (  -0.000    0.000   -8.412)    8.412
  13.819   (  -0.000    0.000  -11.734)   11.734
======================= Grid point 65 (46/120) =======================
q-point: ( 0.33  0.27  0.00)
Mass variance parameters: 2.01e-04 2.01e-04 
Number of triplets: 904
Frequency     group velocity (x, y, z)     |gv|
   4.254   (   1.820   -1.820   17.504)   17.693
   4.422   ( -11.099   11.099   19.565)   25.083
   7.814   (  -0.883    0.883   60.022)   60.035
  13.471   (   7.680   -7.680  -13.048)   16.977
  13.607   (  -0.471    0.471   -7.464)    7.493
  13.733   (  -3.141    3.141   -9.344)   10.346
======================= Grid point 66 (47/120) =======================
q-point: ( 0.40  0.27  0.00)
Mass variance parameters: 2.01e-04 2.01e-04 
Number of triplets: 904
Frequency     group velocity (x, y, z)     |gv|
   4.376   (   3.245   -3.245   13.216)   13.990
   5.024   ( -17.488   17.488   20.135)   31.892
   8.507   (  -0.441    0.441   50.675)   50.679
  13.029   (  12.414  -12.414  -18.989)   25.861
  13.542   (  -1.035    1.035   -6.249)    6.418
  13.722   (  -3.456    3.456   -5.790)    7.577
======================= Grid point 67 (48/120) =======================
q-point: ( 0.47  0.27  0.00)
Mass variance parameters: 2.01e-04 2.01e-04 
Number of triplets: 904
Frequency     group velocity (x, y, z)     |gv|
   4.436   (   3.766   -3.766   11.203)   12.405
   5.708   ( -15.033   15.033   24.307)   32.293
   9.079   (  -2.383    2.383   38.245)   38.393
  12.410   (  16.362  -16.362  -24.344)   33.586
  13.504   (  -1.548    1.548   -5.149)    5.595
  13.759   (  -3.627    3.627   -2.586)    5.744
======================= Grid point 68 (49/120) =======================
q-point: ( 0.53  0.27  0.00)
Mass variance parameters: 2.01e-04 2.01e-04 
Number of triplets: 904
Frequency     group velocity (x, y, z)     |gv|
   4.474   (   3.875   -3.875   10.361)   11.721
   6.285   (  -4.102    4.102   29.664)   30.226
   9.562   (  -5.930    5.930   22.686)   24.187
  11.679   (  16.348  -16.348  -26.380)   35.077
  13.491   (  -2.067    2.067   -4.123)    5.054
  13.827   (  -3.160    3.160   -0.195)    4.473
======================= Grid point 69 (50/120) =======================
q-point: (-0.40  0.27  0.00)
Mass variance parameters: 2.01e-04 2.01e-04 
Number of triplets: 904
Frequency     group velocity (x, y, z)     |gv|
   4.490   (   4.605   -4.605    8.652)   10.829
   6.593   (   9.680   -9.680   31.217)   34.086
   9.745   (   6.807   -6.807   -3.619)   10.284
  11.189   (  -2.396    2.396  -12.164)   12.627
  13.506   (  -2.727    2.727   -2.894)    4.822
  13.896   (  -1.927    1.927    0.897)    2.870
======================= Grid point 70 (51/120) =======================
q-point: (-0.33  0.27  0.00)
Mass variance parameters: 2.01e-04 2.01e-04 
Number of triplets: 904
Frequency     group velocity (x, y, z)     |gv|
   4.441   (   6.617   -6.617    4.939)   10.581
   6.559   (  20.364  -20.364   22.514)   36.555
   9.170   (  23.183  -23.183  -16.615)   36.756
  11.499   ( -22.315   22.315    0.816)   31.568
  13.556   (  -3.526    3.526   -1.389)    5.176
  13.936   (  -0.419    0.419    0.783)    0.982
======================= Grid point 71 (52/120) =======================
q-point: (-0.27  0.27  0.00)
Mass variance parameters: 2.01e-04 2.01e-04 
Number of triplets: 512
Frequency     group velocity (x, y, z)     |gv|
   4.274   (   9.662   -9.662    0.000)   13.664
   6.125   (  26.628  -26.628    0.000)   37.658
   8.441   (  26.146  -26.146    0.000)   36.976
  12.101   ( -24.881   24.881    0.000)   35.187
  13.643   (  -4.224    4.224    0.000)    5.973
  13.937   (   0.608   -0.608    0.000)    0.860
======================= Grid point 80 (53/120) =======================
q-point: ( 0.33  0.33  0.00)
Mass variance parameters: 2.01e-04 2.01e-04 
Number of triplets: 288
Frequency     group velocity (x, y, z)     |gv|
   4.458   (   0.000   -0.000   12.235)   12.235
   4.458   (   0.000   -0.000   12.235)   12.235
   8.556   (   0.000   -0.000   59.972)   59.972
  13.457   (  -0.000    0.000  -18.298)   18.298
  13.516   (  -0.000    0.000   -6.375)    6.375
  13.516   (  -0.000    0.000   -6.375)    6.375
======================= Grid point 81 (54/120) =======================
q-point: ( 0.40  0.33  0.00)
Mass variance parameters: 2.01e-04 2.01e-04 
Number of triplets: 904
Frequency     group velocity (x, y, z)     |gv|
   4.562   (   1.340   -1.340    8.184)    8.400
   4.770   ( -14.899   14.899    9.392)   23.068
   9.222   (   3.618   -3.618   55.123)   55.360
  13.065   (   9.725   -9.725  -20.957)   25.066
  13.453   (  -0.531    0.531   -5.038)    5.094
  13.536   (  -5.150    5.150   -6.308)    9.635
======================= Grid point 82 (55/120) =======================
q-point: ( 0.47  0.33  0.00)
Mass variance parameters: 2.01e-04 2.01e-04 
Number of triplets: 904
Frequency     group velocity (x, y, z)     |gv|
   4.609   (   1.747   -1.747    6.253)    6.723
   5.384   ( -24.742   24.742    9.869)   36.356
   9.708   (   7.788   -7.788   47.429)   48.691
  12.482   (  14.357  -14.357  -26.179)   33.130
  13.418   (  -0.977    0.977   -3.860)    4.100
  13.606   (  -5.553    5.553   -3.567)    8.625
======================= Grid point 83 (56/120) =======================
q-point: ( 0.53  0.33  0.00)
Mass variance parameters: 2.01e-04 2.01e-04 
Number of triplets: 904
Frequency     group velocity (x, y, z)     |gv|
   4.637   (   1.721   -1.721    5.422)    5.943
   6.144   ( -25.123   25.123   11.557)   37.361
  10.008   (   9.896   -9.896   37.497)   40.024
  11.749   (  16.864  -16.864  -29.757)   38.135
  13.406   (  -1.416    1.416   -2.791)    3.435
  13.713   (  -5.383    5.383   -1.142)    7.698
======================= Grid point 84 (57/120) =======================
q-point: ( 0.60  0.33  0.00)
Mass variance parameters: 2.01e-04 2.01e-04 
Number of triplets: 904
Frequency     group velocity (x, y, z)     |gv|
   4.648   (   2.264   -2.264    3.711)    4.902
   6.794   ( -14.643   14.643   11.002)   23.450
  10.093   (  14.823  -14.823   18.733)   28.114
  11.064   (   8.113   -8.113  -20.960)   23.895
  13.421   (  -2.017    2.017   -1.530)    3.237
  13.827   (  -4.188    4.188    0.068)    5.923
======================= Grid point 85 (58/120) =======================
q-point: (-0.33  0.33  0.00)
Mass variance parameters: 2.01e-04 2.01e-04 
Number of triplets: 512
Frequency     group velocity (x, y, z)     |gv|
   4.599   (   3.991   -3.991    0.000)    5.645
   7.013   (   4.170   -4.170    0.000)    5.898
   9.657   (  24.028  -24.028    0.000)   33.981
  11.045   ( -13.070   13.070    0.000)   18.484
  13.470   (  -2.799    2.799    0.000)    3.959
  13.908   (  -2.282    2.282    0.000)    3.227
======================= Grid point 96 (59/120) =======================
q-point: ( 0.40  0.40  0.00)
Mass variance parameters: 2.01e-04 2.01e-04 
Number of triplets: 288
Frequency     group velocity (x, y, z)     |gv|
   4.650   (   0.000   -0.000    4.293)    4.293
   4.650   (   0.000   -0.000    4.293)    4.293
   9.941   (   0.000   -0.000   53.439)   53.439
  12.911   (  -0.000    0.000  -26.741)   26.741
  13.394   (  -0.000    0.000   -3.603)    3.603
  13.394   (  -0.000    0.000   -3.603)    3.603
======================= Grid point 97 (60/120) =======================
q-point: ( 0.47  0.40  0.00)
Mass variance parameters: 2.01e-04 2.01e-04 
Number of triplets: 904
Frequency     group velocity (x, y, z)     |gv|
   4.683   (   0.365   -0.365    2.463)    2.517
   4.912   ( -17.604   17.604    2.996)   25.076
  10.488   (   6.522   -6.522   48.456)   49.326
  12.436   (   9.271   -9.271  -30.662)   33.348
  13.363   (  -0.402    0.402   -2.368)    2.435
  13.428   (  -5.034    5.034   -2.711)    7.618
======================= Grid point 98 (61/120) =======================
q-point: ( 0.53  0.40  0.00)
Mass variance parameters: 2.01e-04 2.01e-04 
Number of triplets: 904
Frequency     group velocity (x, y, z)     |gv|
   4.701   (   0.273   -0.273    1.690)    1.733
   5.532   ( -28.761   28.761    2.755)   40.768
  10.799   (  12.949  -12.949   41.437)   45.303
  11.746   (  14.131  -14.131  -33.955)   39.399
  13.355   (  -0.766    0.766   -1.273)    1.671
  13.549   (  -6.515    6.515   -1.119)    9.281
======================= Grid point 99 (62/120) =======================
q-point: (-0.40 -0.60  0.00)
Mass variance parameters: 2.01e-04 2.01e-04 
Number of triplets: 512
Frequency     group velocity (x, y, z)     |gv|
   4.703   (   0.713   -0.713    0.000)    1.008
   6.283   ( -28.981   28.981    0.000)   40.986
  10.760   (  20.523  -20.523    0.000)   29.024
  11.093   (  10.885  -10.885    0.000)   15.393
  13.372   (  -1.288    1.288    0.000)    1.821
  13.700   (  -6.019    6.019    0.000)    8.512
======================= Grid point 113 (63/120) =======================
q-point: ( 0.47  0.47  0.00)
Mass variance parameters: 2.01e-04 2.01e-04 
Number of triplets: 288
Frequency     group velocity (x, y, z)     |gv|
   4.704   (   0.000   -0.000    0.725)    0.725
   4.704   (   0.000   -0.000    0.725)    0.725
  11.149   (   0.000   -0.000   45.387)   45.387
  12.145   (  -0.000    0.000  -36.170)   36.170
  13.338   (  -0.000    0.000   -1.105)    1.105
  13.338   (  -0.000    0.000   -1.105)    1.105
======================= Grid point 114 (64/120) =======================
q-point: (-0.47 -0.53  0.00)
Mass variance parameters: 2.01e-04 2.01e-04 
Number of triplets: 512
Frequency     group velocity (x, y, z)     |gv|
   4.709   (  -0.116    0.116    0.000)    0.164
   4.944   ( -18.603   18.603    0.000)   26.308
  11.548   (   9.985   -9.985    0.000)   14.121
  11.594   (   6.502   -6.502    0.000)    9.195
  13.335   (  -0.318    0.318    0.000)    0.450
  13.396   (  -4.900    4.900    0.000)    6.929
======================= Grid point 262 (65/120) =======================
q-point: ( 0.20  0.13  0.07)
Mass variance parameters: 2.01e-04 2.01e-04 
Number of triplets: 904
Frequency     group velocity (x, y, z)     |gv|
   2.330   (   0.000    3.251   41.568)   41.695
   2.644   (   0.000   21.163   38.411)   43.855
   4.163   (   0.000   35.523   60.269)   69.959
  14.044   (  -0.000   -5.021   -7.781)    9.261
  14.082   (  -0.000   -1.825   -5.970)    6.242
  14.155   (  -0.000   -2.220   -4.057)    4.625
======================= Grid point 263 (66/120) =======================
q-point: ( 0.27  0.13  0.07)
Mass variance parameters: 2.01e-04 2.01e-04 
Number of triplets: 1688
Frequency     group velocity (x, y, z)     |gv|
   2.885   (  -3.771    5.042   34.857)   35.421
   3.294   (   9.409   22.004   34.217)   41.755
   5.403   ( -19.527   34.158   51.193)   64.566
  13.828   (   3.386   -8.825  -10.462)   14.099
  13.989   (   0.242   -1.240   -5.915)    6.048
  14.065   (   0.649   -2.877   -4.597)    5.461
======================= Grid point 264 (67/120) =======================
q-point: ( 0.33  0.13  0.07)
Mass variance parameters: 2.01e-04 2.01e-04 
Number of triplets: 1688
Frequency     group velocity (x, y, z)     |gv|
   3.347   (   0.062    4.377   26.656)   27.013
   3.785   (  16.409   17.514   32.817)   40.657
   6.679   ( -29.392   32.531   41.604)   60.440
  13.485   (   6.641  -13.175  -14.028)   20.359
  13.904   (   0.907   -0.065   -5.553)    5.627
  13.968   (   0.358   -3.027   -3.866)    4.923
======================= Grid point 265 (68/120) =======================
q-point: ( 0.40  0.13  0.07)
Mass variance parameters: 2.01e-04 2.01e-04 
Number of triplets: 1688
Frequency     group velocity (x, y, z)     |gv|
   3.633   (   6.518    3.952   18.909)   20.387
   4.123   (  21.789    9.996   33.353)   41.075
   7.910   ( -33.442   31.133   33.121)   56.433
  13.001   (   9.911  -17.414  -18.227)   27.087
  13.829   (   0.477    0.126   -5.278)    5.301
  13.898   (   0.354   -1.816   -1.933)    2.676
======================= Grid point 266 (69/120) =======================
q-point: ( 0.47  0.13  0.07)
Mass variance parameters: 2.01e-04 2.01e-04 
Number of triplets: 1688
Frequency     group velocity (x, y, z)     |gv|
   3.765   (  11.107    3.133   14.356)   18.419
   4.317   (  26.790    3.732   33.694)   43.207
   9.040   ( -32.704   28.382   25.070)   50.036
  12.387   (  12.217  -20.108  -21.640)   31.966
  13.772   (  -0.997   -0.168   -4.470)    4.583
  13.864   (   0.914   -0.436   -0.292)    1.054
======================= Grid point 267 (70/120) =======================
q-point: ( 0.53  0.13  0.07)
Mass variance parameters: 2.01e-04 2.01e-04 
Number of triplets: 1688
Frequency     group velocity (x, y, z)     |gv|
   3.809   (  12.764    1.237   13.001)   18.261
   4.396   (  30.755    0.698   32.989)   45.106
   9.919   ( -21.881   16.763   10.698)   29.567
  11.771   (   7.283  -13.984  -17.185)   23.322
  13.742   (  -2.356   -0.102   -3.453)    4.181
  13.853   (   1.115   -0.004    0.720)    1.327
======================= Grid point 278 (71/120) =======================
q-point: ( 0.27  0.20  0.07)
Mass variance parameters: 2.01e-04 2.01e-04 
Number of triplets: 904
Frequency     group velocity (x, y, z)     |gv|
   3.293   (   0.000   -0.988   36.102)   36.115
   3.525   (   0.000   15.960   32.914)   36.579
   5.644   (   0.000   19.777   60.738)   63.877
  13.819   (  -0.000   -7.281  -10.491)   12.770
  13.915   (  -0.000    0.252   -7.492)    7.497
  14.029   (  -0.000   -1.577   -6.286)    6.481
======================= Grid point 279 (72/120) =======================
q-point: ( 0.33  0.20  0.07)
Mass variance parameters: 2.01e-04 2.01e-04 
Number of triplets: 1688
Frequency     group velocity (x, y, z)     |gv|
   3.691   (   2.549    0.756   29.737)   29.856
   4.103   (   2.854   17.524   31.326)   36.008
   6.651   ( -12.615   19.818   50.994)   56.145
  13.534   (   3.447  -12.293  -13.636)   18.680
  13.832   (   1.258    1.593   -6.765)    7.063
  13.935   (  -0.714   -1.716   -5.988)    6.270
======================= Grid point 280 (73/120) =======================
q-point: ( 0.40  0.20  0.07)
Mass variance parameters: 2.01e-04 2.01e-04 
Number of triplets: 1688
Frequency     group velocity (x, y, z)     |gv|
   3.954   (   9.202    2.336   22.379)   24.309
   4.626   (   7.608   11.458   34.716)   37.341
   7.663   ( -21.674   21.548   39.156)   49.672
  13.097   (   7.355  -17.139  -17.808)   25.787
  13.756   (   1.402    1.853   -6.381)    6.791
  13.872   (  -1.422   -0.641   -3.906)    4.206
======================= Grid point 281 (74/120) =======================
q-point: ( 0.47  0.20  0.07)
Mass variance parameters: 2.01e-04 2.01e-04 
Number of triplets: 1688
Frequency     group velocity (x, y, z)     |gv|
   4.088   (  13.723    2.994   17.958)   22.798
   5.018   (  15.573    2.348   38.288)   41.400
   8.650   ( -26.992   24.074   27.610)   45.502
  12.509   (  10.803  -20.655  -22.051)   32.087
  13.693   (  -0.181    1.368   -5.685)    5.850
  13.854   (  -0.940    0.564   -1.583)    1.925
======================= Grid point 282 (75/120) =======================
q-point: ( 0.53  0.20  0.07)
Mass variance parameters: 2.01e-04 2.01e-04 
Number of triplets: 1688
Frequency     group velocity (x, y, z)     |gv|
   4.149   (  15.569    2.544   16.316)   22.696
   5.235   (  23.308   -5.659   39.936)   46.585
   9.533   ( -25.135   21.700   14.949)   36.416
  11.839   (  10.545  -18.932  -22.606)   31.315
  13.658   (  -1.815    1.256   -4.690)    5.184
  13.862   (  -0.449    0.512    0.145)    0.696
======================= Grid point 283 (76/120) =======================
q-point: (-0.40  0.20  0.07)
Mass variance parameters: 2.01e-04 2.01e-04 
Number of triplets: 1688
Frequency     group velocity (x, y, z)     |gv|
   4.172   (  16.094    0.972   15.429)   22.316
   5.296   (  28.391  -11.211   39.017)   49.538
   9.895   (  -0.587   -4.196  -12.904)   13.582
  11.497   (  -9.071    5.505   -4.456)   11.508
  13.654   (  -3.085    1.517   -3.559)    4.948
  13.876   (  -0.273   -0.465    1.089)    1.215
======================= Grid point 284 (77/120) =======================
q-point: (-0.33  0.20  0.07)
Mass variance parameters: 2.01e-04 2.01e-04 
Number of triplets: 1688
Frequency     group velocity (x, y, z)     |gv|
   4.145   (  17.288   -1.208   13.124)   21.739
   5.226   (  30.393  -15.783   35.109)   49.046
   9.250   (  21.030  -23.567  -30.218)   43.712
  11.969   ( -22.981   22.621    7.339)   33.071
  13.685   (  -4.165    1.986   -2.163)    5.096
  13.882   (  -0.479   -1.466    1.187)    1.946
======================= Grid point 285 (78/120) =======================
q-point: (-0.27  0.20  0.07)
Mass variance parameters: 2.01e-04 2.01e-04 
Number of triplets: 1688
Frequency     group velocity (x, y, z)     |gv|
   4.023   (  20.605   -3.307    8.503)   22.535
   5.018   (  30.072  -20.991   27.499)   45.839
   8.256   (  29.834  -26.070  -28.955)   49.072
  12.613   ( -21.764   22.157    6.193)   31.669
  13.752   (  -5.075    2.445   -0.566)    5.662
  13.883   (  -1.248   -1.658    0.580)    2.155
======================= Grid point 286 (79/120) =======================
q-point: (-0.20  0.20  0.07)
Mass variance parameters: 2.01e-04 2.01e-04 
Number of triplets: 1688
Frequency     group velocity (x, y, z)     |gv|
   3.758   (  25.756   -5.285    2.944)   26.457
   4.637   (  29.152  -25.546   15.255)   41.656
   7.228   (  37.790  -26.603  -18.235)   49.682
  13.161   ( -17.944   18.085    3.234)   25.680
  13.849   (  -5.427    2.226    0.949)    5.942
  13.893   (  -2.781   -0.311   -0.577)    2.857
======================= Grid point 287 (80/120) =======================
q-point: (-0.13  0.20  0.07)
Mass variance parameters: 2.01e-04 2.01e-04 
Number of triplets: 904
Frequency     group velocity (x, y, z)     |gv|
   3.350   (  30.953   -6.694   -0.000)   31.669
   4.051   (  30.262  -26.036   -0.000)   39.921
   6.263   (  45.642  -29.478   -0.000)   54.333
  13.566   ( -13.997   13.289    0.000)   19.301
  13.921   (  -4.435   -0.160    0.000)    4.438
  13.967   (  -5.333    3.470    0.000)    6.363
======================= Grid point 294 (81/120) =======================
q-point: ( 0.33  0.27  0.07)
Mass variance parameters: 2.01e-04 2.01e-04 
Number of triplets: 904
Frequency     group velocity (x, y, z)     |gv|
   4.052   (   0.000    1.645   25.801)   25.853
   4.218   (   0.000   15.110   23.571)   27.998
   7.108   (   0.000    6.843   59.074)   59.469
  13.537   (  -0.000  -11.163  -12.697)   16.907
  13.730   (  -0.000    2.419   -7.370)    7.757
  13.849   (  -0.000    0.457   -8.380)    8.392
======================= Grid point 295 (82/120) =======================
q-point: ( 0.40  0.27  0.07)
Mass variance parameters: 2.01e-04 2.01e-04 
Number of triplets: 1688
Frequency     group velocity (x, y, z)     |gv|
   4.302   (  10.404    4.393   20.233)   23.171
   4.782   (  -9.804   18.052   23.653)   31.328
   7.885   (  -5.088    5.804   50.110)   50.701
  13.162   (   4.246  -16.606  -17.079)   24.197
  13.668   (   2.554    3.547   -6.514)    7.845
  13.782   (  -3.029    0.760   -6.256)    6.992
======================= Grid point 296 (83/120) =======================
q-point: ( 0.47  0.27  0.07)
Mass variance parameters: 2.01e-04 2.01e-04 
Number of triplets: 1688
Frequency     group velocity (x, y, z)     |gv|
   4.425   (  15.123    5.889   16.153)   22.898
   5.407   (  -6.915   13.461   28.136)   31.947
   8.599   ( -10.380    8.396   37.879)   40.163
  12.614   (   8.786  -20.783  -21.958)   31.485
  13.603   (   1.503    2.810   -5.902)    6.707
  13.783   (  -3.431    1.979   -3.233)    5.113
======================= Grid point 297 (84/120) =======================
q-point: ( 0.53  0.27  0.07)
Mass variance parameters: 2.01e-04 2.01e-04 
Number of triplets: 1688
Frequency     group velocity (x, y, z)     |gv|
   4.487   (  17.008    6.352   14.376)   23.158
   5.911   (   3.244    2.364   33.440)   33.680
   9.268   ( -15.240   13.207   23.603)   31.045
  11.932   (  11.420  -21.626  -25.078)   35.029
  13.562   (  -0.404    2.352   -4.873)    5.426
  13.823   (  -3.001    1.888   -0.935)    3.667
======================= Grid point 298 (85/120) =======================
q-point: ( 0.60  0.27  0.07)
Mass variance parameters: 2.01e-04 2.01e-04 
Number of triplets: 1688
Frequency     group velocity (x, y, z)     |gv|
   4.518   (  17.628    5.573   13.035)   22.621
   6.181   (  14.049  -10.058   35.753)   39.709
   9.745   (  -7.148    5.103    2.182)    9.050
  11.339   (   2.203   -7.822  -16.913)   18.764
  13.553   (  -1.931    2.443   -3.705)    4.840
  13.871   (  -2.505    0.485    0.466)    2.593
======================= Grid point 299 (86/120) =======================
q-point: (-0.33  0.27  0.07)
Mass variance parameters: 2.01e-04 2.01e-04 
Number of triplets: 1688
Frequency     group velocity (x, y, z)     |gv|
   4.498   (  18.505    3.450   10.209)   21.414
   6.198   (  20.992  -20.045   32.121)   43.292
   9.417   (  17.961  -18.876  -21.922)   34.051
  11.486   ( -20.369   20.170    1.468)   28.703
  13.580   (  -3.201    2.925   -2.322)    4.919
  13.901   (  -1.914   -1.385    0.882)    2.522
======================= Grid point 300 (87/120) =======================
q-point: (-0.27  0.27  0.07)
Mass variance parameters: 2.01e-04 2.01e-04 
Number of triplets: 1688
Frequency     group velocity (x, y, z)     |gv|
   4.383   (  20.541    0.429    5.380)   21.238
   5.955   (  24.082  -27.311   19.888)   41.489
   8.603   (  27.756  -22.270  -18.107)   39.927
  12.093   ( -24.132   25.210    2.619)   34.997
  13.646   (  -4.295    3.547   -0.872)    5.638
  13.905   (  -1.525   -2.772    0.532)    3.209
======================= Grid point 301 (88/120) =======================
q-point: (-0.20  0.27  0.07)
Mass variance parameters: 2.01e-04 2.01e-04 
Number of triplets: 904
Frequency     group velocity (x, y, z)     |gv|
   4.132   (  23.387   -2.853   -0.000)   23.560
   5.420   (  25.957  -29.882    0.000)   39.582
   7.840   (  33.360  -22.473   -0.000)   40.223
  12.688   ( -21.784   22.668   -0.000)   31.438
  13.745   (  -5.058    3.907    0.000)    6.392
  13.891   (  -1.790   -2.950    0.000)    3.451
======================= Grid point 310 (89/120) =======================
q-point: ( 0.40  0.33  0.07)
Mass variance parameters: 2.01e-04 2.01e-04 
Number of triplets: 904
Frequency     group velocity (x, y, z)     |gv|
   4.548   (   0.000    6.607   15.115)   16.496
   4.667   (   0.000   16.637   13.373)   21.346
   8.512   (   0.000   -2.865   55.796)   55.870
  13.181   (  -0.000  -15.715  -17.200)   23.298
  13.568   (  -0.000    4.012   -5.749)    7.010
  13.640   (  -0.000    3.427   -8.116)    8.810
======================= Grid point 311 (90/120) =======================
q-point: ( 0.47  0.33  0.07)
Mass variance parameters: 2.01e-04 2.01e-04 
Number of triplets: 1688
Frequency     group velocity (x, y, z)     |gv|
   4.685   (  15.323   10.054   11.491)   21.632
   5.239   ( -20.609   22.331   13.879)   33.407
   9.086   (   1.158   -5.979   48.119)   48.503
  12.684   (   5.655  -20.121  -22.513)   30.719
  13.523   (   3.356    4.014   -5.137)    7.332
  13.645   (  -5.376    3.612   -4.679)    7.990
======================= Grid point 312 (91/120) =======================
q-point: ( 0.53  0.33  0.07)
Mass variance parameters: 2.01e-04 2.01e-04 
Number of triplets: 1688
Frequency     group velocity (x, y, z)     |gv|
   4.740   (  17.429   11.045    9.660)   22.783
   5.960   ( -20.859   20.441   16.854)   33.720
   9.519   (   1.409   -5.411   37.587)   38.001
  12.019   (  10.195  -22.400  -26.924)   36.477
  13.480   (   1.555    3.154   -4.053)    5.366
  13.719   (  -5.532    3.658   -2.027)    6.934
======================= Grid point 313 (92/120) =======================
q-point: ( 0.60  0.33  0.07)
Mass variance parameters: 2.01e-04 2.01e-04 
Number of triplets: 1688
Frequency     group velocity (x, y, z)     |gv|
   4.766   (  17.958   10.624    8.095)   22.380
   6.575   ( -11.553    8.306   19.672)   24.279
   9.824   (   2.355   -4.113   22.088)   22.591
  11.307   (   8.627  -16.811  -25.222)   31.515
  13.466   (  -0.197    2.898   -2.824)    4.051
  13.808   (  -5.104    2.302   -0.343)    5.609
======================= Grid point 314 (93/120) =======================
q-point: (-0.33  0.33  0.07)
Mass variance parameters: 2.01e-04 2.01e-04 
Number of triplets: 1688
Frequency     group velocity (x, y, z)     |gv|
   4.745   (  18.434    8.460    4.988)   20.887
   6.856   (   2.454   -9.460   16.403)   19.094
   9.687   (  18.535  -18.499   -4.039)   26.497
  11.068   ( -12.033   10.174   -5.170)   16.585
  13.488   (  -1.745    3.121   -1.427)    3.850
  13.881   (  -4.045    0.171    0.260)    4.057
======================= Grid point 315 (94/120) =======================
q-point: (-0.27  0.33  0.07)
Mass variance parameters: 2.01e-04 2.01e-04 
Number of triplets: 904
Frequency     group velocity (x, y, z)     |gv|
   4.628   (  19.446    4.792   -0.000)   20.028
   6.650   (  14.975  -23.771    0.000)   28.095
   9.085   (  26.131  -21.843   -0.000)   34.058
  11.510   ( -22.875   23.738   -0.000)   32.965
  13.550   (  -3.158    3.509   -0.000)    4.720
  13.913   (  -2.630   -1.825    0.000)    3.201
======================= Grid point 326 (95/120) =======================
q-point: ( 0.47  0.40  0.07)
Mass variance parameters: 2.01e-04 2.01e-04 
Number of triplets: 904
Frequency     group velocity (x, y, z)     |gv|
   4.811   (   0.000   12.162    7.031)   14.048
   4.887   (   0.000   18.613    5.172)   19.318
   9.814   (   0.000   -9.570   50.695)   51.590
  12.666   (  -0.000  -17.378  -25.521)   30.876
  13.455   (   0.000    4.646   -3.434)    5.777
  13.479   (  -0.000    4.453   -4.828)    6.568
======================= Grid point 327 (96/120) =======================
q-point: ( 0.53  0.40  0.07)
Mass variance parameters: 2.01e-04 2.01e-04 
Number of triplets: 1688
Frequency     group velocity (x, y, z)     |gv|
   4.880   (  17.578   15.156    4.869)   23.715
   5.473   ( -27.316   26.505    5.763)   38.496
  10.214   (   5.215  -14.348   44.006)   46.579
  12.047   (   6.578  -21.051  -29.952)   37.196
  13.427   (   3.446    3.830   -2.685)    5.809
  13.560   (  -6.673    5.107   -2.318)    8.717
======================= Grid point 328 (97/120) =======================
q-point: ( 0.60  0.40  0.07)
Mass variance parameters: 2.01e-04 2.01e-04 
Number of triplets: 1688
Frequency     group velocity (x, y, z)     |gv|
   4.897   (  17.992   14.822    3.203)   23.530
   6.228   ( -29.057   25.785    5.371)   39.218
  10.412   (  10.519  -16.917   34.383)   39.737
  11.308   (   9.052  -19.927  -30.489)   37.531
  13.412   (   1.750    3.213   -1.412)    3.922
  13.686   (  -7.010    4.270   -0.670)    8.235
======================= Grid point 329 (98/120) =======================
q-point: (-0.33  0.40  0.07)
Mass variance parameters: 2.01e-04 2.01e-04 
Number of triplets: 904
Frequency     group velocity (x, y, z)     |gv|
   4.867   (  18.095   12.530   -0.000)   22.010
   6.821   ( -18.911   12.345    0.000)   22.584
  10.211   (  20.541  -23.361    0.000)   31.108
  10.877   (  -2.205   -3.714    0.000)    4.319
  13.431   (  -0.016    3.062   -0.000)    3.062
  13.804   (  -6.012    2.340    0.000)    6.451
======================= Grid point 342 (99/120) =======================
q-point: ( 0.53  0.47  0.07)
Mass variance parameters: 2.01e-04 2.01e-04 
Number of triplets: 904
Frequency     group velocity (x, y, z)     |gv|
   4.921   (   0.000   16.795    2.537)   16.986
   4.948   (  -0.000   19.059    0.394)   19.063
  10.968   (   0.000  -13.872   43.627)   45.779
  11.928   (   0.000  -16.394  -34.935)   38.590
  13.400   (  -0.000    4.550   -1.084)    4.678
  13.404   (   0.000    4.379   -1.485)    4.624
======================= Grid point 343 (100/120) =======================
q-point: (-0.40 -0.53  0.07)
Mass variance parameters: 2.01e-04 2.01e-04 
Number of triplets: 904
Frequency     group velocity (x, y, z)     |gv|
   4.937   (  18.221   17.265   -0.000)   25.101
   5.540   ( -29.599   28.128    0.000)   40.833
  11.160   (  11.301  -20.457    0.000)   23.371
  11.275   (   2.146  -17.936    0.000)   18.064
  13.394   (   3.475    3.726   -0.000)    5.095
  13.532   (  -7.109    5.417    0.000)    8.938
======================= Grid point 523 (101/120) =======================
q-point: ( 0.40  0.27  0.13)
Mass variance parameters: 2.01e-04 2.01e-04 
Number of triplets: 904
Frequency     group velocity (x, y, z)     |gv|
   4.090   (   0.000    1.326   28.625)   28.656
   4.728   (   0.000   25.736   24.549)   35.567
   7.375   (   0.000   15.183   45.489)   47.956
  13.184   (  -0.000  -17.647  -17.332)   24.735
  13.807   (  -0.000    3.606   -4.782)    5.989
  13.824   (  -0.000   -2.344   -6.266)    6.690
======================= Grid point 524 (102/120) =======================
q-point: ( 0.47  0.27  0.13)
Mass variance parameters: 2.01e-04 2.01e-04 
Number of triplets: 1688
Frequency     group velocity (x, y, z)     |gv|
   4.386   (   7.962    1.423   24.822)   26.106
   5.305   (   6.754   24.782   24.871)   35.754
   8.136   ( -12.493   15.108   36.741)   41.644
  12.682   (   3.440  -22.404  -21.271)   31.084
  13.712   (   1.260   -1.199   -5.620)    5.883
  13.820   (  -1.495    3.414   -3.227)    4.930
======================= Grid point 525 (103/120) =======================
q-point: ( 0.53  0.27  0.13)
Mass variance parameters: 2.01e-04 2.01e-04 
Number of triplets: 1688
Frequency     group velocity (x, y, z)     |gv|
   4.545   (  14.501    1.617   21.401)   25.902
   5.739   (  16.506   15.845   28.005)   36.163
   8.935   ( -21.093   18.418   25.911)   38.152
  12.053   (   6.223  -24.398  -23.959)   34.756
  13.631   (  -0.397   -0.825   -4.630)    4.719
  13.843   (  -0.968    2.903   -2.012)    3.663
======================= Grid point 526 (104/120) =======================
q-point: ( 0.60  0.27  0.13)
Mass variance parameters: 2.01e-04 2.01e-04 
Number of triplets: 1688
Frequency     group velocity (x, y, z)     |gv|
   4.609   (  17.958    0.749   19.582)   26.580
   5.961   (  24.726    5.136   28.635)   38.180
   9.635   ( -17.282   13.417    9.978)   24.047
  11.444   (   2.424  -15.491  -18.837)   24.509
  13.590   (  -2.031   -0.287   -3.408)    3.978
  13.860   (  -0.901    1.130   -1.269)    1.923
======================= Grid point 539 (105/120) =======================
q-point: ( 0.47  0.33  0.13)
Mass variance parameters: 2.01e-04 2.01e-04 
Number of triplets: 904
Frequency     group velocity (x, y, z)     |gv|
   4.711   (   0.000    5.065   21.908)   22.485
   5.224   (   0.000   27.837   15.825)   32.021
   8.478   (   0.000    1.596   44.832)   44.860
  12.719   (  -0.000  -21.995  -21.018)   30.422
  13.672   (  -0.000   -0.510   -5.865)    5.887
  13.693   (   0.000    5.802   -4.456)    7.316
======================= Grid point 540 (106/120) =======================
q-point: ( 0.53  0.33  0.13)
Mass variance parameters: 2.01e-04 2.01e-04 
Number of triplets: 1688
Frequency     group velocity (x, y, z)     |gv|
   4.933   (  15.409    7.272   19.482)   25.882
   5.817   (  -7.910   24.754   16.636)   30.855
   9.023   (  -4.732    2.666   36.089)   36.495
  12.124   (   3.995  -25.102  -24.581)   35.359
  13.587   (   1.961    0.473   -4.369)    4.812
  13.739   (  -3.222    4.448   -3.295)    6.405
======================= Grid point 541 (107/120) =======================
q-point: ( 0.60  0.33  0.13)
Mass variance parameters: 2.01e-04 2.01e-04 
Number of triplets: 1688
Frequency     group velocity (x, y, z)     |gv|
   5.021   (  21.439    8.573   16.683)   28.486
   6.331   (  -1.806   10.769   19.573)   22.413
   9.530   (  -7.527    6.479   23.086)   25.132
  11.459   (   5.149  -21.644  -24.367)   32.996
  13.535   (   0.532    1.024   -3.036)    3.248
  13.790   (  -3.659    2.314   -2.127)    4.823
======================= Grid point 542 (108/120) =======================
q-point: (-0.33  0.33  0.13)
Mass variance parameters: 2.01e-04 2.01e-04 
Number of triplets: 1688
Frequency     group velocity (x, y, z)     |gv|
   5.030   (  23.793    7.769   13.455)   28.416
   6.556   (   7.320   -7.439   18.691)   21.407
   9.731   (   7.691   -6.559   -1.083)   10.166
  11.106   ( -10.080    3.741   -8.397)   13.642
  13.526   (  -1.036    1.680   -1.786)    2.662
  13.828   (  -3.856   -0.560   -1.158)    4.064
======================= Grid point 543 (109/120) =======================
q-point: (-0.27  0.33  0.13)
Mass variance parameters: 2.01e-04 2.01e-04 
Number of triplets: 1688
Frequency     group velocity (x, y, z)     |gv|
   4.949   (  25.085    5.720    8.056)   26.961
   6.422   (  13.141  -23.535   11.054)   29.134
   9.251   (  25.253  -15.297  -10.425)   31.311
  11.511   ( -23.228   23.713    1.824)   33.244
  13.558   (  -2.627    2.367   -0.604)    3.587
  13.840   (  -3.673   -3.276   -0.522)    4.950
======================= Grid point 544 (110/120) =======================
q-point: (-0.20  0.33  0.13)
Mass variance parameters: 2.01e-04 2.01e-04 
Number of triplets: 904
Frequency     group velocity (x, y, z)     |gv|
   4.741   (  25.843    2.684   -0.000)   25.982
   5.959   (  17.412  -30.944    0.000)   35.507
   8.649   (  32.866  -12.883   -0.000)   35.301
  12.129   ( -23.912   25.740   -0.000)   35.133
  13.629   (  -4.187    2.749    0.000)    5.009
  13.828   (  -3.336   -4.858    0.000)    5.894
======================= Grid point 555 (111/120) =======================
q-point: ( 0.53  0.40  0.13)
Mass variance parameters: 2.01e-04 2.01e-04 
Number of triplets: 904
Frequency     group velocity (x, y, z)     |gv|
   5.155   (   0.000   13.627   14.616)   19.983
   5.495   (  -0.000   29.596    6.482)   30.297
   9.551   (   0.000   -9.952   42.868)   44.008
  12.145   (   0.000  -24.353  -26.301)   35.844
  13.553   (   0.000    1.451   -3.594)    3.876
  13.594   (  -0.000    6.160   -3.568)    7.118
======================= Grid point 556 (112/120) =======================
q-point: ( 0.60  0.40  0.13)
Mass variance parameters: 2.01e-04 2.01e-04 
Number of triplets: 1688
Frequency     group velocity (x, y, z)     |gv|
   5.312   (  24.006   17.182   11.130)   31.550
   6.107   ( -23.010   23.740    7.362)   33.871
   9.891   (   2.190   -9.697   34.862)   36.252
  11.479   (   4.077  -24.027  -28.338)   37.376
  13.508   (   3.375    2.279   -2.049)    4.559
  13.667   (  -5.685    3.694   -2.381)    7.186
======================= Grid point 557 (113/120) =======================
q-point: ( 0.67  0.40  0.13)
Mass variance parameters: 2.01e-04 2.01e-04 
Number of triplets: 1688
Frequency     group velocity (x, y, z)     |gv|
   5.313   (  27.007   16.491    6.454)   32.295
   6.658   ( -17.605    7.282    6.873)   20.254
  10.050   (  10.788  -12.193   17.574)   23.956
  10.906   (  -2.492   -9.408  -18.509)   20.912
  13.487   (   1.845    2.589   -0.970)    3.324
  13.750   (  -6.264    0.970   -0.977)    6.413
======================= Grid point 558 (114/120) =======================
q-point: (-0.27  0.40  0.13)
Mass variance parameters: 2.01e-04 2.01e-04 
Number of triplets: 904
Frequency     group velocity (x, y, z)     |gv|
   5.203   (  26.944   12.433   -0.000)   29.674
   6.798   (  -3.406  -13.994    0.000)   14.402
   9.692   (  23.251  -17.484   -0.000)   29.091
  11.013   ( -17.792   14.935    0.000)   23.230
  13.504   (  -0.322    2.727   -0.000)    2.746
  13.812   (  -5.409   -1.633    0.000)    5.650
======================= Grid point 571 (115/120) =======================
q-point: ( 0.60  0.47  0.13)
Mass variance parameters: 2.01e-04 2.01e-04 
Number of triplets: 904
Frequency     group velocity (x, y, z)     |gv|
   5.431   (  -0.000   22.490    8.138)   23.917
   5.551   (   0.000   28.229   -1.565)   28.273
  10.551   (   0.000  -18.363   38.773)   42.901
  11.426   (   0.000  -23.221  -32.793)   40.182
  13.504   (   0.000    3.269   -0.490)    3.306
  13.524   (  -0.000    5.019   -2.011)    5.407
======================= Grid point 572 (116/120) =======================
q-point: (-0.33 -0.53  0.13)
Mass variance parameters: 2.01e-04 2.01e-04 
Number of triplets: 904
Frequency     group velocity (x, y, z)     |gv|
   5.452   (  28.725   22.415   -0.000)   36.436
   6.193   ( -30.218   22.556    0.000)   37.708
  10.625   (  12.889  -21.681    0.000)   25.223
  10.827   (  -3.982  -16.192    0.000)   16.674
  13.484   (   4.503    3.289   -0.000)    5.576
  13.635   (  -7.256    2.848    0.000)    7.795
======================= Grid point 785 (117/120) =======================
q-point: ( 0.60  0.40  0.20)
Mass variance parameters: 2.01e-04 2.01e-04 
Number of triplets: 904
Frequency     group velocity (x, y, z)     |gv|
   5.358   (  -0.000    1.233   24.041)   24.073
   6.238   (   0.000   29.224    5.085)   29.663
   9.437   (   0.000    2.430   31.685)   31.778
  11.527   (  -0.000  -25.046  -25.445)   35.704
  13.554   (   0.000   -1.209   -1.706)    2.091
  13.732   (  -0.000    4.758   -4.401)    6.481
======================= Grid point 786 (118/120) =======================
q-point: ( 0.67  0.40  0.20)
Mass variance parameters: 2.01e-04 2.01e-04 
Number of triplets: 1688
Frequency     group velocity (x, y, z)     |gv|
   5.549   (  15.055   -0.252   22.513)   27.084
   6.568   (  -3.712   13.013   -0.815)   13.557
   9.827   (   1.349    4.666   21.778)   22.313
  10.976   (  -1.840  -14.462  -20.383)   25.060
  13.528   (   0.755   -0.591    0.160)    0.972
  13.737   (  -2.776    1.880   -4.375)    5.512
======================= Grid point 801 (119/120) =======================
q-point: ( 0.67  0.47  0.20)
Mass variance parameters: 2.01e-04 2.01e-04 
Number of triplets: 904
Frequency     group velocity (x, y, z)     |gv|
   5.879   (  -0.000   11.367   18.004)   21.292
   6.202   (   0.000   22.296   -7.820)   23.628
  10.188   (   0.000   -8.868   29.743)   31.037
  10.884   (  -0.000  -18.999  -27.398)   33.341
  13.553   (   0.000    0.776    1.631)    1.807
  13.625   (  -0.000    3.054   -3.994)    5.028
======================= Grid point 802 (120/120) =======================
q-point: (-0.27  0.47  0.20)
Mass variance parameters: 2.01e-04 2.01e-04 
Number of triplets: 904
Frequency     group velocity (x, y, z)     |gv|
   5.890   (  28.034   10.587   -0.000)   29.966
   6.497   ( -20.156    0.200    0.000)   20.157
  10.205   (  18.757  -10.465   -0.000)   21.479
  10.617   ( -15.638    1.059    0.000)   15.674
  13.544   (   3.593    1.488   -0.000)    3.889
  13.667   (  -6.029   -0.251    0.000)    6.034
=================== End of collection of collisions ===================
----------- Thermal conductivity (W/m-k) with tetrahedron method -----------
#  T(K)        xx         yy         zz         yz         xz         xy
  300.0      91.668     91.668     91.668     -0.000     -0.000      0.000
  400.0      66.058     66.058     66.058     -0.000     -0.000      0.000
  500.0      51.970     51.970     51.970     -0.000     -0.000      0.000
  600.0      42.959     42.959     42.959     -0.000     -0.000      0.000
  700.0      36.665     36.665     36.665     -0.000     -0.000      0.000
  800.0      32.005     32.005     32.005     -0.000     -0.000      0.000
  900.0      28.410     28.410     28.410     -0.000     -0.000      0.000
 1000.0      25.548     25.548     25.548     -0.000     -0.000      0.000
 1100.0      23.215     23.215     23.215     -0.000     -0.000      0.000

Thermal conductivity related properties were written into 
"kappa-m151515.m151515.hdf5".
