An NVIDIA GPU may be present on this machine, but a CUDA-enabled jaxlib is not installed. Falling back to cpu.
INFO mlfcs.fitting.fitter: Preparing independent FC2 fitting parameterization
INFO mlfcs.interactions.space: Creating reference supercell with matrix [[2, 0, 0], [0, 2, 0], [0, 0, 2]]
INFO mlfcs.interactions.space: 8 primitive atoms, 64 supercell atoms
INFO mlfcs.interactions.space: Resolving the interaction cutoff
INFO mlfcs.interactions.space: Cutoff radius: 6.0000000000 Å
INFO mlfcs.interactions.space: Analyzing crystal symmetries
INFO mlfcs.interactions.space: Space group Fm-3m
INFO mlfcs.interactions.space: 192 symmetry operations
INFO mlfcs.interactions.space: Finding symmetry-inequivalent order-2 interaction clusters
INFO mlfcs.interactions.space: 6 cluster equivalence classes
INFO mlfcs.interactions.space: 12 independent tensor parameters
INFO mlfcs.interactions.space: Maximum body order: 2
INFO mlfcs.fitting.fitter: - FC2: 6 orbits, 12 parameters
INFO mlfcs.fitting.fitter: - Joint parameter count: 12
INFO mlfcs.fitting.fitter: Training-data diagnostics (inputs are not recentered)
INFO mlfcs.fitting.fitter: - Maximum reference force: 0.0000000000e+00 eV/Å
INFO mlfcs.fitting.fitter: - Maximum snapshot net force: 7.2111025491e-08 eV/Å
INFO mlfcs.fitting.fitter: - Maximum center-of-mass displacement: 1.0004884031e-09 Å
INFO mlfcs.fitting.fitter: Constraint system: 2 rows after duplicate removal (72 ASR before compression)
INFO mlfcs.fitting.linear_solvers: Explicit constraint parameterization: 12 -> 10 parameters in 4 blocks, rank=2, nnz=20
INFO mlfcs.fitting.design_operator: - Prepared JAX feature program: 4 signatures, 4 tiles, 0.1 MiB static buffers
INFO mlfcs.fitting.gram_system: Recovered completed streamed Gram system from cache (0.00 s)
INFO mlfcs.fitting.fitter: Column-norm preconditioning in constrained coordinates
INFO mlfcs.fitting.fitter: - Inverse column scale: 5.643671e-01 to 3.007120e+00
INFO mlfcs.fitting.fitter: Solving the force-only least-squares problem with streamed Gram
INFO mlfcs.fitting.fitter: - Equations: 1920, unknowns: 10
INFO mlfcs.fitting.fitter: - Maximum joint constraint residual: 9.974660e-18
INFO mlfcs.fitting.fitter: Force fitting summary
INFO mlfcs.fitting.fitter: - Training relative error: 13.215237 %
INFO mlfcs.fitting.fitter: - Validation relative error: 13.215237 %
INFO mlfcs.fitting.fitter: - Training force RMSE: 2.8123675388e-03 eV/Å
INFO mlfcs.fitting.fitter: - Validation force RMSE: 2.8123675388e-03 eV/Å
INFO mlfcs.fitting.fitter: - FC2 force contribution RMS: 2.1094600893e-02 eV/Å
INFO mlfcs.fitting.fitter: - JAX execution guard: 1 prepared program, 4 signatures, 4 tiles, Gram passes=0, prediction passes=0
INFO mlfcs.fitting.fitter: - Solver iterations=10, stop_code=0
INFO mlfcs.fitting.fitter: Expanding fitted Taylor parameters into sparse physical IFCs
INFO mlfcs.fitting.fitter: - Expanded 216 sparse tensors in 0.00 s
INFO mlfcs.force_constants.realization: Export view cache miss; constructing new view
INFO mlfcs.force_constants.realization: Export view cache hit; reusing existing view
INFO mlfcs.force_constants.realization: Export view cache hit; reusing existing view
INFO mlfcs.fitting.fitter: Preparing independent FC2 fitting parameterization
INFO mlfcs.interactions.space: Creating reference supercell with matrix [[2, 0, 0], [0, 2, 0], [0, 0, 2]]
INFO mlfcs.interactions.space: 8 primitive atoms, 64 supercell atoms
INFO mlfcs.interactions.space: Resolving the interaction cutoff
INFO mlfcs.interactions.space: Cutoff radius: 6.0000000000 Å
INFO mlfcs.interactions.space: Analyzing crystal symmetries
INFO mlfcs.interactions.space: Space group Fm-3m
INFO mlfcs.interactions.space: 192 symmetry operations
INFO mlfcs.interactions.space: Finding symmetry-inequivalent order-2 interaction clusters
INFO mlfcs.interactions.space: 6 cluster equivalence classes
INFO mlfcs.interactions.space: 12 independent tensor parameters
INFO mlfcs.interactions.space: Maximum body order: 2
INFO mlfcs.fitting.fitter: - FC2: 6 orbits, 12 parameters
INFO mlfcs.fitting.fitter: - Joint parameter count: 12
INFO mlfcs.fitting.fitter: Training-data diagnostics (inputs are not recentered)
INFO mlfcs.fitting.fitter: - Maximum reference force: 0.0000000000e+00 eV/Å
INFO mlfcs.fitting.fitter: - Maximum snapshot net force: 7.2111025491e-08 eV/Å
INFO mlfcs.fitting.fitter: - Maximum center-of-mass displacement: 1.0004884031e-09 Å
INFO mlfcs.fitting.fitter: Constraint system: 2 rows after duplicate removal (72 ASR before compression)
INFO mlfcs.fitting.linear_solvers: Explicit constraint parameterization: 12 -> 10 parameters in 4 blocks, rank=2, nnz=20
INFO mlfcs.fitting.fitter: Periodic FC2 completion rank diagnostics
INFO mlfcs.fitting.fitter: - raw=18528, translation-reduced raw=4608, symmetry=33, ASR=31, exact=10, exact_rank=10
INFO mlfcs.fitting.fitter: - completion=21, hybrid=31, numerical_rank=31, discarded=2, rank_tolerance=1.348862e-13
INFO mlfcs.fitting.design_operator: - Prepared JAX feature program: 4 signatures, 4 tiles, 0.1 MiB static buffers
INFO mlfcs.fitting.gram_system: Recovered completed streamed Gram system from cache (0.00 s)
INFO mlfcs.fitting.fitter: Column-norm preconditioning in constrained coordinates
INFO mlfcs.fitting.fitter: - Inverse column scale: 5.643671e-01 to 1.215533e+01
INFO mlfcs.fitting.fitter: Solving the force-only least-squares problem with streamed Gram
INFO mlfcs.fitting.fitter: - Equations: 1920, unknowns: 31
INFO mlfcs.fitting.fitter: - Maximum joint constraint residual: 5.551115e-17
INFO mlfcs.fitting.fitter: Force fitting summary
INFO mlfcs.fitting.fitter: - Training relative error: 2.945684 %
INFO mlfcs.fitting.fitter: - Validation relative error: 2.945684 %
INFO mlfcs.fitting.fitter: - Training force RMSE: 6.2687835810e-04 eV/Å
INFO mlfcs.fitting.fitter: - Validation force RMSE: 6.2687835810e-04 eV/Å
INFO mlfcs.fitting.fitter: - FC2 force contribution RMS: 2.1272014985e-02 eV/Å
INFO mlfcs.fitting.fitter: - JAX execution guard: 1 prepared program, 5 signatures, 5 tiles, Gram passes=0, prediction passes=1
INFO mlfcs.fitting.fitter: - Solver iterations=14, stop_code=0
INFO mlfcs.fitting.fitter: Expanding fitted Taylor parameters into sparse physical IFCs
INFO mlfcs.fitting.fitter: - Expanded 216 sparse tensors in 0.00 s
INFO mlfcs.force_constants.realization: Export view cache miss; constructing new view
INFO mlfcs.force_constants.realization: Export view cache hit; reusing existing view
INFO mlfcs.force_constants.realization: Export view cache hit; reusing existing view
/home/gwins/codespace/mlfcs-new/tutorial/sscha/KCl/2x2x2_comp/compare_periodic_fc2.py:85: PrimitiveMatrixAutoDefaultWarning: primitive_matrix defaulted to 'auto' and was resolved to a non-identity matrix:
  [ 0.00000,  0.25000,  0.25000]
  [ 0.25000,  0.00000,  0.25000]
  [ 0.25000,  0.25000,  0.00000]
This differs from phonopy v3, whose default was the identity matrix. Pass primitive_matrix='P' (or --pa P on the command line) to restore the v3 behaviour.
  phonon = Phonopy(cell, np.eye(3, dtype=int), primitive_matrix="auto")
/home/gwins/codespace/mlfcs-new/tutorial/sscha/KCl/2x2x2_comp/compare_periodic_fc2.py:131: PrimitiveMatrixAutoDefaultWarning: primitive_matrix defaulted to 'auto' and was resolved to a non-identity matrix:
  [ 0.00000,  0.50000,  0.50000]
  [ 0.50000,  0.00000,  0.50000]
  [ 0.50000,  0.50000,  0.00000]
This differs from phonopy v3, whose default was the identity matrix. Pass primitive_matrix='P' (or --pa P on the command line) to restore the v3 behaviour.
  phonon = Phonopy(_phonopy_atoms(unitcell), SUPERCELL_MATRIX, primitive_matrix="auto")
wrote exact/periodic FC2 files, periodic-fc2-comparison.png, and periodic-fc2-comparison.json
