Preparing order-2 force-constant calculation
Creating reference supercell with matrix [[4, 0, 0], [0, 4, 0], [0, 0, 4]]
- 2 primitive atoms, 128 supercell atoms
Resolving the interaction cutoff
- Cutoff radius: 7.7237404951 Å
Analyzing crystal symmetries
- Space group Fd-3m
- 48 symmetry operations
Finding symmetry-inequivalent order-2 interaction clusters
- 9 cluster equivalence classes
- 28 independent tensor parameters
Building the central-difference displacement plan
- 3 displacement keys
- 6 force calculations required
Evaluating 6 configurations with CPUNEP
- Forces: 1/6 (17%)
- Forces: 2/6 (33%)
- Forces: 3/6 (50%)
- Forces: 4/6 (67%)
- Forces: 5/6 (83%)
- Forces: 6/6 (100%)
Reaping forces for order-2 force constants
- Validated 6 force configurations
- Contracted 3 finite-difference derivatives
Reconstructing symmetry-expanded force constants (ASR enabled)
- Max drift of fc2: 1.1203260210e-01 -> 5.3290705182e-15 eV/angstrom^2
- ASR parameter correction: maximum=2.5866113040e-03 eV/angstrom^2, relative L2=3.2643774750e-04
- Reconstructed 174 sparse cluster tensors
MLFCS export view: cache miss; constructing new view
MLFCS export view: constructed in 0.051642 s
MLFCS export view: cache hit; reusing existing view
MLFCS export view: cache hit; reusing existing view
