INFO mlfcs.fitting.fitter: Preparing physical FC2 fitting parameterization
INFO mlfcs.interactions.space: Creating reference supercell with matrix [[2, 0, 0], [0, 4, 0], [0, 0, 4]]
INFO mlfcs.interactions.space: 8 primitive atoms, 256 supercell atoms
INFO mlfcs.interactions.space: Resolving the interaction cutoff
INFO mlfcs.interactions.space: Cutoff radius: 8.3381782800 Å
INFO mlfcs.interactions.space: Analyzing crystal symmetries
INFO mlfcs.interactions.space: Space group Pnma
INFO mlfcs.interactions.space: 8 symmetry operations
INFO mlfcs.interactions.space: Finding symmetry-inequivalent order-2 interaction clusters
INFO mlfcs.interactions.space: 59 cluster equivalence classes
INFO mlfcs.interactions.space: 429 independent tensor parameters
INFO mlfcs.interactions.space: Maximum body order: 2
INFO mlfcs.fitting.fitter: - FC2: 59 orbits, 429 physical parameters
INFO mlfcs.fitting.fitter: - Joint physical parameter count: 429
INFO mlfcs.fitting.design_operator: - Compiled design plan: 1 orders, 59 orbits, 712 image pairs, 0.6 MiB arrays
INFO mlfcs.fitting.gram.builder: Accumulating streamed Gram system: 429 x 429 (1.4 MiB) over 10 snapshots, backend=Numba design + OpenBLAS Gram
INFO mlfcs.fitting.gram.builder: - Gram structures: 1/10, elapsed=0.18 s
INFO mlfcs.fitting.gram.builder: - Gram structures: 10/10, elapsed=0.52 s
INFO mlfcs.fitting.gram.builder: - Streamed Gram system ready in 0.53 s
INFO mlfcs.fitting.gram.builder: - Gram phase timing: design=0.26 s, BLAS=0.26 s
INFO mlfcs.fitting.fitter: Column-norm preconditioning in physical coordinates
INFO mlfcs.fitting.fitter: - FC2 inverse column scale: 1.304189e+00 to 2.927807e+00
INFO mlfcs.fitting.fitter: Solving the unconstrained force-only least-squares problem
INFO mlfcs.fitting.fitter: - Equations: 7680, physical unknowns: 429
INFO mlfcs.fitting.fitter: - FC2 post-fit ASR drift: 8.7461184909e-02 -> 2.1710064302e-15, relative correction 1.0419941523e-03
INFO mlfcs.fitting.fitter: Force fitting summary
INFO mlfcs.fitting.fitter: - Unprojected training relative error: 4.282934 %
INFO mlfcs.fitting.fitter: - Training relative error: 4.286162 %
INFO mlfcs.fitting.fitter: - Training force RMSE: 2.1450553442e-03 eV/Å
INFO mlfcs.fitting.fitter: - FC2 force contribution RMS: 5.0001184581e-02 eV/Å
INFO mlfcs.fitting.fitter: - Solver iterations=14, stop_code=0
INFO mlfcs.fitting.fitter: Expanding post-processed Taylor parameters into sparse physical IFCs
INFO mlfcs.fitting.fitter: - Expanded 712 sparse tensors in 0.02 s
INFO mlfcs.force_constants.realization: Export view cache miss; constructing new view
INFO mlfcs.force_constants.realization: Export view cache hit; reusing existing view
wrote harmonic FC2 fit to /home/gwins/codespace/mlfcs-new/tutorial/SnSe/harmonic-2x4x4
