INFO mlfcs.fitting.fitter: Preparing physical FC2 fitting parameterization
INFO mlfcs.interactions.space: Creating reference supercell with matrix [[3, 0, 0], [0, 5, 0], [0, 0, 5]]
INFO mlfcs.interactions.space: 8 primitive atoms, 600 supercell atoms
INFO mlfcs.interactions.space: Resolving the interaction cutoff
INFO mlfcs.interactions.space: Cutoff radius: 10.5981866492 Å
INFO mlfcs.interactions.space: Analyzing crystal symmetries
INFO mlfcs.interactions.space: Space group Pnma
INFO mlfcs.interactions.space: 8 symmetry operations
INFO mlfcs.interactions.space: Finding symmetry-inequivalent order-2 interaction clusters
INFO mlfcs.interactions.space: 125 cluster equivalence classes
INFO mlfcs.interactions.space: 923 independent tensor parameters
INFO mlfcs.interactions.space: Maximum body order: 2
INFO mlfcs.fitting.fitter: - FC2: 125 orbits, 923 physical parameters
INFO mlfcs.fitting.fitter: - Joint physical parameter count: 923
INFO mlfcs.fitting.design_operator: - Compiled design plan: 1 orders, 125 orbits, 1536 image pairs, 1.7 MiB arrays
INFO mlfcs.fitting.gram.builder: Accumulating streamed Gram system: 923 x 923 (6.5 MiB) over 10 snapshots, backend=Numba design + OpenBLAS Gram
INFO mlfcs.fitting.gram.builder: - Gram structures: 1/10, elapsed=0.21 s
INFO mlfcs.fitting.gram.builder: - Gram structures: 10/10, elapsed=1.16 s
INFO mlfcs.fitting.gram.builder: - Streamed Gram system ready in 1.18 s
INFO mlfcs.fitting.gram.builder: - Gram phase timing: design=0.34 s, BLAS=0.82 s
INFO mlfcs.fitting.fitter: Column-norm preconditioning in physical coordinates
INFO mlfcs.fitting.fitter: - FC2 inverse column scale: 8.882895e-01 to 1.863804e+00
INFO mlfcs.fitting.fitter: Solving the unconstrained force-only least-squares problem
INFO mlfcs.fitting.fitter: - Equations: 18000, physical unknowns: 923
INFO mlfcs.fitting.fitter: - FC2 post-fit ASR drift: 7.8637580051e-02 -> 1.0282573404e-15, relative correction 7.2641711652e-04
INFO mlfcs.fitting.fitter: Force fitting summary
INFO mlfcs.fitting.fitter: - Unprojected training relative error: 4.442191 %
INFO mlfcs.fitting.fitter: - Training relative error: 4.443506 %
INFO mlfcs.fitting.fitter: - Training force RMSE: 2.2618507727e-03 eV/Å
INFO mlfcs.fitting.fitter: - FC2 force contribution RMS: 5.0852856555e-02 eV/Å
INFO mlfcs.fitting.fitter: - Solver iterations=13, stop_code=0
INFO mlfcs.fitting.fitter: Expanding post-processed Taylor parameters into sparse physical IFCs
INFO mlfcs.fitting.fitter: - Expanded 1536 sparse tensors in 0.04 s
INFO mlfcs.force_constants.realization: Export view cache miss; constructing new view
INFO mlfcs.force_constants.realization: Export view cache hit; reusing existing view
wrote harmonic FC2 fit to /home/gwins/codespace/mlfcs-new/tutorial/SnSe/harmonic-3x5x5
