Input supercell: 128 atoms from SPOSCAR; supercell_matrix=identity, primitive_matrix='auto'
/home/gwins/codespace/mlfcs-new/tutorial/Si/finite-difference-ase/phono3py-kappa-fc3-extrapolated/run.py:75: PrimitiveMatrixAutoDefaultWarning: primitive_matrix defaulted to 'auto' and was resolved to a non-identity matrix:
  [ 0.25000,  0.00000,  0.00000]
  [ 0.00000,  0.25000,  0.00000]
  [ 0.00000,  0.00000,  0.25000]
This differs from phonopy v3, whose default was the identity matrix. Pass primitive_matrix='P' (or --pa P on the command line) to restore the v3 behaviour.
  ph3 = Phono3py(
Identified primitive cell: 2 atoms
/home/gwins/codespace/mlfcs-new/tutorial/Si/finite-difference-ase/phono3py-kappa-fc3-extrapolated/run.py:86: DeprecationWarning: output_filename parameter is deprecated.
  ph3.run_thermal_conductivity(
-------------------- Lattice thermal conductivity (RTA) --------------------
Running heat capacity calculations...
Running velocity calculations...
Running isotope scattering calculations with tetrahedron method...
======================= Grid point 0 (1/47) =======================
q-point: ( 0.00  0.00  0.00)
Mass variance parameters: 2.01e-04 2.01e-04 
Number of triplets: 47
Frequency     group velocity (x, y, z)     |gv|
  -0.000   (   0.000    0.000    0.000)    0.000
   0.000   (   0.000    0.000    0.000)    0.000
   0.000   (   0.000    0.000    0.000)    0.000
  14.283   (  -0.000   -0.000    0.000)    0.000
  14.283   (   0.000   -0.000   -0.000)    0.000
  14.283   (   0.000    0.000    0.000)    0.000
======================= Grid point 1 (2/47) =======================
q-point: ( 0.10  0.00  0.00)
Mass variance parameters: 2.01e-04 2.01e-04 
Number of triplets: 110
Frequency     group velocity (x, y, z)     |gv|
   1.380   ( -23.460   23.460   23.460)   40.633
   1.380   ( -23.460   23.460   23.460)   40.633
   2.608   ( -46.556   46.556   46.556)   80.637
  14.194   (   3.313   -3.313   -3.313)    5.739
  14.229   (   1.899   -1.899   -1.899)    3.289
  14.229   (   1.899   -1.899   -1.899)    3.289
======================= Grid point 2 (3/47) =======================
q-point: ( 0.20  0.00  0.00)
Mass variance parameters: 2.01e-04 2.01e-04 
Number of triplets: 116
Frequency     group velocity (x, y, z)     |gv|
   2.494   ( -16.601   16.601   16.601)   28.754
   2.494   ( -16.601   16.601   16.601)   28.754
   5.064   ( -42.689   42.689   42.689)   73.939
  13.903   (   7.495   -7.495   -7.495)   12.983
  14.093   (   2.821   -2.821   -2.821)    4.886
  14.093   (   2.821   -2.821   -2.821)    4.886
======================= Grid point 3 (4/47) =======================
q-point: ( 0.30  0.00  0.00)
Mass variance parameters: 2.01e-04 2.01e-04 
Number of triplets: 110
Frequency     group velocity (x, y, z)     |gv|
   3.171   (  -8.136    8.136    8.136)   14.093
   3.171   (  -8.136    8.136    8.136)   14.093
   7.269   ( -37.521   37.521   37.521)   64.988
  13.350   (  12.819  -12.819  -12.819)   22.203
  13.945   (   2.354   -2.354   -2.354)    4.078
  13.945   (   2.354   -2.354   -2.354)    4.078
======================= Grid point 4 (5/47) =======================
q-point: ( 0.40  0.00  0.00)
Mass variance parameters: 2.01e-04 2.01e-04 
Number of triplets: 116
Frequency     group velocity (x, y, z)     |gv|
   3.432   (  -2.086    2.086    2.086)    3.614
   3.432   (  -2.086    2.086    2.086)    3.614
   9.148   ( -30.268   30.268   30.268)   52.426
  12.503   (  17.539  -17.539  -17.539)   30.379
  13.848   (   1.144   -1.144   -1.144)    1.982
  13.848   (   1.144   -1.144   -1.144)    1.982
======================= Grid point 5 (6/47) =======================
q-point: (-0.50  0.00  0.00)
Mass variance parameters: 2.01e-04 2.01e-04 
Number of triplets: 58
Frequency     group velocity (x, y, z)     |gv|
   3.477   (   0.000   -0.000   -0.000)    0.000
   3.477   (  -0.000    0.000    0.000)    0.000
  10.233   (   0.000   -0.000   -0.000)    0.000
  11.769   (  -0.000    0.000    0.000)    0.000
  13.818   (   0.000   -0.000   -0.000)    0.000
  13.818   (  -0.000    0.000    0.000)    0.000
======================= Grid point 12 (7/47) =======================
q-point: ( 0.10  0.10  0.00)
Mass variance parameters: 2.01e-04 2.01e-04 
Number of triplets: 99
Frequency     group velocity (x, y, z)     |gv|
   1.816   (   0.000   -0.000   46.768)   46.768
   1.816   (   0.000   -0.000   46.768)   46.768
   2.754   (   0.000   -0.000   74.108)   74.108
  14.180   (  -0.000    0.000   -5.462)    5.462
  14.180   (  -0.000    0.000   -5.462)    5.462
  14.228   (  -0.000    0.000   -3.068)    3.068
======================= Grid point 13 (8/47) =======================
q-point: ( 0.20  0.10  0.00)
Mass variance parameters: 2.01e-04 2.01e-04 
Number of triplets: 275
Frequency     group velocity (x, y, z)     |gv|
   2.702   (  -4.051    4.051   36.300)   36.749
   2.703   (  -4.075    4.075   42.759)   43.145
   4.630   ( -27.132   27.132   58.876)   70.276
  13.980   (   4.426   -4.426   -8.247)   10.354
  14.047   (   0.734   -0.734   -6.955)    7.032
  14.126   (   1.533   -1.533   -4.389)    4.896
======================= Grid point 14 (9/47) =======================
q-point: ( 0.30  0.10  0.00)
Mass variance parameters: 2.01e-04 2.01e-04 
Number of triplets: 280
Frequency     group velocity (x, y, z)     |gv|
   3.338   (  -0.527    0.527   23.307)   23.319
   3.548   (   0.230   -0.230   38.891)   38.893
   6.663   ( -32.321   32.321   42.690)   62.544
  13.526   (  10.059  -10.059  -13.127)   19.357
  13.898   (   0.393   -0.393   -6.477)    6.501
  13.985   (   1.680   -1.680   -3.835)    4.512
======================= Grid point 15 (10/47) =======================
q-point: ( 0.40  0.10  0.00)
Mass variance parameters: 2.01e-04 2.01e-04 
Number of triplets: 275
Frequency     group velocity (x, y, z)     |gv|
   3.620   (   3.321   -3.321   14.878)   15.602
   4.054   (  10.077  -10.077   37.084)   39.728
   8.515   ( -32.298   32.298   29.369)   54.303
  12.755   (  15.444  -15.444  -19.561)   29.320
  13.795   (  -0.542    0.542   -4.948)    5.007
  13.883   (   1.102   -1.102   -1.470)    2.142
======================= Grid point 16 (11/47) =======================
q-point: ( 0.50  0.10  0.00)
Mass variance parameters: 2.01e-04 2.01e-04 
Number of triplets: 280
Frequency     group velocity (x, y, z)     |gv|
   3.708   (   5.031   -5.031   12.784)   14.630
   4.210   (  17.045  -17.045   35.976)   43.305
   9.950   ( -19.656   19.656   10.620)   29.757
  11.813   (  11.179  -11.179  -17.478)   23.568
  13.755   (  -1.489    1.489   -3.516)    4.099
  13.848   (   0.707   -0.707    0.888)    1.337
======================= Grid point 17 (12/47) =======================
q-point: (-0.40  0.10  0.00)
Mass variance parameters: 2.01e-04 2.01e-04 
Number of triplets: 275
Frequency     group velocity (x, y, z)     |gv|
   3.718   (   7.032   -7.032   11.142)   14.934
   4.174   (  19.510  -19.510   33.578)   43.460
   9.564   (  22.664  -22.664  -30.291)   44.101
  12.072   ( -20.386   20.386   10.988)   30.853
  13.777   (  -2.497    2.497   -1.962)    4.039
  13.854   (   0.333   -0.333    1.764)    1.825
======================= Grid point 18 (13/47) =======================
q-point: (-0.30  0.10  0.00)
Mass variance parameters: 2.01e-04 2.01e-04 
Number of triplets: 280
Frequency     group velocity (x, y, z)     |gv|
   3.528   (  12.248  -12.248    4.729)   17.955
   3.982   (  22.234  -22.234   27.306)   41.645
   7.900   (  32.735  -32.735  -35.334)   58.238
  13.005   ( -17.962   17.962    9.460)   27.107
  13.870   (  -3.544    3.544   -0.032)    5.012
  13.891   (  -1.005    1.005    1.233)    1.882
======================= Grid point 19 (14/47) =======================
q-point: (-0.20  0.10  0.00)
Mass variance parameters: 2.01e-04 2.01e-04 
Number of triplets: 275
Frequency     group velocity (x, y, z)     |gv|
   2.960   (  19.680  -19.680   -2.667)   27.959
   3.481   (  27.631  -27.631   16.304)   42.341
   5.966   (  40.580  -40.580  -27.800)   63.767
  13.681   ( -11.773   11.773    4.965)   17.373
  13.978   (  -3.001    3.001    0.200)    4.248
  14.021   (  -3.914    3.914    1.024)    5.629
======================= Grid point 20 (15/47) =======================
q-point: (-0.10  0.10  0.00)
Mass variance parameters: 2.01e-04 2.01e-04 
Number of triplets: 170
Frequency     group velocity (x, y, z)     |gv|
   2.066   (  25.793  -25.793    0.000)   36.477
   2.535   (  32.156  -32.156    0.000)   45.476
   4.016   (  49.670  -49.670    0.000)   70.245
  14.061   (  -6.648    6.648    0.000)    9.402
  14.108   (  -3.837    3.837    0.000)    5.426
  14.165   (  -3.104    3.104    0.000)    4.389
======================= Grid point 23 (16/47) =======================
q-point: ( 0.20  0.20  0.00)
Mass variance parameters: 2.01e-04 2.01e-04 
Number of triplets: 102
Frequency     group velocity (x, y, z)     |gv|
   3.322   (   0.000   -0.000   34.441)   34.441
   3.322   (   0.000   -0.000   34.441)   34.441
   5.385   (   0.000   -0.000   69.412)   69.412
  13.911   (  -0.000    0.000   -8.643)    8.643
  13.911   (  -0.000    0.000   -8.643)    8.643
  14.046   (  -0.000    0.000   -7.220)    7.220
======================= Grid point 24 (17/47) =======================
q-point: ( 0.30  0.20  0.00)
Mass variance parameters: 2.01e-04 2.01e-04 
Number of triplets: 275
Frequency     group velocity (x, y, z)     |gv|
   3.841   (   1.949   -1.949   24.754)   24.907
   4.090   (  -8.857    8.857   30.911)   33.353
   6.784   (  -9.687    9.687   58.218)   59.808
  13.609   (   7.032   -7.032  -11.986)   15.575
  13.758   (  -0.340    0.340   -8.204)    8.219
  13.909   (  -0.523    0.523   -7.365)    7.402
======================= Grid point 25 (18/47) =======================
q-point: ( 0.40  0.20  0.00)
Mass variance parameters: 2.01e-04 2.01e-04 
Number of triplets: 282
Frequency     group velocity (x, y, z)     |gv|
   4.091   (   4.629   -4.629   17.028)   18.244
   4.972   (  -4.046    4.046   35.417)   35.876
   8.144   ( -16.263   16.263   38.719)   45.035
  12.939   (  13.944  -13.944  -19.197)   27.521
  13.650   (  -1.219    1.219   -6.608)    6.829
  13.838   (  -1.288    1.288   -3.809)    4.221
======================= Grid point 26 (19/47) =======================
q-point: ( 0.50  0.20  0.00)
Mass variance parameters: 2.01e-04 2.01e-04 
Number of triplets: 275
Frequency     group velocity (x, y, z)     |gv|
   4.183   (   5.527   -5.527   14.582)   16.545
   5.564   (  10.828  -10.828   41.647)   44.372
   9.376   ( -21.006   21.006   17.819)   34.642
  11.941   (  16.489  -16.489  -24.298)   33.677
  13.603   (  -2.079    2.079   -5.102)    5.888
  13.856   (  -1.273    1.273    0.004)    1.800
======================= Grid point 27 (20/47) =======================
q-point: (-0.40  0.20  0.00)
Mass variance parameters: 2.01e-04 2.01e-04 
Number of triplets: 282
Frequency     group velocity (x, y, z)     |gv|
   4.219   (   6.729   -6.729   12.577)   15.771
   5.716   (  21.967  -21.967   41.620)   51.935
   9.707   (  11.646  -11.646  -21.610)   27.171
  11.484   ( -14.779   14.779   -0.823)   20.916
  13.618   (  -3.067    3.067   -3.426)    5.528
  13.903   (  -0.105    0.105    1.734)    1.740
======================= Grid point 28 (21/47) =======================
q-point: (-0.30  0.20  0.00)
Mass variance parameters: 2.01e-04 2.01e-04 
Number of triplets: 275
Frequency     group velocity (x, y, z)     |gv|
   4.086   (  10.849  -10.849    6.419)   16.632
   5.484   (  27.138  -27.138   29.760)   48.566
   8.396   (  26.955  -26.955  -26.951)   46.685
  12.362   ( -23.690   23.690    4.140)   33.758
  13.708   (  -4.208    4.208   -1.264)    6.083
  13.917   (   0.682   -0.682    1.187)    1.529
======================= Grid point 29 (22/47) =======================
q-point: (-0.20  0.20  0.00)
Mass variance parameters: 2.01e-04 2.01e-04 
Number of triplets: 171
Frequency     group velocity (x, y, z)     |gv|
   3.636   (  16.578  -16.578    0.000)   23.445
   4.737   (  29.105  -29.105    0.000)   41.161
   7.030   (  32.780  -32.780    0.000)   46.357
  13.179   ( -18.251   18.251    0.000)   25.812
  13.866   (  -4.692    4.692    0.000)    6.636
  13.918   (  -0.514    0.514    0.000)    0.727
======================= Grid point 34 (23/47) =======================
q-point: ( 0.30  0.30  0.00)
Mass variance parameters: 2.01e-04 2.01e-04 
Number of triplets: 99
Frequency     group velocity (x, y, z)     |gv|
   4.277   (   0.000   -0.000   17.539)   17.539
   4.277   (   0.000   -0.000   17.539)   17.539
   7.808   (   0.000   -0.000   62.716)   62.716
  13.601   (  -0.000    0.000   -7.567)    7.567
  13.601   (  -0.000    0.000   -7.567)    7.567
  13.658   (  -0.000    0.000  -14.752)   14.752
======================= Grid point 35 (24/47) =======================
q-point: ( 0.40  0.30  0.00)
Mass variance parameters: 2.01e-04 2.01e-04 
Number of triplets: 275
Frequency     group velocity (x, y, z)     |gv|
   4.482   (   2.280   -2.280   10.683)   11.159
   4.905   ( -18.234   18.234   13.943)   29.316
   8.846   (   2.973   -2.973   53.919)   54.083
  13.058   (  11.383  -11.383  -19.460)   25.255
  13.494   (  -0.804    0.804   -5.712)    5.824
  13.635   (  -4.556    4.556   -6.468)    9.130
======================= Grid point 36 (25/47) =======================
q-point: ( 0.50  0.30  0.00)
Mass variance parameters: 2.01e-04 2.01e-04 
Number of triplets: 280
Frequency     group velocity (x, y, z)     |gv|
   4.554   (   2.740   -2.740    8.267)    9.130
   5.965   ( -20.621   20.621   17.856)   34.195
   9.545   (   4.203   -4.203   38.174)   38.634
  12.096   (  16.987  -16.987  -27.156)   36.257
  13.448   (  -1.512    1.512   -4.053)    4.583
  13.732   (  -4.622    4.622   -1.839)    6.790
======================= Grid point 37 (26/47) =======================
q-point: (-0.40  0.30  0.00)
Mass variance parameters: 2.01e-04 2.01e-04 
Number of triplets: 275
Frequency     group velocity (x, y, z)     |gv|
   4.584   (   3.388   -3.388    6.147)    7.794
   6.801   (  -2.202    2.202   21.055)   21.284
   9.858   (   9.748   -9.748    8.715)   16.309
  11.107   (   3.730   -3.730  -17.364)   18.148
  13.459   (  -2.396    2.396   -2.275)    4.082
  13.870   (  -3.055    3.055    0.435)    4.342
======================= Grid point 39 (27/47) =======================
q-point: (-0.30  0.30  0.00)
Mass variance parameters: 2.01e-04 2.01e-04 
Number of triplets: 170
Frequency     group velocity (x, y, z)     |gv|
   4.472   (   6.581   -6.581    0.000)    9.307
   6.703   (  19.685  -19.685    0.000)   27.839
   9.061   (  24.879  -24.879    0.000)   35.184
  11.504   ( -23.049   23.049    0.000)   32.596
  13.548   (  -3.582    3.582    0.000)    5.066
  13.941   (  -0.461    0.461    0.000)    0.652
======================= Grid point 46 (28/47) =======================
q-point: ( 0.40  0.40  0.00)
Mass variance parameters: 2.01e-04 2.01e-04 
Number of triplets: 102
Frequency     group velocity (x, y, z)     |gv|
   4.650   (   0.000   -0.000    4.292)    4.292
   4.650   (   0.000   -0.000    4.292)    4.292
   9.941   (   0.000   -0.000   53.439)   53.439
  12.911   (  -0.000    0.000  -26.741)   26.741
  13.394   (  -0.000    0.000   -3.603)    3.603
  13.394   (  -0.000    0.000   -3.603)    3.603
======================= Grid point 47 (29/47) =======================
q-point: ( 0.50  0.40  0.00)
Mass variance parameters: 2.01e-04 2.01e-04 
Number of triplets: 275
Frequency     group velocity (x, y, z)     |gv|
   4.693   (   0.314   -0.314    2.066)    2.113
   5.188   ( -24.368   24.368    2.951)   34.588
  10.673   (   9.877   -9.877   45.212)   47.320
  12.111   (  12.173  -12.173  -32.604)   36.870
  13.356   (  -0.575    0.575   -1.822)    1.996
  13.482   (  -6.053    6.053   -1.954)    8.781
======================= Grid point 48 (30/47) =======================
q-point: (-0.40 -0.60  0.00)
Mass variance parameters: 2.01e-04 2.01e-04 
Number of triplets: 171
Frequency     group velocity (x, y, z)     |gv|
   4.703   (   0.712   -0.712    0.000)    1.007
   6.283   ( -28.983   28.983    0.000)   40.988
  10.760   (  20.524  -20.524    0.000)   29.025
  11.093   (  10.885  -10.885    0.000)   15.394
  13.372   (  -1.288    1.288    0.000)    1.821
  13.700   (  -6.019    6.019    0.000)    8.512
======================= Grid point 60 (31/47) =======================
q-point: (-0.50 -0.50  0.00)
Mass variance parameters: 2.01e-04 2.01e-04 
Number of triplets: 63
Frequency     group velocity (x, y, z)     |gv|
   4.708   (  -0.000    0.000   -0.000)    0.000
   4.708   (   0.000    0.000   -0.000)    0.000
  11.675   (  -0.000    0.000  -40.876)   40.876
  11.675   (   0.000   -0.000   40.876)   40.876
  13.331   (  -0.000   -0.000    0.000)    0.000
  13.331   (   0.000   -0.000    0.000)    0.000
======================= Grid point 132 (32/47) =======================
q-point: ( 0.30  0.20  0.10)
Mass variance parameters: 2.01e-04 2.01e-04 
Number of triplets: 275
Frequency     group velocity (x, y, z)     |gv|
   3.298   (   0.000    2.066   35.016)   35.077
   3.757   (   0.000   21.897   31.524)   38.383
   5.925   (   0.000   25.752   53.149)   59.059
  13.711   (  -0.000  -10.397  -12.131)   15.977
  13.918   (  -0.000    0.268   -6.148)    6.154
  14.004   (  -0.000   -2.584   -5.745)    6.299
======================= Grid point 133 (33/47) =======================
q-point: ( 0.40  0.20  0.10)
Mass variance parameters: 2.01e-04 2.01e-04 
Number of triplets: 500
Frequency     group velocity (x, y, z)     |gv|
   3.868   (   5.842    2.682   25.746)   26.537
   4.588   (  14.089   19.580   31.210)   39.446
   7.431   ( -21.576   24.011   38.848)   50.509
  13.136   (   5.064  -17.768  -17.771)   25.635
  13.811   (   1.685    0.533   -5.839)    6.101
  13.882   (  -1.307   -0.795   -3.594)    3.906
======================= Grid point 134 (34/47) =======================
q-point: ( 0.50  0.20  0.10)
Mass variance parameters: 2.01e-04 2.01e-04 
Number of triplets: 500
Frequency     group velocity (x, y, z)     |gv|
   4.124   (  14.083    2.489   18.555)   23.427
   5.078   (  26.314    8.255   34.966)   44.533
   8.951   ( -29.741   24.988   24.002)   45.662
  12.245   (   9.261  -22.395  -23.032)   33.433
  13.700   (  -1.056   -0.389   -4.981)    5.107
  13.865   (   0.126    1.215   -0.855)    1.491
======================= Grid point 135 (35/47) =======================
q-point: (-0.40  0.20  0.10)
Mass variance parameters: 2.01e-04 2.01e-04 
Number of triplets: 255
Frequency     group velocity (x, y, z)     |gv|
   4.179   (  16.735    0.000   16.735)   23.667
   5.227   (  33.859   -0.000   33.859)   47.884
   9.920   (  -6.970   -0.000   -6.970)    9.857
  11.500   (  -6.618   -0.000   -6.618)    9.360
  13.661   (  -3.307    0.000   -3.307)    4.676
  13.870   (   0.333   -0.000    0.333)    0.471
======================= Grid point 144 (36/47) =======================
q-point: ( 0.40  0.30  0.10)
Mass variance parameters: 2.01e-04 2.01e-04 
Number of triplets: 280
Frequency     group velocity (x, y, z)     |gv|
   4.383   (   0.000    3.862   23.036)   23.357
   4.705   (   0.000   21.954   19.326)   29.249
   7.854   (   0.000    4.198   51.953)   52.122
  13.187   (  -0.000  -16.872  -16.766)   23.786
  13.691   (  -0.000    4.406   -5.776)    7.265
  13.756   (  -0.000    0.058   -7.350)    7.350
======================= Grid point 145 (37/47) =======================
q-point: ( 0.50  0.30  0.10)
Mass variance parameters: 2.01e-04 2.01e-04 
Number of triplets: 500
Frequency     group velocity (x, y, z)     |gv|
   4.671   (  17.237    8.170   17.263)   25.727
   5.614   (  -8.398   18.964   22.798)   30.821
   8.814   (  -7.474    5.013   37.199)   38.272
  12.387   (   6.312  -23.335  -23.375)   33.627
  13.596   (   2.224    2.007   -5.335)    6.118
  13.757   (  -3.838    3.086   -3.062)    5.799
======================= Grid point 146 (38/47) =======================
q-point: ( 0.60  0.30  0.10)
Mass variance parameters: 2.01e-04 2.01e-04 
Number of triplets: 500
Frequency     group velocity (x, y, z)     |gv|
   4.757   (  21.211    8.755   14.158)   26.963
   6.306   (   6.173   -0.749   28.685)   29.351
   9.637   (  -9.607    8.000   13.759)   18.591
  11.391   (   5.554  -16.521  -22.024)   28.086
  13.536   (  -0.717    1.936   -3.519)    4.080
  13.834   (  -3.393    1.177   -0.703)    3.659
======================= Grid point 147 (39/47) =======================
q-point: (-0.30  0.30  0.10)
Mass variance parameters: 2.01e-04 2.01e-04 
Number of triplets: 500
Frequency     group velocity (x, y, z)     |gv|
   4.713   (  22.696    5.773    9.201)   25.162
   6.360   (  17.653  -20.979   22.510)   35.474
   9.299   (  21.434  -18.694  -17.397)   33.340
  11.497   ( -22.010   22.215    1.906)   31.330
  13.566   (  -2.984    2.696   -1.488)    4.288
  13.878   (  -2.861   -2.327    0.147)    3.691
======================= Grid point 148 (40/47) =======================
q-point: (-0.20  0.30  0.10)
Mass variance parameters: 2.01e-04 2.01e-04 
Number of triplets: 275
Frequency     group velocity (x, y, z)     |gv|
   4.429   (  25.159    1.150   -0.000)   25.185
   5.715   (  22.294  -30.550    0.000)   37.820
   8.246   (  33.202  -17.712   -0.000)   37.631
  12.415   ( -22.992   24.512   -0.000)   33.608
  13.684   (  -4.811    3.378    0.000)    5.879
  13.864   (  -2.567   -4.146    0.000)    4.876
======================= Grid point 155 (41/47) =======================
q-point: ( 0.50  0.40  0.10)
Mass variance parameters: 2.01e-04 2.01e-04 
Number of triplets: 275
Frequency     group velocity (x, y, z)     |gv|
   4.978   (   0.000   14.699   10.307)   17.953
   5.157   (   0.000   25.354    5.939)   26.041
   9.684   (   0.000  -11.342   47.376)   48.714
  12.427   (  -0.000  -21.566  -25.823)   33.644
  13.520   (   0.000    5.839   -3.409)    6.762
  13.526   (  -0.000    3.085   -4.428)    5.397
======================= Grid point 156 (42/47) =======================
q-point: ( 0.60  0.40  0.10)
Mass variance parameters: 2.01e-04 2.01e-04 
Number of triplets: 500
Frequency     group velocity (x, y, z)     |gv|
   5.101   (  23.669   18.534    6.036)   30.662
   6.167   ( -27.540   23.851    7.320)   37.160
  10.154   (   5.998  -13.945   35.289)   38.416
  11.411   (   6.660  -22.446  -29.822)   37.914
  13.458   (   3.044    3.268   -1.958)    4.877
  13.673   (  -6.834    3.630   -1.304)    7.847
======================= Grid point 157 (43/47) =======================
q-point: (-0.30  0.40  0.10)
Mass variance parameters: 2.01e-04 2.01e-04 
Number of triplets: 275
Frequency     group velocity (x, y, z)     |gv|
   5.035   (  23.926   14.460   -0.000)   27.956
   6.892   ( -10.919   -1.018    0.000)   10.966
   9.933   (  21.334  -21.713    0.000)   30.440
  10.886   ( -10.464    5.547    0.000)   11.843
  13.468   (   0.000    3.068   -0.000)    3.068
  13.820   (  -5.783    0.301    0.000)    5.790
======================= Grid point 166 (44/47) =======================
q-point: (-0.40 -0.50  0.10)
Mass variance parameters: 2.01e-04 2.01e-04 
Number of triplets: 155
Frequency     group velocity (x, y, z)     |gv|
   5.203   (   0.000   23.866   -0.768)   23.879
   5.203   (   0.000   23.866    0.768)   23.879
  11.259   (  -0.000  -19.666  -37.947)   42.740
  11.259   (   0.000  -19.666   37.947)   42.740
  13.451   (   0.000    4.746   -0.015)    4.746
  13.451   (   0.000    4.746    0.015)    4.746
======================= Grid point 262 (45/47) =======================
q-point: ( 0.60  0.40  0.20)
Mass variance parameters: 2.01e-04 2.01e-04 
Number of triplets: 282
Frequency     group velocity (x, y, z)     |gv|
   5.358   (  -0.000    1.234   24.041)   24.072
   6.238   (   0.000   29.225    5.084)   29.664
   9.437   (   0.000    2.430   31.685)   31.778
  11.527   (   0.000  -25.047  -25.446)   35.704
  13.554   (   0.000   -1.209   -1.705)    2.091
  13.732   (  -0.000    4.758   -4.401)    6.481
======================= Grid point 263 (46/47) =======================
q-point: (-0.30  0.40  0.20)
Mass variance parameters: 2.01e-04 2.01e-04 
Number of triplets: 255
Frequency     group velocity (x, y, z)     |gv|
   5.571   (  19.554    0.000   19.554)   27.654
   6.618   (  -2.636   -0.000   -2.636)    3.728
   9.913   (  11.060    0.000   11.060)   15.641
  10.865   ( -11.059    0.000  -11.059)   15.639
  13.524   (   0.616   -0.000    0.616)    0.871
  13.738   (  -3.752    0.000   -3.752)    5.305
======================= Grid point 274 (47/47) =======================
q-point: (-0.30 -0.50  0.20)
Mass variance parameters: 2.01e-04 2.01e-04 
Number of triplets: 155
Frequency     group velocity (x, y, z)     |gv|
   6.072   (   0.000   17.087  -10.798)   20.213
   6.072   (   0.000   17.087   10.798)   20.213
  10.543   (  -0.000  -14.266  -28.311)   31.702
  10.543   (   0.000  -14.266   28.311)   31.702
  13.582   (   0.000    1.917   -2.546)    3.187
  13.582   (   0.000    1.917    2.546)    3.187
=================== End of collection of collisions ===================
----------- Thermal conductivity (W/m-k) with tetrahedron method -----------
#  T(K)        xx         yy         zz         yz         xz         xy
  300.0      84.389     84.389     84.389     -0.000     -0.000      0.000
  400.0      61.196     61.196     61.196     -0.000     -0.000      0.000
  500.0      48.294     48.294     48.294     -0.000     -0.000      0.000
  600.0      39.990     39.990     39.990     -0.000     -0.000      0.000
  700.0      34.168     34.168     34.168     -0.000     -0.000      0.000
  800.0      29.848     29.848     29.848     -0.000     -0.000      0.000
  900.0      26.509     26.509     26.509     -0.000     -0.000      0.000

Thermal conductivity related properties were written into 
"kappa-m101010.si-m101010-fc3-extrapolated.hdf5".
Wrote thermal conductivity: kappa-m101010.si-m101010-fc3-extrapolated.hdf5
