INFO mlfcs.phonon.sampling.structures: Generated 3 gaussian perturbation structures
INFO mlfcs.fitting.fitter: Preparing independent FC2 fitting parameterization
INFO mlfcs.interactions.space: Creating reference supercell with matrix [[4, 0, 0], [0, 4, 0], [0, 0, 4]]
INFO mlfcs.interactions.space: 2 primitive atoms, 128 supercell atoms
INFO mlfcs.interactions.space: Resolving the interaction cutoff
INFO mlfcs.interactions.space: Cutoff radius: 7.7237404951 Å
INFO mlfcs.interactions.space: Analyzing crystal symmetries
INFO mlfcs.interactions.space: Space group Fd-3m
INFO mlfcs.interactions.space: 48 symmetry operations
INFO mlfcs.interactions.space: Finding symmetry-inequivalent order-2 interaction clusters
INFO mlfcs.interactions.space: 9 cluster equivalence classes
INFO mlfcs.interactions.space: 28 independent tensor parameters
INFO mlfcs.fitting.fitter: - FC2: 9 orbits, 28 parameters
INFO mlfcs.fitting.fitter: - Joint parameter count: 28
INFO mlfcs.fitting.linear_solvers: Explicit constraint parameterization: 28 -> 27 parameters in 4 blocks, rank=1, nnz=49
INFO mlfcs.fitting.design_operator: - Compiled design plan: 1 orders, 9 orbits, 174 image pairs, 0.1 MiB arrays
INFO mlfcs.fitting.gram.builder: Accumulating streamed Gram system: 27 x 27 (0.0 MiB) over 3 snapshots, backend=Numba design + OpenBLAS Gram
INFO mlfcs.fitting.gram.builder: - Gram structures: 1/3, elapsed=0.10 s
INFO mlfcs.fitting.gram.builder: - Gram structures: 3/3, elapsed=0.11 s
INFO mlfcs.fitting.gram.builder: - Streamed Gram system ready in 0.11 s
INFO mlfcs.fitting.gram.builder: - Gram phase timing: design=0.11 s, reduction=0.00 s, BLAS=0.00 s
INFO mlfcs.fitting.fitter: Constraint system: 1 rows after duplicate removal (18 ASR before compression)
INFO mlfcs.fitting.fitter: Column-norm preconditioning in constrained coordinates
INFO mlfcs.fitting.fitter: - Inverse column scale: 9.204223e-01 to 5.053571e+00
INFO mlfcs.fitting.fitter: Solving the force-only least-squares problem with streamed Gram
INFO mlfcs.fitting.fitter: - Equations: 1152, unknowns: 27
INFO mlfcs.fitting.fitter: - Maximum joint constraint residual: 1.066855e-16
INFO mlfcs.fitting.fitter: Force fitting summary
INFO mlfcs.fitting.fitter: - Training relative error: 3.428678 %
INFO mlfcs.fitting.fitter: - Training force RMSE: 4.9958528508e-03 eV/Å
INFO mlfcs.fitting.fitter: - Independent Gram statistics: one compiled design plan
INFO mlfcs.fitting.fitter: - Solver iterations=12, stop_code=0
INFO mlfcs.fitting.fitter: Expanding fitted Taylor parameters into sparse physical IFCs
INFO mlfcs.fitting.fitter: - Expanded 174 sparse tensors in 0.00 s
INFO mlfcs.force_constants.realization: Export view cache miss; constructing new view
INFO mlfcs.force_constants.realization: Export view cache hit; reusing existing view
INFO mlfcs.force_constants.realization: Export view cache hit; reusing existing view
wrote SPOSCAR, train.extxyz, fitted FC2 files, and fit-metrics.json
