INFO mlfcs.fitting.fitter: Preparing independent FC2+FC3 fitting parameterization
INFO mlfcs.interactions.space: Creating reference supercell with matrix [[2, 0, 0], [0, 2, 0], [0, 0, 2]]
INFO mlfcs.interactions.space: 54 primitive atoms, 432 supercell atoms
INFO mlfcs.interactions.space: Resolving the interaction cutoff
INFO mlfcs.interactions.space: Cutoff radius: 5.4000000000 Å
INFO mlfcs.interactions.space: Analyzing crystal symmetries
INFO mlfcs.interactions.space: Space group R3
INFO mlfcs.interactions.space: 3 symmetry operations
INFO mlfcs.interactions.space: Creating reference supercell with matrix [[2, 0, 0], [0, 2, 0], [0, 0, 2]]
INFO mlfcs.interactions.space: 54 primitive atoms, 432 supercell atoms
INFO mlfcs.interactions.space: Resolving the interaction cutoff
INFO mlfcs.interactions.space: Cutoff radius: 4.3500000000 Å
INFO mlfcs.interactions.space: Analyzing crystal symmetries
INFO mlfcs.interactions.space: Space group R3
INFO mlfcs.interactions.space: 3 symmetry operations
INFO mlfcs.interactions.space: Finding symmetry-inequivalent order-2 interaction clusters
INFO mlfcs.interactions.space: 215 cluster equivalence classes
INFO mlfcs.interactions.space: 1809 independent tensor parameters
INFO mlfcs.interactions.space: Maximum body order: 2
INFO mlfcs.fitting.fitter: - FC2: 215 orbits, 1809 parameters
INFO mlfcs.interactions.space: Finding symmetry-inequivalent order-3 interaction clusters
INFO mlfcs.interactions.space: 382 cluster equivalence classes
INFO mlfcs.interactions.space: 6520 independent tensor parameters
INFO mlfcs.interactions.space: Maximum body order: 2
INFO mlfcs.fitting.fitter: - FC3: 382 orbits, 6520 parameters
INFO mlfcs.fitting.fitter: - Joint parameter count: 8329
INFO mlfcs.fitting.linear_solvers: Explicit constraint parameterization: 8329 -> 3412 parameters in 6 blocks, rank=4917, nnz=91562
INFO mlfcs.fitting.design_operator: - Compiled design plan: 2 orders, 597 orbits, 4410 image pairs, 12.9 MiB arrays, device=cpu
INFO mlfcs.fitting.gram.builder: Accumulating streamed Gram system: 3412 x 3412 (88.8 MiB) over 101 snapshots, backend=Numba design + OpenBLAS Gram
INFO mlfcs.fitting.gram.builder: - Gram structures: 1/101, elapsed=0.48 s
INFO mlfcs.fitting.gram.builder: - Gram structures: 20/101, elapsed=6.90 s
INFO mlfcs.fitting.gram.builder: - Gram structures: 40/101, elapsed=13.45 s
INFO mlfcs.fitting.gram.builder: - Gram structures: 60/101, elapsed=19.80 s
INFO mlfcs.fitting.gram.builder: - Gram structures: 80/101, elapsed=26.08 s
INFO mlfcs.fitting.gram.builder: - Gram structures: 100/101, elapsed=32.21 s
INFO mlfcs.fitting.gram.builder: - Gram structures: 101/101, elapsed=32.52 s
INFO mlfcs.fitting.gram.builder: - Streamed Gram system ready in 32.81 s
INFO mlfcs.fitting.gram.builder: - Gram phase timing: design=6.56 s, reduction=15.24 s, BLAS=10.72 s
INFO mlfcs.fitting.fitter: Constraint system: 5232 rows after duplicate removal (30456 ASR before compression)
INFO mlfcs.fitting.fitter: Column-norm preconditioning in constrained coordinates
INFO mlfcs.fitting.fitter: - Inverse column scale: 2.023521e-02 to 9.493785e-01
INFO mlfcs.fitting.fitter: Solving the force-only least-squares problem with streamed Gram
INFO mlfcs.fitting.fitter: - Equations: 130896, unknowns: 3412
INFO mlfcs.fitting.fitter: - Maximum joint constraint residual: 6.689094e-14
INFO mlfcs.fitting.fitter: Force fitting summary
INFO mlfcs.fitting.fitter: - Training relative error: 6.808112 %
INFO mlfcs.fitting.fitter: - Training force RMSE: 3.3998407153e-02 eV/Å
INFO mlfcs.fitting.fitter: - Independent Gram statistics: one compiled design plan
INFO mlfcs.fitting.fitter: - Solver iterations=2697, stop_code=0
INFO mlfcs.fitting.fitter: Expanding fitted Taylor parameters into sparse physical IFCs
INFO mlfcs.fitting.fitter: - Expanded 4410 sparse tensors in 0.18 s
INFO mlfcs.force_constants.realization: Export view cache miss; constructing new view
INFO mlfcs.force_constants.realization: Export view cache hit; reusing existing view
