INFO mlfcs.fitting.fitter: Preparing physical FC2+FC3+FC4 fitting parameterization
INFO mlfcs.interactions.space: Creating reference supercell with matrix [[-2, 2, 2], [2, -2, 2], [2, 2, -2]]
INFO mlfcs.interactions.space: 2 primitive atoms, 64 supercell atoms
INFO mlfcs.interactions.space: Resolving the interaction cutoff
INFO mlfcs.interactions.space: Cutoff radius: 5.4000000000 Å
INFO mlfcs.interactions.space: Analyzing crystal symmetries
INFO mlfcs.interactions.space: Space group Fd-3m
INFO mlfcs.interactions.space: 48 symmetry operations
INFO mlfcs.interactions.space: Creating reference supercell with matrix [[-2, 2, 2], [2, -2, 2], [2, 2, -2]]
INFO mlfcs.interactions.space: 2 primitive atoms, 64 supercell atoms
INFO mlfcs.interactions.space: Resolving the interaction cutoff
INFO mlfcs.interactions.space: Cutoff radius: 5.4000000000 Å
INFO mlfcs.interactions.space: Analyzing crystal symmetries
INFO mlfcs.interactions.space: Space group Fd-3m
INFO mlfcs.interactions.space: 48 symmetry operations
INFO mlfcs.interactions.space: Creating reference supercell with matrix [[-2, 2, 2], [2, -2, 2], [2, 2, -2]]
INFO mlfcs.interactions.space: 2 primitive atoms, 64 supercell atoms
INFO mlfcs.interactions.space: Resolving the interaction cutoff
INFO mlfcs.interactions.space: Cutoff radius: 4.6000000000 Å
INFO mlfcs.interactions.space: Analyzing crystal symmetries
INFO mlfcs.interactions.space: Space group Fd-3m
INFO mlfcs.interactions.space: 48 symmetry operations
INFO mlfcs.interactions.space: Finding symmetry-inequivalent order-2 interaction clusters
INFO mlfcs.interactions.space: 4 cluster equivalence classes
INFO mlfcs.interactions.space: 11 independent tensor parameters
INFO mlfcs.interactions.space: Maximum body order: 2
INFO mlfcs.fitting.fitter: - FC2: 4 orbits, 11 physical parameters
INFO mlfcs.interactions.space: Finding symmetry-inequivalent order-3 interaction clusters
INFO mlfcs.interactions.space: 10 cluster equivalence classes
INFO mlfcs.interactions.space: 95 independent tensor parameters
INFO mlfcs.interactions.space: Maximum body order: 3
INFO mlfcs.fitting.fitter: - FC3: 10 orbits, 95 physical parameters
INFO mlfcs.interactions.space: Finding symmetry-inequivalent order-4 interaction clusters
INFO mlfcs.interactions.space: 18 cluster equivalence classes
INFO mlfcs.interactions.space: 468 independent tensor parameters
INFO mlfcs.interactions.space: Maximum body order: 3
INFO mlfcs.fitting.fitter: - FC4: 18 orbits, 468 physical parameters
INFO mlfcs.fitting.fitter: - Joint physical parameter count: 574
INFO mlfcs.fitting.design_operator: - Compiled design plan: 3 orders, 32 orbits, 5326 image pairs, 114.4 MiB arrays
INFO mlfcs.fitting.gram.builder: Accumulating streamed Gram system: 574 x 574 (2.5 MiB) over 100 snapshots, backend=Numba design + OpenBLAS Gram
INFO mlfcs.fitting.gram.builder: - Gram structures: 1/100, elapsed=0.42 s
INFO mlfcs.fitting.gram.builder: - Gram structures: 20/100, elapsed=5.88 s
INFO mlfcs.fitting.gram.builder: - Gram structures: 40/100, elapsed=11.93 s
INFO mlfcs.fitting.gram.builder: - Gram structures: 60/100, elapsed=17.74 s
INFO mlfcs.fitting.gram.builder: - Gram structures: 80/100, elapsed=23.63 s
INFO mlfcs.fitting.gram.builder: - Gram structures: 100/100, elapsed=29.47 s
INFO mlfcs.fitting.gram.builder: - Streamed Gram system ready in 29.47 s
INFO mlfcs.fitting.gram.builder: - Gram phase timing: design=27.17 s, BLAS=2.30 s
INFO mlfcs.fitting.fitter: Column-norm preconditioning in physical coordinates
INFO mlfcs.fitting.fitter: - FC2 inverse column scale: 4.274445e-02 to 1.661393e-01
INFO mlfcs.fitting.fitter: - FC3 inverse column scale: 2.262382e-01 to 3.146263e+00
INFO mlfcs.fitting.fitter: - FC4 inverse column scale: 1.238346e+00 to 5.778428e+01
INFO mlfcs.fitting.fitter: Solving the unconstrained force-only least-squares problem
INFO mlfcs.fitting.fitter: - Equations: 19200, physical unknowns: 574
INFO mlfcs.fitting.fitter: - FC2 post-fit ASR drift: 1.9622696461e+00 -> 2.6645352591e-15, relative correction 8.0346050671e-03
INFO mlfcs.fitting.fitter: - FC3 post-fit ASR drift: 2.8824268297e-01 -> 1.5987211555e-14, relative correction 1.1769045825e-03
INFO mlfcs.fitting.fitter: - FC4 post-fit ASR drift: 1.2797804879e+01 -> 1.8588950431e-10, relative correction 1.5348442353e-02
INFO mlfcs.fitting.fitter: Force fitting summary
INFO mlfcs.fitting.fitter: - Unprojected training relative error: 4.228967 %
INFO mlfcs.fitting.fitter: - Training relative error: 5.705721 %
INFO mlfcs.fitting.fitter: - Training force RMSE: 3.9075143101e-02 eV/Å
INFO mlfcs.fitting.fitter: - FC2 force contribution RMS: 6.8041536297e-01 eV/Å
INFO mlfcs.fitting.fitter: - FC3 force contribution RMS: 1.0976548682e-01 eV/Å
INFO mlfcs.fitting.fitter: - FC4 force contribution RMS: 2.0873431372e-02 eV/Å
INFO mlfcs.fitting.fitter: - Solver iterations=237, stop_code=0
INFO mlfcs.fitting.fitter: Expanding post-processed Taylor parameters into sparse physical IFCs
INFO mlfcs.fitting.fitter: - Expanded 5326 sparse tensors in 0.14 s
INFO mlfcs.force_constants.realization: Export view cache miss; constructing new view
INFO mlfcs.force_constants.realization: Export view cache hit; reusing existing view
INFO mlfcs.force_constants.realization: Export view cache hit; reusing existing view
INFO mlfcs.force_constants.realization: Export view cache hit; reusing existing view
