/home/gwins/codespace/mlfcs-new/tutorial/phono3py_thermal_conductivity.py:50: PrimitiveMatrixAutoDefaultWarning: primitive_matrix defaulted to 'auto' and was resolved to a non-identity matrix:
  [ 0.00000,  0.25000,  0.25000]
  [ 0.25000,  0.00000,  0.25000]
  [ 0.25000,  0.25000, -0.00000]
This differs from phonopy v3, whose default was the identity matrix. Pass primitive_matrix='P' (or --pa P on the command line) to restore the v3 behaviour.
  ph3 = Phono3py(unitcell, np.eye(3, dtype=int), primitive_matrix="auto", log_level=1)
-------------------- Lattice thermal conductivity (RTA) --------------------
Running heat capacity calculations...
Running velocity calculations...
Running isotope scattering calculations with tetrahedron method...
======================= Grid point 0 (1/47) =======================
q-point: ( 0.00  0.00  0.00)
Mass variance parameters: 2.01e-04 2.01e-04 
Number of triplets: 47
Frequency     group velocity (x, y, z)     |gv|
  -0.000   (   0.000    0.000    0.000)    0.000
  -0.000   (   0.000    0.000    0.000)    0.000
  -0.000   (   0.000    0.000    0.000)    0.000
  14.903   (  -0.000    0.000    0.000)    0.000
  14.903   (   0.000    0.000   -0.000)    0.000
  14.903   (  -0.000    0.000    0.000)    0.000
======================= Grid point 1 (2/47) =======================
q-point: ( 0.10  0.00  0.00)
Mass variance parameters: 2.01e-04 2.01e-04 
Number of triplets: 110
Frequency     group velocity (x, y, z)     |gv|
   1.072   ( -18.908   18.908   18.908)   32.750
   1.072   ( -18.908   18.908   18.908)   32.750
   2.549   ( -45.630   45.630   45.630)   79.033
  14.789   (   4.152   -4.152   -4.152)    7.191
  14.843   (   2.112   -2.112   -2.112)    3.658
  14.843   (   2.112   -2.112   -2.112)    3.658
======================= Grid point 2 (3/47) =======================
q-point: ( 0.20  0.00  0.00)
Mass variance parameters: 2.01e-04 2.01e-04 
Number of triplets: 116
Frequency     group velocity (x, y, z)     |gv|
   2.060   ( -16.616   16.616   16.616)   28.780
   2.060   ( -16.616   16.616   16.616)   28.780
   5.011   ( -43.213   43.213   43.213)   74.847
  14.434   (   8.846   -8.846   -8.846)   15.321
  14.682   (   3.554   -3.554   -3.554)    6.155
  14.682   (   3.554   -3.554   -3.554)    6.155
======================= Grid point 3 (4/47) =======================
q-point: ( 0.30  0.00  0.00)
Mass variance parameters: 2.01e-04 2.01e-04 
Number of triplets: 110
Frequency     group velocity (x, y, z)     |gv|
   2.876   ( -12.612   12.612   12.612)   21.845
   2.876   ( -12.612   12.612   12.612)   21.845
   7.288   ( -38.855   38.855   38.855)   67.298
  13.802   (  14.079  -14.079  -14.079)   24.385
  14.473   (   3.745   -3.745   -3.745)    6.487
  14.473   (   3.745   -3.745   -3.745)    6.487
======================= Grid point 4 (5/47) =======================
q-point: ( 0.40  0.00  0.00)
Mass variance parameters: 2.01e-04 2.01e-04 
Number of triplets: 116
Frequency     group velocity (x, y, z)     |gv|
   3.422   (  -6.892    6.892    6.892)   11.938
   3.422   (  -6.892    6.892    6.892)   11.938
   9.242   ( -30.899   30.899   30.899)   53.519
  12.899   (  17.882  -17.882  -17.882)   30.973
  14.296   (   2.425   -2.425   -2.425)    4.200
  14.296   (   2.425   -2.425   -2.425)    4.200
======================= Grid point 5 (6/47) =======================
q-point: (-0.50  0.00  0.00)
Mass variance parameters: 2.01e-04 2.01e-04 
Number of triplets: 58
Frequency     group velocity (x, y, z)     |gv|
   3.615   (  -0.000    0.000    0.000)    0.000
   3.615   (   0.000   -0.000   -0.000)    0.000
  10.322   (   0.000   -0.000   -0.000)    0.000
  12.182   (  -0.000    0.000    0.000)    0.000
  14.226   (   0.000   -0.000   -0.000)    0.000
  14.226   (  -0.000    0.000    0.000)    0.000
======================= Grid point 12 (7/47) =======================
q-point: ( 0.10  0.10  0.00)
Mass variance parameters: 2.01e-04 2.01e-04 
Number of triplets: 99
Frequency     group velocity (x, y, z)     |gv|
   1.334   (   0.000    0.000   35.249)   35.249
   1.334   (   0.000    0.000   35.249)   35.249
   2.849   (   0.000    0.000   76.133)   76.133
  14.791   (  -0.000   -0.000   -5.900)    5.900
  14.791   (  -0.000   -0.000   -5.900)    5.900
  14.817   (  -0.000   -0.000   -4.786)    4.786
======================= Grid point 13 (8/47) =======================
q-point: ( 0.20  0.10  0.00)
Mass variance parameters: 2.01e-04 2.01e-04 
Number of triplets: 275
Frequency     group velocity (x, y, z)     |gv|
   2.108   (  -7.241    7.241   29.984)   31.685
   2.175   (  -8.354    8.354   35.199)   37.129
   4.671   ( -23.618   23.618   62.973)   71.283
  14.527   (   5.885   -5.885  -10.071)   13.065
  14.637   (   1.229   -1.229   -7.917)    8.106
  14.710   (   0.936   -0.936   -5.846)    5.994
======================= Grid point 14 (9/47) =======================
q-point: ( 0.30  0.10  0.00)
Mass variance parameters: 2.01e-04 2.01e-04 
Number of triplets: 280
Frequency     group velocity (x, y, z)     |gv|
   2.878   (  -7.379    7.379   22.795)   25.070
   3.107   (  -4.792    4.792   37.276)   37.888
   6.718   ( -31.240   31.240   47.080)   64.563
  13.981   (  11.005  -11.005  -15.727)   22.126
  14.431   (   1.511   -1.511   -8.196)    8.470
  14.544   (   2.317   -2.317   -5.073)    6.039
======================= Grid point 15 (10/47) =======================
q-point: ( 0.40  0.10  0.00)
Mass variance parameters: 2.01e-04 2.01e-04 
Number of triplets: 275
Frequency     group velocity (x, y, z)     |gv|
   3.444   (  -4.112    4.112   14.643)   15.755
   3.840   (   2.997   -2.997   37.602)   37.841
   8.631   ( -31.704   31.704   32.628)   55.451
  13.144   (  15.484  -15.484  -21.253)   30.516
  14.252   (   0.597   -0.597   -6.362)    6.418
  14.375   (   2.627   -2.627   -2.846)    4.681
======================= Grid point 16 (11/47) =======================
q-point: ( 0.50  0.10  0.00)
Mass variance parameters: 2.01e-04 2.01e-04 
Number of triplets: 280
Frequency     group velocity (x, y, z)     |gv|
   3.693   (   1.115   -1.115    5.946)    6.151
   4.240   (  11.847  -11.847   35.015)   38.817
  10.065   ( -17.806   17.806   10.535)   27.296
  12.212   (   9.790   -9.790  -16.323)   21.404
  14.175   (  -1.246    1.246   -2.968)    3.452
  14.265   (   1.611   -1.611   -0.160)    2.284
======================= Grid point 17 (12/47) =======================
q-point: (-0.40  0.10  0.00)
Mass variance parameters: 2.01e-04 2.01e-04 
Number of triplets: 275
Frequency     group velocity (x, y, z)     |gv|
   3.578   (   7.060   -7.060   -1.750)   10.137
   4.245   (  20.554  -20.554   30.264)   41.963
   9.681   (  22.559  -22.559  -29.170)   43.228
  12.464   ( -19.635   19.635   10.548)   29.704
  14.236   (  -3.188    3.188    0.440)    4.530
  14.259   (  -0.564    0.564    1.576)    1.766
======================= Grid point 18 (13/47) =======================
q-point: (-0.30  0.10  0.00)
Mass variance parameters: 2.01e-04 2.01e-04 
Number of triplets: 280
Frequency     group velocity (x, y, z)     |gv|
   3.130   (  12.680  -12.680   -6.598)   19.107
   3.847   (  27.799  -27.799   23.637)   45.872
   7.982   (  34.608  -34.608  -34.491)   59.875
  13.415   ( -19.190   19.190    9.562)   28.774
  14.358   (  -3.041    3.041    1.631)    4.600
  14.406   (  -4.341    4.341    2.297)    6.555
======================= Grid point 19 (14/47) =======================
q-point: (-0.20  0.10  0.00)
Mass variance parameters: 2.01e-04 2.01e-04 
Number of triplets: 275
Frequency     group velocity (x, y, z)     |gv|
   2.439   (  17.465  -17.465   -7.024)   25.679
   3.088   (  31.778  -31.778   13.695)   46.982
   5.982   (  42.495  -42.495  -26.132)   65.532
  14.161   ( -13.739   13.739    5.189)   20.111
  14.525   (  -4.663    4.663    0.542)    6.617
  14.612   (  -4.330    4.330    2.023)    6.450
======================= Grid point 20 (15/47) =======================
q-point: (-0.10  0.10  0.00)
Mass variance parameters: 2.01e-04 2.01e-04 
Number of triplets: 170
Frequency     group velocity (x, y, z)     |gv|
   1.645   (  20.920  -20.920    0.000)   29.585
   2.045   (  30.822  -30.822    0.000)   43.589
   3.998   (  50.117  -50.117    0.000)   70.875
  14.616   (  -8.315    8.315    0.000)   11.759
  14.704   (  -4.635    4.635    0.000)    6.555
  14.776   (  -3.308    3.308    0.000)    4.678
======================= Grid point 23 (16/47) =======================
q-point: ( 0.20  0.20  0.00)
Mass variance parameters: 2.01e-04 2.01e-04 
Number of triplets: 102
Frequency     group velocity (x, y, z)     |gv|
   2.559   (   0.000    0.000   30.785)   30.785
   2.559   (   0.000    0.000   30.785)   30.785
   5.564   (   0.000    0.000   70.786)   70.786
  14.491   (  -0.000   -0.000   -9.930)    9.930
  14.491   (  -0.000   -0.000   -9.930)    9.930
  14.534   (  -0.000   -0.000  -10.848)   10.848
======================= Grid point 24 (17/47) =======================
q-point: ( 0.30  0.20  0.00)
Mass variance parameters: 2.01e-04 2.01e-04 
Number of triplets: 275
Frequency     group velocity (x, y, z)     |gv|
   3.149   (  -2.755    2.755   25.664)   25.958
   3.405   ( -13.485   13.485   30.386)   35.875
   6.978   (  -8.870    8.870   60.951)   62.229
  14.049   (   8.670   -8.670  -15.954)   20.121
  14.293   (   0.363   -0.363  -10.210)   10.223
  14.425   (  -1.863    1.863   -9.258)    9.626
======================= Grid point 25 (18/47) =======================
q-point: ( 0.40  0.20  0.00)
Mass variance parameters: 2.01e-04 2.01e-04 
Number of triplets: 282
Frequency     group velocity (x, y, z)     |gv|
   3.645   (  -1.660    1.660   18.020)   18.172
   4.486   ( -10.263   10.263   34.981)   37.873
   8.389   ( -15.235   15.235   43.130)   48.212
  13.281   (  13.769  -13.769  -22.126)   29.474
  14.116   (  -0.412    0.412   -8.385)    8.405
  14.332   (  -0.944    0.944   -6.034)    6.180
======================= Grid point 26 (19/47) =======================
q-point: ( 0.50  0.20  0.00)
Mass variance parameters: 2.01e-04 2.01e-04 
Number of triplets: 275
Frequency     group velocity (x, y, z)     |gv|
   3.899   (   1.975   -1.975    9.654)   10.050
   5.324   (   3.075   -3.075   39.474)   39.713
   9.618   ( -17.169   17.169   20.239)   31.609
  12.293   (  14.285  -14.285  -23.579)   31.050
  14.036   (  -2.111    2.111   -5.002)    5.825
  14.281   (  -0.345    0.345   -2.059)    2.116
======================= Grid point 27 (20/47) =======================
q-point: (-0.40  0.20  0.00)
Mass variance parameters: 2.01e-04 2.01e-04 
Number of triplets: 282
Frequency     group velocity (x, y, z)     |gv|
   3.849   (   6.777   -6.777    2.601)    9.930
   5.668   (  17.280  -17.280   37.947)   45.135
   9.845   (  11.829  -11.829  -19.409)   25.624
  11.927   ( -13.061   13.061   -0.102)   18.471
  14.089   (  -3.968    3.968   -1.593)    5.834
  14.279   (  -0.161    0.161    0.693)    0.729
======================= Grid point 28 (21/47) =======================
q-point: (-0.30  0.20  0.00)
Mass variance parameters: 2.01e-04 2.01e-04 
Number of triplets: 275
Frequency     group velocity (x, y, z)     |gv|
   3.517   (  11.541  -11.541   -1.096)   16.359
   5.423   (  28.392  -28.392   25.764)   47.707
   8.573   (  27.925  -27.925  -24.191)   46.312
  12.750   ( -23.072   23.072    4.106)   32.886
  14.251   (  -5.133    5.133    0.270)    7.264
  14.316   (  -0.954    0.954    1.071)    1.723
======================= Grid point 29 (22/47) =======================
q-point: (-0.20  0.20  0.00)
Mass variance parameters: 2.01e-04 2.01e-04 
Number of triplets: 171
Frequency     group velocity (x, y, z)     |gv|
   2.998   (  15.450  -15.450    0.000)   21.849
   4.500   (  34.038  -34.038    0.000)   48.137
   7.161   (  35.200  -35.200    0.000)   49.780
  13.591   ( -19.644   19.644    0.000)   27.780
  14.393   (  -2.769    2.769    0.000)    3.916
  14.450   (  -5.217    5.217    0.000)    7.378
======================= Grid point 34 (23/47) =======================
q-point: ( 0.30  0.30  0.00)
Mass variance parameters: 2.01e-04 2.01e-04 
Number of triplets: 99
Frequency     group velocity (x, y, z)     |gv|
   3.564   (   0.000    0.000   23.239)   23.239
   3.564   (   0.000    0.000   23.239)   23.239
   8.025   (   0.000    0.000   62.447)   62.447
  13.993   (  -0.000   -0.000  -18.936)   18.936
  14.103   (  -0.000   -0.000  -10.489)   10.489
  14.103   (  -0.000   -0.000  -10.489)   10.489
======================= Grid point 35 (24/47) =======================
q-point: ( 0.40  0.30  0.00)
Mass variance parameters: 2.01e-04 2.01e-04 
Number of triplets: 275
Frequency     group velocity (x, y, z)     |gv|
   3.949   (  -0.030    0.030   17.224)   17.224
   4.354   ( -19.355   19.355   20.545)   34.225
   9.095   (   1.086   -1.086   53.447)   53.469
  13.334   (  11.291  -11.291  -23.308)   28.253
  13.933   (  -0.688    0.688   -8.663)    8.717
  14.074   (  -5.165    5.165   -8.980)   11.576
======================= Grid point 36 (25/47) =======================
q-point: ( 0.50  0.30  0.00)
Mass variance parameters: 2.01e-04 2.01e-04 
Number of triplets: 280
Frequency     group velocity (x, y, z)     |gv|
   4.163   (   2.191   -2.191    9.745)   10.226
   5.543   ( -21.427   21.427   20.900)   36.811
   9.870   (   2.534   -2.534   36.999)   37.172
  12.368   (  14.567  -14.567  -27.068)   34.015
  13.855   (  -2.241    2.241   -5.278)    6.156
  14.133   (  -4.563    4.563   -4.294)    7.751
======================= Grid point 37 (26/47) =======================
q-point: (-0.40  0.30  0.00)
Mass variance parameters: 2.01e-04 2.01e-04 
Number of triplets: 275
Frequency     group velocity (x, y, z)     |gv|
   4.139   (   5.553   -5.553    3.267)    8.506
   6.483   (  -6.661    6.661   19.230)   21.414
  10.088   (  12.773  -12.773    5.417)   18.858
  11.582   (   0.249   -0.249  -11.805)   11.810
  13.905   (  -3.953    3.953   -1.867)    5.894
  14.230   (  -2.824    2.824   -0.697)    4.054
======================= Grid point 39 (27/47) =======================
q-point: (-0.30  0.30  0.00)
Mass variance parameters: 2.01e-04 2.01e-04 
Number of triplets: 170
Frequency     group velocity (x, y, z)     |gv|
   3.895   (   8.929   -8.929    0.000)   12.627
   6.539   (  15.259  -15.259    0.000)   21.580
   9.287   (  24.194  -24.194    0.000)   34.216
  11.961   ( -19.838   19.838    0.000)   28.055
  14.060   (  -5.037    5.037    0.000)    7.123
  14.296   (  -1.017    1.017    0.000)    1.438
======================= Grid point 46 (28/47) =======================
q-point: ( 0.40  0.40  0.00)
Mass variance parameters: 2.01e-04 2.01e-04 
Number of triplets: 102
Frequency     group velocity (x, y, z)     |gv|
   4.234   (   0.000    0.000   12.682)   12.682
   4.234   (   0.000    0.000   12.682)   12.682
  10.137   (   0.000    0.000   51.953)   51.953
  13.115   (  -0.000   -0.000  -29.025)   29.025
  13.771   (  -0.000   -0.000   -6.821)    6.821
  13.771   (  -0.000   -0.000   -6.821)    6.821
======================= Grid point 47 (29/47) =======================
q-point: ( 0.50  0.40  0.00)
Mass variance parameters: 2.01e-04 2.01e-04 
Number of triplets: 275
Frequency     group velocity (x, y, z)     |gv|
   4.385   (   1.466   -1.466    6.095)    6.438
   4.876   ( -22.872   22.872    7.338)   33.167
  10.883   (   8.061   -8.061   43.282)   44.758
  12.305   (  10.594  -10.594  -32.706)   35.974
  13.701   (  -1.458    1.458   -3.419)    3.993
  13.827   (  -6.728    6.728   -3.726)   10.218
======================= Grid point 48 (30/47) =======================
q-point: (-0.40 -0.60  0.00)
Mass variance parameters: 2.01e-04 2.01e-04 
Number of triplets: 171
Frequency     group velocity (x, y, z)     |gv|
   4.345   (   3.617   -3.617    0.000)    5.115
   5.940   ( -27.003   27.003    0.000)   38.188
  10.910   (  19.833  -19.833    0.000)   28.047
  11.507   (   5.525   -5.525    0.000)    7.813
  13.754   (  -3.016    3.016    0.000)    4.266
  14.049   (  -6.231    6.231    0.000)    8.812
======================= Grid point 60 (31/47) =======================
q-point: (-0.50 -0.50  0.00)
Mass variance parameters: 2.01e-04 2.01e-04 
Number of triplets: 63
Frequency     group velocity (x, y, z)     |gv|
   4.471   (  -0.000   -0.000   -0.000)    0.000
   4.471   (  -0.000   -0.000   -0.000)    0.000
  11.839   (  -0.000   -0.000  -40.404)   40.404
  11.839   (   0.000    0.000   40.404)   40.404
  13.640   (   0.000   -0.000    0.000)    0.000
  13.640   (   0.000    0.000    0.000)    0.000
======================= Grid point 132 (32/47) =======================
q-point: ( 0.30  0.20  0.10)
Mass variance parameters: 2.01e-04 2.01e-04 
Number of triplets: 275
Frequency     group velocity (x, y, z)     |gv|
   2.632   (   0.000    4.942   29.200)   29.615
   3.231   (   0.000   31.355   31.173)   44.214
   6.035   (   0.000   23.893   57.493)   62.260
  14.190   (  -0.000  -12.566  -14.712)   19.348
  14.467   (  -0.000   -1.309   -7.836)    7.945
  14.577   (  -0.000   -1.261   -7.309)    7.417
======================= Grid point 133 (33/47) =======================
q-point: ( 0.40  0.20  0.10)
Mass variance parameters: 2.01e-04 2.01e-04 
Number of triplets: 500
Frequency     group velocity (x, y, z)     |gv|
   3.261   (  -3.199    3.815   24.715)   25.212
   4.286   (  12.810   30.625   31.239)   45.584
   7.594   ( -19.506   23.384   43.584)   53.168
  13.531   (   5.207  -18.420  -20.230)   27.851
  14.306   (   1.961    0.540   -6.973)    7.264
  14.415   (  -0.346   -2.560   -5.984)    6.518
======================= Grid point 134 (34/47) =======================
q-point: ( 0.50  0.20  0.10)
Mass variance parameters: 2.01e-04 2.01e-04 
Number of triplets: 500
Frequency     group velocity (x, y, z)     |gv|
   3.736   (   0.994    1.726   17.812)   17.923
   4.975   (  24.021   17.357   31.828)   43.489
   9.136   ( -27.278   22.939   26.923)   44.667
  12.614   (   8.839  -20.793  -23.473)   32.580
  14.168   (   1.162    0.981   -5.819)    6.014
  14.300   (  -0.138   -1.923   -2.316)    3.013
======================= Grid point 135 (35/47) =======================
q-point: (-0.40  0.20  0.10)
Mass variance parameters: 2.01e-04 2.01e-04 
Number of triplets: 255
Frequency     group velocity (x, y, z)     |gv|
   3.911   (   9.082   -0.000    9.082)   12.844
   5.207   (  29.821    0.000   29.821)   42.174
  10.048   (  -5.346    0.000   -5.346)    7.561
  11.928   (  -6.137    0.000   -6.137)    8.679
  14.109   (  -2.541   -0.000   -2.541)    3.593
  14.262   (  -0.108    0.000   -0.108)    0.153
======================= Grid point 144 (36/47) =======================
q-point: ( 0.40  0.30  0.10)
Mass variance parameters: 2.01e-04 2.01e-04 
Number of triplets: 280
Frequency     group velocity (x, y, z)     |gv|
   3.662   (   0.000    3.904   25.719)   26.014
   4.236   (   0.000   32.102   22.426)   39.160
   8.105   (   0.000    5.347   53.893)   54.157
  13.539   (  -0.000  -17.539  -20.621)   27.071
  14.159   (  -0.000    2.742   -8.359)    8.798
  14.262   (  -0.000    1.941   -9.293)    9.493
======================= Grid point 145 (37/47) =======================
q-point: ( 0.50  0.30  0.10)
Mass variance parameters: 2.01e-04 2.01e-04 
Number of triplets: 500
Frequency     group velocity (x, y, z)     |gv|
   4.124   (   7.643    5.447   20.706)   22.734
   5.272   (  -4.676   27.637   21.121)   35.097
   9.129   (  -7.205    5.178   39.308)   40.297
  12.693   (   5.788  -21.307  -25.022)   33.371
  14.045   (   2.902    3.684   -6.597)    8.094
  14.199   (  -3.896    1.385   -5.350)    6.762
======================= Grid point 146 (38/47) =======================
q-point: ( 0.60  0.30  0.10)
Mass variance parameters: 2.01e-04 2.01e-04 
Number of triplets: 500
Frequency     group velocity (x, y, z)     |gv|
   4.304   (  16.585    5.607   11.708)   21.061
   6.047   (   1.839    5.381   23.927)   24.593
   9.907   (  -4.828    3.795   14.439)   15.691
  11.788   (   2.807  -12.468  -19.331)   23.173
  13.990   (  -0.559    3.281   -3.447)    4.792
  14.221   (  -3.064    0.478   -1.788)    3.579
======================= Grid point 147 (39/47) =======================
q-point: (-0.30  0.30  0.10)
Mass variance parameters: 2.01e-04 2.01e-04 
Number of triplets: 500
Frequency     group velocity (x, y, z)     |gv|
   4.158   (  22.590    2.941    3.658)   23.073
   6.199   (  11.687  -19.759   18.832)   29.692
   9.539   (  23.471  -15.550  -13.906)   31.402
  11.920   ( -20.735   17.929    1.777)   27.469
  14.062   (  -4.208    3.198   -0.260)    5.291
  14.248   (  -2.882   -1.427   -0.470)    3.250
======================= Grid point 148 (40/47) =======================
q-point: (-0.20  0.30  0.10)
Mass variance parameters: 2.01e-04 2.01e-04 
Number of triplets: 275
Frequency     group velocity (x, y, z)     |gv|
   3.756   (  24.879   -1.299   -0.000)   24.913
   5.553   (  21.270  -35.030    0.000)   40.982
   8.505   (  36.529  -16.794   -0.000)   40.205
  12.779   ( -23.861   22.848    0.000)   33.036
  14.228   (  -6.289    3.331    0.000)    7.116
  14.265   (  -4.099   -2.366    0.000)    4.732
======================= Grid point 155 (41/47) =======================
q-point: ( 0.50  0.40  0.10)
Mass variance parameters: 2.01e-04 2.01e-04 
Number of triplets: 275
Frequency     group velocity (x, y, z)     |gv|
   4.470   (   0.000   10.413   17.491)   20.356
   4.828   (   0.000   28.558    9.240)   30.016
   9.953   (   0.000   -7.896   46.048)   46.720
  12.657   (  -0.000  -19.892  -27.666)   34.075
  13.895   (  -0.000    5.760   -5.399)    7.895
  13.947   (  -0.000    5.172   -6.932)    8.649
======================= Grid point 156 (42/47) =======================
q-point: ( 0.60  0.40  0.10)
Mass variance parameters: 2.01e-04 2.01e-04 
Number of triplets: 500
Frequency     group velocity (x, y, z)     |gv|
   4.685   (  22.599   13.799    8.457)   27.796
   5.793   ( -26.171   22.358    7.026)   35.130
  10.462   (   6.506  -11.326   32.210)   34.758
  11.711   (   3.103  -18.013  -27.445)   32.975
  13.865   (   2.493    5.414   -2.696)    6.542
  14.051   (  -6.191    4.285   -2.277)    7.866
======================= Grid point 157 (43/47) =======================
q-point: (-0.30  0.40  0.10)
Mass variance parameters: 2.01e-04 2.01e-04 
Number of triplets: 275
Frequency     group velocity (x, y, z)     |gv|
   4.529   (  25.243    9.694   -0.000)   27.040
   6.531   ( -15.309    0.903    0.000)   15.335
  10.177   (  22.878  -17.594   -0.000)   28.860
  11.387   ( -12.239    3.641    0.000)   12.769
  13.926   (  -1.271    4.812   -0.000)    4.977
  14.185   (  -4.757    0.751    0.000)    4.816
======================= Grid point 166 (44/47) =======================
q-point: (-0.40 -0.50  0.10)
Mass variance parameters: 2.01e-04 2.01e-04 
Number of triplets: 155
Frequency     group velocity (x, y, z)     |gv|
   4.900   (   0.000   20.209   -2.794)   20.402
   4.900   (   0.000   20.209    2.794)   20.402
  11.477   (  -0.000  -16.556  -36.513)   40.091
  11.477   (   0.000  -16.556   36.513)   40.091
  13.801   (   0.000    6.593   -0.227)    6.597
  13.801   (   0.000    6.593    0.227)    6.597
======================= Grid point 262 (45/47) =======================
q-point: ( 0.60  0.40  0.20)
Mass variance parameters: 2.01e-04 2.01e-04 
Number of triplets: 282
Frequency     group velocity (x, y, z)     |gv|
   4.740   (  -0.000    1.134   27.029)   27.053
   5.967   (   0.000   28.040    0.529)   28.045
   9.789   (   0.000    2.057   32.715)   32.780
  11.870   (  -0.000  -20.272  -25.288)   32.411
  14.035   (   0.000   -0.542   -3.549)    3.590
  14.106   (  -0.000    4.646   -4.161)    6.237
======================= Grid point 263 (46/47) =======================
q-point: (-0.30  0.40  0.20)
Mass variance parameters: 2.01e-04 2.01e-04 
Number of triplets: 255
Frequency     group velocity (x, y, z)     |gv|
   5.019   (  19.665   -0.000   19.665)   27.811
   6.242   (  -6.688   -0.000   -6.688)    9.458
  10.243   (  13.244    0.000   13.244)   18.730
  11.299   ( -11.680    0.000  -11.680)   16.519
  13.984   (  -0.059   -0.000   -0.059)    0.084
  14.124   (  -3.075    0.000   -3.075)    4.349
======================= Grid point 274 (47/47) =======================
q-point: (-0.30 -0.50  0.20)
Mass variance parameters: 2.01e-04 2.01e-04 
Number of triplets: 155
Frequency     group velocity (x, y, z)     |gv|
   5.614   (  -0.000   13.311  -16.129)   20.912
   5.614   (   0.000   13.311   16.129)   20.912
  10.901   (  -0.000  -10.710  -27.341)   29.364
  10.901   (   0.000  -10.710   27.341)   29.364
  13.995   (   0.000    3.003   -0.886)    3.131
  13.995   (   0.000    3.003    0.886)    3.131
=================== End of collection of collisions ===================
----------- Thermal conductivity (W/m-k) with tetrahedron method -----------
#  T(K)        xx         yy         zz         yz         xz         xy
  300.0      97.558     97.558     97.558     -0.000      0.000      0.000

Thermal conductivity related properties were written into 
"kappa-m101010.m101010.hdf5".
