INFO mlfcs.fitting.fitter: Preparing physical FC2+FC3 fitting parameterization
INFO mlfcs.interactions.space: Creating reference supercell with matrix [[2, 0, 0], [0, 2, 0], [0, 0, 2]]
INFO mlfcs.interactions.space: 54 primitive atoms, 432 supercell atoms
INFO mlfcs.interactions.space: Resolving the interaction cutoff
INFO mlfcs.interactions.space: Cutoff radius: 5.4000000000 Å
INFO mlfcs.interactions.space: Analyzing crystal symmetries
INFO mlfcs.interactions.space: Space group R3
INFO mlfcs.interactions.space: 3 symmetry operations
INFO mlfcs.interactions.space: Creating reference supercell with matrix [[2, 0, 0], [0, 2, 0], [0, 0, 2]]
INFO mlfcs.interactions.space: 54 primitive atoms, 432 supercell atoms
INFO mlfcs.interactions.space: Resolving the interaction cutoff
INFO mlfcs.interactions.space: Cutoff radius: 4.3500000000 Å
INFO mlfcs.interactions.space: Analyzing crystal symmetries
INFO mlfcs.interactions.space: Space group R3
INFO mlfcs.interactions.space: 3 symmetry operations
INFO mlfcs.interactions.space: Finding symmetry-inequivalent order-2 interaction clusters
INFO mlfcs.interactions.space: 215 cluster equivalence classes
INFO mlfcs.interactions.space: 1809 independent tensor parameters
INFO mlfcs.interactions.space: Maximum body order: 2
INFO mlfcs.fitting.fitter: - FC2: 215 orbits, 1809 physical parameters
INFO mlfcs.interactions.space: Finding symmetry-inequivalent order-3 interaction clusters
INFO mlfcs.interactions.space: 382 cluster equivalence classes
INFO mlfcs.interactions.space: 6520 independent tensor parameters
INFO mlfcs.interactions.space: Maximum body order: 2
INFO mlfcs.fitting.fitter: - FC3: 382 orbits, 6520 physical parameters
INFO mlfcs.fitting.fitter: - Joint physical parameter count: 8329
INFO mlfcs.fitting.design_operator: - Compiled design plan: 2 orders, 597 orbits, 4410 image pairs, 12.9 MiB arrays
INFO mlfcs.fitting.gram.builder: Accumulating streamed Gram system: 8329 x 8329 (529.3 MiB) over 101 snapshots, backend=Numba design + OpenBLAS Gram
INFO mlfcs.fitting.gram.builder: - Gram structures: 1/101, elapsed=0.64 s
INFO mlfcs.fitting.gram.builder: - Gram structures: 20/101, elapsed=8.33 s
INFO mlfcs.fitting.gram.builder: - Gram structures: 40/101, elapsed=16.86 s
INFO mlfcs.fitting.gram.builder: - Gram structures: 60/101, elapsed=25.26 s
INFO mlfcs.fitting.gram.builder: - Gram structures: 80/101, elapsed=33.60 s
INFO mlfcs.fitting.gram.builder: - Gram structures: 100/101, elapsed=42.48 s
INFO mlfcs.fitting.gram.builder: - Gram structures: 101/101, elapsed=42.95 s
INFO mlfcs.fitting.gram.builder: - Streamed Gram system ready in 44.15 s
INFO mlfcs.fitting.gram.builder: - Gram phase timing: design=7.11 s, BLAS=35.83 s
INFO mlfcs.fitting.fitter: Column-norm preconditioning in physical coordinates
INFO mlfcs.fitting.fitter: - FC2 inverse column scale: 5.921125e-02 to 2.472278e-01
INFO mlfcs.fitting.fitter: - FC3 inverse column scale: 3.102098e-01 to 2.543256e+00
INFO mlfcs.fitting.fitter: Solving the unconstrained force-only least-squares problem
INFO mlfcs.fitting.fitter: - Equations: 130896, physical unknowns: 8329
INFO mlfcs.fitting.fitter: - FC2 post-fit ASR drift: 6.3635532603e-02 -> 1.0335343692e-12, relative correction 7.9004950259e-04
INFO mlfcs.fitting.fitter: - FC3 post-fit ASR drift: 3.6379664899e-01 -> 2.2018976106e-11, relative correction 1.1227252808e-02
INFO mlfcs.fitting.fitter: Force fitting summary
INFO mlfcs.fitting.fitter: - Unprojected training relative error: 4.939508 %
INFO mlfcs.fitting.fitter: - Training relative error: 5.298319 %
INFO mlfcs.fitting.fitter: - Training force RMSE: 2.2456469706e-02 eV/Å
INFO mlfcs.fitting.fitter: - FC2 force contribution RMS: 4.3260414415e-01 eV/Å
INFO mlfcs.fitting.fitter: - FC3 force contribution RMS: 8.9030262397e-02 eV/Å
INFO mlfcs.fitting.fitter: - Solver iterations=346, stop_code=0
INFO mlfcs.fitting.fitter: Expanding post-processed Taylor parameters into sparse physical IFCs
INFO mlfcs.fitting.fitter: - Expanded 4410 sparse tensors in 0.12 s
INFO mlfcs.force_constants.realization: Export view cache miss; constructing new view
INFO mlfcs.force_constants.realization: Export view cache hit; reusing existing view
INFO mlfcs.force_constants.realization: Export view cache hit; reusing existing view
INFO mlfcs.force_constants.realization: Export view cache hit; reusing existing view
T=300 K: wrote effective FC2+FC3 to /home/gwins/codespace/mlfcs-new/tutorial/Ba8Ga16Ge30/T300K
