INFO mlfcs.fitting.fitter: Preparing physical FC2+FC3 fitting parameterization
INFO mlfcs.interactions.space: Creating reference supercell with matrix [[2, 0, 0], [0, 2, 0], [0, 0, 2]]
INFO mlfcs.interactions.space: 54 primitive atoms, 432 supercell atoms
INFO mlfcs.interactions.space: Resolving the interaction cutoff
INFO mlfcs.interactions.space: Cutoff radius: 5.4000000000 Å
INFO mlfcs.interactions.space: Analyzing crystal symmetries
INFO mlfcs.interactions.space: Space group R3
INFO mlfcs.interactions.space: 3 symmetry operations
INFO mlfcs.interactions.space: Creating reference supercell with matrix [[2, 0, 0], [0, 2, 0], [0, 0, 2]]
INFO mlfcs.interactions.space: 54 primitive atoms, 432 supercell atoms
INFO mlfcs.interactions.space: Resolving the interaction cutoff
INFO mlfcs.interactions.space: Cutoff radius: 4.3500000000 Å
INFO mlfcs.interactions.space: Analyzing crystal symmetries
INFO mlfcs.interactions.space: Space group R3
INFO mlfcs.interactions.space: 3 symmetry operations
INFO mlfcs.interactions.space: Finding symmetry-inequivalent order-2 interaction clusters
INFO mlfcs.interactions.space: 215 cluster equivalence classes
INFO mlfcs.interactions.space: 1809 independent tensor parameters
INFO mlfcs.interactions.space: Maximum body order: 2
INFO mlfcs.fitting.fitter: - FC2: 215 orbits, 1809 physical parameters
INFO mlfcs.interactions.space: Finding symmetry-inequivalent order-3 interaction clusters
INFO mlfcs.interactions.space: 382 cluster equivalence classes
INFO mlfcs.interactions.space: 6520 independent tensor parameters
INFO mlfcs.interactions.space: Maximum body order: 2
INFO mlfcs.fitting.fitter: - FC3: 382 orbits, 6520 physical parameters
INFO mlfcs.fitting.fitter: - Joint physical parameter count: 8329
INFO mlfcs.fitting.design_operator: - Compiled design plan: 2 orders, 597 orbits, 4410 image pairs, 12.9 MiB arrays
INFO mlfcs.fitting.gram.builder: Accumulating streamed Gram system: 8329 x 8329 (529.3 MiB) over 101 snapshots, backend=Numba design + OpenBLAS Gram
INFO mlfcs.fitting.gram.builder: - Gram structures: 1/101, elapsed=0.56 s
INFO mlfcs.fitting.gram.builder: - Gram structures: 20/101, elapsed=8.53 s
INFO mlfcs.fitting.gram.builder: - Gram structures: 40/101, elapsed=16.97 s
INFO mlfcs.fitting.gram.builder: - Gram structures: 60/101, elapsed=25.52 s
INFO mlfcs.fitting.gram.builder: - Gram structures: 80/101, elapsed=33.91 s
INFO mlfcs.fitting.gram.builder: - Gram structures: 100/101, elapsed=42.25 s
INFO mlfcs.fitting.gram.builder: - Gram structures: 101/101, elapsed=42.67 s
INFO mlfcs.fitting.gram.builder: - Streamed Gram system ready in 43.79 s
INFO mlfcs.fitting.gram.builder: - Gram phase timing: design=7.19 s, BLAS=35.48 s
INFO mlfcs.fitting.fitter: Column-norm preconditioning in physical coordinates
INFO mlfcs.fitting.fitter: - FC2 inverse column scale: 3.708097e-02 to 1.471895e-01
INFO mlfcs.fitting.fitter: - FC3 inverse column scale: 1.073868e-01 to 5.503038e-01
INFO mlfcs.fitting.fitter: Solving the unconstrained force-only least-squares problem
INFO mlfcs.fitting.fitter: - Equations: 130896, physical unknowns: 8329
INFO mlfcs.fitting.fitter: - FC2 post-fit ASR drift: 4.8099138654e-02 -> 1.7982976219e-12, relative correction 7.0056238614e-04
INFO mlfcs.fitting.fitter: - FC3 post-fit ASR drift: 3.3858326922e-01 -> 3.0065914436e-11, relative correction 1.1844875913e-02
INFO mlfcs.fitting.fitter: Force fitting summary
INFO mlfcs.fitting.fitter: - Unprojected training relative error: 8.027677 %
INFO mlfcs.fitting.fitter: - Training relative error: 8.429685 %
INFO mlfcs.fitting.fitter: - Training force RMSE: 4.8160289582e-02 eV/Å
INFO mlfcs.fitting.fitter: - FC2 force contribution RMS: 5.9029479890e-01 eV/Å
INFO mlfcs.fitting.fitter: - FC3 force contribution RMS: 1.5932964725e-01 eV/Å
INFO mlfcs.fitting.fitter: - Solver iterations=638, stop_code=0
INFO mlfcs.fitting.fitter: Expanding post-processed Taylor parameters into sparse physical IFCs
INFO mlfcs.fitting.fitter: - Expanded 4410 sparse tensors in 0.11 s
INFO mlfcs.force_constants.realization: Export view cache miss; constructing new view
INFO mlfcs.force_constants.realization: Export view cache hit; reusing existing view
INFO mlfcs.force_constants.realization: Export view cache hit; reusing existing view
INFO mlfcs.force_constants.realization: Export view cache hit; reusing existing view
T=500 K: wrote effective FC2+FC3 to /home/gwins/codespace/mlfcs-new/tutorial/Ba8Ga16Ge30/T500K
