INFO mlfcs.fitting.fitter: Preparing physical FC2+FC3 fitting parameterization
INFO mlfcs.interactions.space: Creating reference supercell with matrix [[2, 0, 0], [0, 2, 0], [0, 0, 2]]
INFO mlfcs.interactions.space: 54 primitive atoms, 432 supercell atoms
INFO mlfcs.interactions.space: Resolving the interaction cutoff
INFO mlfcs.interactions.space: Cutoff radius: 5.4000000000 Å
INFO mlfcs.interactions.space: Analyzing crystal symmetries
INFO mlfcs.interactions.space: Space group R3
INFO mlfcs.interactions.space: 3 symmetry operations
INFO mlfcs.interactions.space: Creating reference supercell with matrix [[2, 0, 0], [0, 2, 0], [0, 0, 2]]
INFO mlfcs.interactions.space: 54 primitive atoms, 432 supercell atoms
INFO mlfcs.interactions.space: Resolving the interaction cutoff
INFO mlfcs.interactions.space: Cutoff radius: 4.3500000000 Å
INFO mlfcs.interactions.space: Analyzing crystal symmetries
INFO mlfcs.interactions.space: Space group R3
INFO mlfcs.interactions.space: 3 symmetry operations
INFO mlfcs.interactions.space: Finding symmetry-inequivalent order-2 interaction clusters
INFO mlfcs.interactions.space: 215 cluster equivalence classes
INFO mlfcs.interactions.space: 1809 independent tensor parameters
INFO mlfcs.interactions.space: Maximum body order: 2
INFO mlfcs.fitting.fitter: - FC2: 215 orbits, 1809 physical parameters
INFO mlfcs.interactions.space: Finding symmetry-inequivalent order-3 interaction clusters
INFO mlfcs.interactions.space: 382 cluster equivalence classes
INFO mlfcs.interactions.space: 6520 independent tensor parameters
INFO mlfcs.interactions.space: Maximum body order: 2
INFO mlfcs.fitting.fitter: - FC3: 382 orbits, 6520 physical parameters
INFO mlfcs.fitting.fitter: - Joint physical parameter count: 8329
INFO mlfcs.fitting.design_operator: - Compiled design plan: 2 orders, 597 orbits, 4410 image pairs, 12.9 MiB arrays
INFO mlfcs.fitting.gram.builder: Accumulating streamed Gram system: 8329 x 8329 (529.3 MiB) over 101 snapshots, backend=Numba design + OpenBLAS Gram
INFO mlfcs.fitting.gram.builder: - Gram structures: 1/101, elapsed=0.59 s
INFO mlfcs.fitting.gram.builder: - Gram structures: 20/101, elapsed=8.59 s
INFO mlfcs.fitting.gram.builder: - Gram structures: 40/101, elapsed=16.96 s
INFO mlfcs.fitting.gram.builder: - Gram structures: 60/101, elapsed=25.09 s
INFO mlfcs.fitting.gram.builder: - Gram structures: 80/101, elapsed=33.28 s
INFO mlfcs.fitting.gram.builder: - Gram structures: 100/101, elapsed=41.38 s
INFO mlfcs.fitting.gram.builder: - Gram structures: 101/101, elapsed=41.80 s
INFO mlfcs.fitting.gram.builder: - Streamed Gram system ready in 42.88 s
INFO mlfcs.fitting.gram.builder: - Gram phase timing: design=7.01 s, BLAS=34.78 s
INFO mlfcs.fitting.fitter: Column-norm preconditioning in physical coordinates
INFO mlfcs.fitting.fitter: - FC2 inverse column scale: 4.152761e-02 to 1.470178e-01
INFO mlfcs.fitting.fitter: - FC3 inverse column scale: 1.455471e-01 to 8.583573e-01
INFO mlfcs.fitting.fitter: Solving the unconstrained force-only least-squares problem
INFO mlfcs.fitting.fitter: - Equations: 130896, physical unknowns: 8329
INFO mlfcs.fitting.fitter: - FC2 post-fit ASR drift: 1.1691825957e-01 -> 6.5559321752e-12, relative correction 1.6765493325e-03
INFO mlfcs.fitting.fitter: - FC3 post-fit ASR drift: 4.3223362637e-01 -> 2.7423396887e-11, relative correction 1.4075915305e-02
INFO mlfcs.fitting.fitter: Force fitting summary
INFO mlfcs.fitting.fitter: - Unprojected training relative error: 9.838912 %
INFO mlfcs.fitting.fitter: - Training relative error: 10.514814 %
INFO mlfcs.fitting.fitter: - Training force RMSE: 6.5387532487e-02 eV/Å
INFO mlfcs.fitting.fitter: - FC2 force contribution RMS: 6.4834019332e-01 eV/Å
INFO mlfcs.fitting.fitter: - FC3 force contribution RMS: 1.9558044221e-01 eV/Å
INFO mlfcs.fitting.fitter: - Solver iterations=523, stop_code=0
INFO mlfcs.fitting.fitter: Expanding post-processed Taylor parameters into sparse physical IFCs
INFO mlfcs.fitting.fitter: - Expanded 4410 sparse tensors in 0.11 s
INFO mlfcs.force_constants.realization: Export view cache miss; constructing new view
INFO mlfcs.force_constants.realization: Export view cache hit; reusing existing view
INFO mlfcs.force_constants.realization: Export view cache hit; reusing existing view
INFO mlfcs.force_constants.realization: Export view cache hit; reusing existing view
T=600 K: wrote effective FC2+FC3 to /home/gwins/codespace/mlfcs-new/tutorial/Ba8Ga16Ge30/T600K
