INFO mlfcs.fitting.fitter: Preparing physical FC2+FC3+FC4 fitting parameterization
INFO mlfcs.interactions.space: Creating reference supercell with matrix [[2, 0, 0], [0, 4, 0], [0, 0, 4]]
INFO mlfcs.interactions.space: 8 primitive atoms, 256 supercell atoms
INFO mlfcs.interactions.space: Resolving the interaction cutoff
INFO mlfcs.interactions.space: Cutoff radius: 8.0000000000 Å
INFO mlfcs.interactions.space: Analyzing crystal symmetries
INFO mlfcs.interactions.space: Space group Pnma
INFO mlfcs.interactions.space: 8 symmetry operations
INFO mlfcs.interactions.space: Creating reference supercell with matrix [[2, 0, 0], [0, 4, 0], [0, 0, 4]]
INFO mlfcs.interactions.space: 8 primitive atoms, 256 supercell atoms
INFO mlfcs.interactions.space: Resolving the interaction cutoff
INFO mlfcs.interactions.space: Cutoff radius: 6.5000000000 Å
INFO mlfcs.interactions.space: Analyzing crystal symmetries
INFO mlfcs.interactions.space: Space group Pnma
INFO mlfcs.interactions.space: 8 symmetry operations
INFO mlfcs.interactions.space: Creating reference supercell with matrix [[2, 0, 0], [0, 4, 0], [0, 0, 4]]
INFO mlfcs.interactions.space: 8 primitive atoms, 256 supercell atoms
INFO mlfcs.interactions.space: Resolving the interaction cutoff
INFO mlfcs.interactions.space: Cutoff radius: 4.5000000000 Å
INFO mlfcs.interactions.space: Analyzing crystal symmetries
INFO mlfcs.interactions.space: Space group Pnma
INFO mlfcs.interactions.space: 8 symmetry operations
INFO mlfcs.interactions.space: Finding symmetry-inequivalent order-2 interaction clusters
INFO mlfcs.interactions.space: 55 cluster equivalence classes
INFO mlfcs.interactions.space: 400 independent tensor parameters
INFO mlfcs.interactions.space: Maximum body order: 2
INFO mlfcs.fitting.fitter: - FC2: 55 orbits, 400 physical parameters
INFO mlfcs.interactions.space: Finding symmetry-inequivalent order-3 interaction clusters
INFO mlfcs.interactions.space: 204 cluster equivalence classes
INFO mlfcs.interactions.space: 4354 independent tensor parameters
INFO mlfcs.interactions.space: Maximum body order: 3
INFO mlfcs.fitting.fitter: - FC3: 204 orbits, 4354 physical parameters
INFO mlfcs.interactions.space: Finding symmetry-inequivalent order-4 interaction clusters
